Component: ARM Compiler 5.05 update 1 (build 106) Tool: armlink [4d0efa]

==============================================================================

Section Cross References

    main.o(.text) refers to system_stm32f10x.o(.text) for SystemInit
    main.o(.text) refers to delay.o(.text) for delay_init
    main.o(.text) refers to misc.o(.text) for NVIC_PriorityGroupConfig
    main.o(.text) refers to key.o(.text) for key_init
    main.o(.text) refers to led.o(.text) for led_init
    main.o(.text) refers to stm32f10x_gpio.o(.text) for GPIO_ReadInputDataBit
    main.o(.text) refers to master.o(.text) for RS485_Init
    main.o(.text) refers to c89printf.o(.text) for __c89printf
    main.o(.text) refers to slave.o(.text) for RS485_Init1
    main.o(.text) refers to master.o(.bss) for RS485_RX_BUFF
    system_stm32f10x.o(.text) refers to system_stm32f10x.o(.data) for SystemCoreClock
    led.o(.text) refers to stm32f10x_rcc.o(.text) for RCC_APB2PeriphClockCmd
    led.o(.text) refers to stm32f10x_gpio.o(.text) for GPIO_Init
    key.o(.text) refers to stm32f10x_rcc.o(.text) for RCC_APB2PeriphClockCmd
    key.o(.text) refers to stm32f10x_gpio.o(.text) for GPIO_Init
    master.o(.text) refers to stm32f10x_rcc.o(.text) for RCC_APB1PeriphClockCmd
    master.o(.text) refers to stm32f10x_tim.o(.text) for TIM_TimeBaseInit
    master.o(.text) refers to misc.o(.text) for NVIC_Init
    master.o(.text) refers to stm32f10x_gpio.o(.text) for GPIO_Init
    master.o(.text) refers to stm32f10x_usart.o(.text) for USART_DeInit
    master.o(.text) refers to usart.o(.text) for uart_init
    master.o(.text) refers to master.o(.bss) for Master_WriteReg
    master.o(.text) refers to master.o(.constdata) for auchCRCHi
    master.o(.text) refers to master.o(.data) for RS485_Frame_Distance
    master.o(.text) refers to slave.o(.data) for RS485_RX_CNT1
    master.o(.text) refers to slave.o(.bss) for RS485_RX_BUFF1
    slave.o(.text) refers to stm32f10x_rcc.o(.text) for RCC_APB1PeriphClockCmd
    slave.o(.text) refers to stm32f10x_tim.o(.text) for TIM_TimeBaseInit
    slave.o(.text) refers to misc.o(.text) for NVIC_Init
    slave.o(.text) refers to stm32f10x_gpio.o(.text) for GPIO_Init
    slave.o(.text) refers to stm32f10x_usart.o(.text) for USART_DeInit
    slave.o(.text) refers to slave.o(.bss) for Modbus_InputIO
    slave.o(.text) refers to slave.o(.data) for test1Data1
    slave.o(.text) refers to slave.o(.constdata) for auchCRCHi1
    iic.o(.text) refers to stm32f10x_rcc.o(.text) for RCC_APB2PeriphClockCmd
    iic.o(.text) refers to stm32f10x_gpio.o(.text) for GPIO_Init
    iic.o(.text) refers to delay.o(.text) for delay_us
    th_sensor.o(.text) refers to master.o(.text) for CRC_Compute
    th_sensor.o(.text) refers to iic.o(.text) for iic_start
    th_sensor.o(.text) refers to delay.o(.text) for delay_ms
    th_sensor.o(.text) refers to fflt_clz.o(x$fpl$ffltu) for __aeabi_ui2f
    th_sensor.o(.text) refers to fdiv.o(x$fpl$fdiv) for __aeabi_fdiv
    th_sensor.o(.text) refers to fmul.o(x$fpl$fmul) for __aeabi_fmul
    th_sensor.o(.text) refers to faddsub_clz.o(x$fpl$fsub) for __aeabi_fsub
    th_sensor.o(.text) refers to ffixu.o(x$fpl$ffixu) for __aeabi_f2uiz
    th_sensor.o(.text) refers to th_sensor.o(.data) for q
    delay.o(.text) refers to misc.o(.text) for SysTick_CLKSourceConfig
    delay.o(.text) refers to system_stm32f10x.o(.data) for SystemCoreClock
    delay.o(.text) refers to delay.o(.data) for fac_us
    usart.o(.text) refers (Special) to use_no_semi_2.o(.text) for __use_no_semihosting
    usart.o(.text) refers to stm32f10x_rcc.o(.text) for RCC_APB2PeriphClockCmd
    usart.o(.text) refers to stm32f10x_gpio.o(.text) for GPIO_Init
    usart.o(.text) refers to misc.o(.text) for NVIC_Init
    usart.o(.text) refers to stm32f10x_usart.o(.text) for USART_Init
    usart.o(.text) refers to usart.o(.data) for USART_RX_STA
    usart.o(.text) refers to usart.o(.bss) for USART_RX_BUF
    usart.o(.bss) refers (Special) to use_no_semi_2.o(.text) for __use_no_semihosting
    usart.o(.data) refers (Special) to use_no_semi_2.o(.text) for __use_no_semihosting
    startup_stm32f10x_hd.o(STACK) refers (Special) to heapauxi.o(.text) for __use_two_region_memory
    startup_stm32f10x_hd.o(HEAP) refers (Special) to heapauxi.o(.text) for __use_two_region_memory
    startup_stm32f10x_hd.o(RESET) refers (Special) to heapauxi.o(.text) for __use_two_region_memory
    startup_stm32f10x_hd.o(RESET) refers to startup_stm32f10x_hd.o(STACK) for __initial_sp
    startup_stm32f10x_hd.o(RESET) refers to startup_stm32f10x_hd.o(.text) for Reset_Handler
    startup_stm32f10x_hd.o(RESET) refers to stm32f10x_it.o(.text) for NMI_Handler
    startup_stm32f10x_hd.o(RESET) refers to master.o(.text) for TIM4_IRQHandler
    startup_stm32f10x_hd.o(RESET) refers to usart.o(.text) for USART1_IRQHandler
    startup_stm32f10x_hd.o(RESET) refers to slave.o(.text) for TIM6_IRQHandler
[...]
    .ARM.Collect$$libinit$$00000000          0x08000234   Section        2  libinit.o(.ARM.Collect$$libinit$$00000000)
    .ARM.Collect$$libinit$$00000002          0x08000236   Section        0  libinit2.o(.ARM.Collect$$libinit$$00000002)
    .ARM.Collect$$libinit$$00000004          0x08000236   Section        0  libinit2.o(.ARM.Collect$$libinit$$00000004)
    .ARM.Collect$$libinit$$0000000A          0x08000236   Section        0  libinit2.o(.ARM.Collect$$libinit$$0000000A)
    .ARM.Collect$$libinit$$0000000C          0x08000236   Section        0  libinit2.o(.ARM.Collect$$libinit$$0000000C)
    .ARM.Collect$$libinit$$0000000E          0x08000236   Section        0  libinit2.o(.ARM.Collect$$libinit$$0000000E)
    .ARM.Collect$$libinit$$0000000F          0x08000236   Section        6  libinit2.o(.ARM.Collect$$libinit$$0000000F)
    .ARM.Collect$$libinit$$00000011          0x0800023c   Section        0  libinit2.o(.ARM.Collect$$libinit$$00000011)
    .ARM.Collect$$libinit$$00000012          0x0800023c   Section       12  libinit2.o(.ARM.Collect$$libinit$$00000012)
    .ARM.Collect$$libinit$$00000013          0x08000248   Section        0  libinit2.o(.ARM.Collect$$libinit$$00000013)
    .ARM.Collect$$libinit$$00000015          0x08000248   Section        0  libinit2.o(.ARM.Collect$$libinit$$00000015)
    .ARM.Collect$$libinit$$00000016          0x08000248   Section       10  libinit2.o(.ARM.Collect$$libinit$$00000016)
    .ARM.Collect$$libinit$$00000017          0x08000252   Section        0  libinit2.o(.ARM.Collect$$libinit$$00000017)
    .ARM.Collect$$libinit$$00000019          0x08000252   Section        0  libinit2.o(.ARM.Collect$$libinit$$00000019)
    .ARM.Collect$$libinit$$0000001B          0x08000252   Section        0  libinit2.o(.ARM.Collect$$libinit$$0000001B)
    .ARM.Collect$$libinit$$0000001D          0x08000252   Section        0  libinit2.o(.ARM.Collect$$libinit$$0000001D)
    .ARM.Collect$$libinit$$0000001F          0x08000252   Section        0  libinit2.o(.ARM.Collect$$libinit$$0000001F)
    .ARM.Collect$$libinit$$00000021          0x08000252   Section        0  libinit2.o(.ARM.Collect$$libinit$$00000021)
    .ARM.Collect$$libinit$$00000023          0x08000252   Section        0  libinit2.o(.ARM.Collect$$libinit$$00000023)
    .ARM.Collect$$libinit$$00000025          0x08000252   Section        0  libinit2.o(.ARM.Collect$$libinit$$00000025)
    .ARM.Collect$$libinit$$0000002C          0x08000252   Section        0  libinit2.o(.ARM.Collect$$libinit$$0000002C)
    .ARM.Collect$$libinit$$0000002E          0x08000252   Section        0  libinit2.o(.ARM.Collect$$libinit$$0000002E)
    .ARM.Collect$$libinit$$00000030          0x08000252   Section        0  libinit2.o(.ARM.Collect$$libinit$$00000030)
    .ARM.Collect$$libinit$$00000032          0x08000252   Section        0  libinit2.o(.ARM.Collect$$libinit$$00000032)
    .ARM.Collect$$libinit$$00000033          0x08000252   Section        2  libinit2.o(.ARM.Collect$$libinit$$00000033)
    .ARM.Collect$$libshutdown$$00000000      0x08000254   Section        2  libshutdown.o(.ARM.Collect$$libshutdown$$00000000)
    .ARM.Collect$$libshutdown$$00000003      0x08000256   Section        0  libshutdown2.o(.ARM.Collect$$libshutdown$$00000003)
    .ARM.Collect$$libshutdown$$00000006      0x08000256   Section        0  libshutdown2.o(.ARM.Collect$$libshutdown$$00000006)
    .ARM.Collect$$libshutdown$$00000009      0x08000256   Section        0  libshutdown2.o(.ARM.Collect$$libshutdown$$00000009)
    .ARM.Collect$$libshutdown$$0000000B      0x08000256   Section        0  libshutdown2.o(.ARM.Collect$$libshutdown$$0000000B)
    .ARM.Collect$$libshutdown$$0000000E      0x08000256   Section        0  libshutdown2.o(.ARM.Collect$$libshutdown$$0000000E)
    .ARM.Collect$$libshutdown$$0000000F      0x08000256   Section        2  libshutdown2.o(.ARM.Collect$$libshutdown$$0000000F)
    .ARM.Collect$$rtentry$$00000000          0x08000258   Section        0  __rtentry.o(.ARM.Collect$$rtentry$$00000000)
    .ARM.Collect$$rtentry$$00000002          0x08000258   Section        0  __rtentry2.o(.ARM.Collect$$rtentry$$00000002)
    .ARM.Collect$$rtentry$$00000004          0x08000258   Section        6  __rtentry4.o(.ARM.Collect$$rtentry$$00000004)
    .ARM.Collect$$rtentry$$00000009          0x0800025e   Section        0  __rtentry2.o(.ARM.Collect$$rtentry$$00000009)
    .ARM.Collect$$rtentry$$0000000A          0x0800025e   Section        4  __rtentry2.o(.ARM.Collect$$rtentry$$0000000A)
    .ARM.Collect$$rtentry$$0000000C          0x08000262   Section        0  __rtentry2.o(.ARM.Collect$$rtentry$$0000000C)
    .ARM.Collect$$rtentry$$0000000D          0x08000262   Section        8  __rtentry2.o(.ARM.Collect$$rtentry$$0000000D)
    .ARM.Collect$$rtexit$$00000000           0x0800026a   Section        2  rtexit.o(.ARM.Collect$$rtexit$$00000000)
    .ARM.Collect$$rtexit$$00000002           0x0800026c   Section        0  rtexit2.o(.ARM.Collect$$rtexit$$00000002)
    .ARM.Collect$$rtexit$$00000003           0x0800026c   Section        4  rtexit2.o(.ARM.Collect$$rtexit$$00000003)
    .ARM.Collect$$rtexit$$00000004           0x08000270   Section        6  rtexit2.o(.ARM.Collect$$rtexit$$00000004)
    .text                                    0x08000278   Section        0  main.o(.text)
    .text                                    0x080002f8   Section        0  stm32f10x_it.o(.text)
    .text                                    0x08000314   Section        0  system_stm32f10x.o(.text)
    SetSysClockTo72                          0x08000315   Thumb Code   214  system_stm32f10x.o(.text)
    SetSysClock                              0x080003eb   Thumb Code     8  system_stm32f10x.o(.text)
    .text                                    0x080004f4   Section        0  led.o(.text)
    .text                                    0x0800056c   Section        0  key.o(.text)
    .text                                    0x080005ac   Section        0  master.o(.text)
    .text                                    0x08000f28   Section        0  slave.o(.text)
    .text                                    0x08001a70   Section        0  delay.o(.text)
    .text                                    0x08001b44   Section        0  usart.o(.text)
    .text                                    0x08001c84   Section       64  startup_stm32f10x_hd.o(.text)
    .text                                    0x08001cc4   Section        0  misc.o(.text)
    .text                                    0x08001da0   Section        0  stm32f10x_gpio.o(.text)
    .text                                    0x080020fc   Section        0  stm32f10x_rcc.o(.text)
    .text                                    0x080024a0   Section        0  stm32f10x_usart.o(.text)
    .text                                    0x080028a8   Section        0  stm32f10x_tim.o(.text)
    TI4_Config                               0x08002d4f   Thumb Code   130  stm32f10x_tim.o(.text)
    TI3_Config                               0x08002de3   Thumb Code   122  stm32f10x_tim.o(.text)
    TI2_Config                               0x08002e77   Thumb Code   130  stm32f10x_tim.o(.text)
    TI1_Config                               0x08002f0b   Thumb Code   108  stm32f10x_tim.o(.text)
    .text                                    0x080036c2   Section        2  use_no_semi_2.o(.text)
    .text                                    0x080036c4   Section        0  c89printf.o(.text)
    .text                                    0x080036dc   Section        0  heapauxi.o(.text)
    .text                                    0x080036e2   Section        2  use_no_semi.o(.text)
    .text                                    0x080036e4   Section        0  _printf_pad.o(.text)
    .text                                    0x08003732   Section        0  _printf_truncate.o(.text)
    .text                                    0x08003756   Section        0  _printf_str.o(.text)
    .text                                    0x080037a8   Section        0  _printf_dec.o(.text)
    .text                                    0x08003820   Section        0  _printf_charcount.o(.text)
    .text                                    0x08003848   Section        0  _printf_char_file.o(.text)
    .text                                    0x0800386c   Section        0  _printf_wctomb.o(.text)
    .text                                    0x08003928   Section        0  _printf_longlong_dec.o(.text)
    .text                                    0x080039a4   Section        0  _printf_oct_int_ll.o(.text)
    _printf_longlong_oct_internal            0x080039a5   Thumb Code     0  _printf_oct_int_ll.o(.text)
    .text                                    0x08003a14   Section        0  _printf_hex_int_ll_ptr.o(.text)
    _printf_hex_common                       0x08003a15   Thumb Code     0  _printf_hex_int_ll_ptr.o(.text)
    .text                                    0x08003aa8   Section        0  __printf_flags_ss_wp.o(.text)
    .text                                    0x08003c30   Section      138  lludiv10.o(.text)
    .text                                    0x08003cba   Section        0  _printf_intcommon.o(.text)
    .text                                    0x08003d6c   Section        0  _printf_fp_dec.o(.text)
    _fp_digits                               0x08003d6f   Thumb Code   428  _printf_fp_dec.o(.text)
    .text                                    0x08004188   Section        0  _printf_char_common.o(.text)
    _printf_input_char                       0x08004189   Thumb Code    10  _printf_char_common.o(.text)
    .text                                    0x080041b8   Section        0  _printf_char.o(.text)
    .text                                    0x080041e4   Section        0  _printf_wchar.o(.text)
    .text                                    0x08004210   Section        0  ferror.o(.text)
    .text                                    0x08004218   Section        0  _wcrtomb.o(.text)
    .text                                    0x08004258   Section       74  sys_stackheap_outer.o(.text)
    .text                                    0x080042a4   Section       16  rt_ctype_table.o(.text)
    .text                                    0x080042b4   Section        8  rt_locale_intlibspace.o(.text)
    .text                                    0x080042bc   Section        0  _printf_fp_infnan.o(.text)
    .text                                    0x0800433c   Section        0  bigflt0.o(.text)
    .text                                    0x08004418   Section        0  exit.o(.text)
    .text                                    0x08004424   Section        8  libspace.o(.text)
    .text                                    0x0800442c   Section      128  strcmpv7m.o(.text)
    CL$$btod_d2e                             0x080044ac   Section       62  btod.o(CL$$btod_d2e)
    CL$$btod_d2e_denorm_low                  0x080044ea   Section       70  btod.o(CL$$btod_d2e_denorm_low)
    CL$$btod_d2e_norm_op1                    0x08004530   Section       96  btod.o(CL$$btod_d2e_norm_op1)
    CL$$btod_div_common                      0x08004590   Section      824  btod.o(CL$$btod_div_common)
    CL$$btod_e2e                             0x080048c8   Section      198  btod.o(CL$$btod_e2e)
    CL$$btod_ediv                            0x0800498e   Section       40  btod.o(CL$$btod_ediv)
    CL$$btod_emul                            0x080049b6   Section       40  btod.o(CL$$btod_emul)
    CL$$btod_mult_common                     0x080049de   Section      580  btod.o(CL$$btod_mult_common)
    i.__ARM_fpclassify                       0x08004c22   Section        0  fpclassify.o(i.__ARM_fpclassify)
    i._is_digit                              0x08004c4a   Section        0  __printf_wp.o(i._is_digit)
    locale$$code                             0x08004c58   Section       44  lc_numeric_c.o(locale$$code)
    locale$$code                             0x08004c84   Section       44  lc_ctype_c.o(locale$$code)
    x$fpl$printf1                            0x08004cb0   Section        4  printf1.o(x$fpl$printf1)
    .constdata                               0x08004cb4   Section      512  master.o(.constdata)
    x$fpl$usenofp                            0x08004cb4   Section        0  usenofp.o(x$fpl$usenofp)
    .constdata                               0x08004eb4   Section      512  slave.o(.constdata)
    .constdata                               0x080050b4   Section        8  _printf_wctomb.o(.constdata)
    initial_mbstate                          0x080050b4   Data           8  _printf_wctomb.o(.constdata)
    .constdata                               0x080050bc   Section       40  _printf_hex_int_ll_ptr.o(.constdata)
    uc_hextab                                0x080050bc   Data          20  _printf_hex_int_ll_ptr.o(.constdata)
    lc_hextab                                0x080050d0   Data          20  _printf_hex_int_ll_ptr.o(.constdata)
    .constdata                               0x080050e4   Section       17  __printf_flags_ss_wp.o(.constdata)
    maptable                                 0x080050e4   Data          17  __printf_flags_ss_wp.o(.constdata)
    .constdata                               0x080050f8   Section      148  bigflt0.o(.constdata)
    tenpwrs_x                                0x080050f8   Data          60  bigflt0.o(.constdata)
    tenpwrs_i                                0x08005134   Data          64  bigflt0.o(.constdata)
    locale$$data                             0x080051ac   Section       28  lc_numeric_c.o(locale$$data)
    __lcnum_c_name                           0x080051b0   Data           2  lc_numeric_c.o(locale$$data)
    __lcnum_c_start                          0x080051b8   Data           0  lc_numeric_c.o(locale$$data)
    __lcnum_c_point                          0x080051c4   Data           0  lc_numeric_c.o(locale$$data)
    __lcnum_c_thousands                      0x080051c6   Data           0  lc_numeric_c.o(locale$$data)
    __lcnum_c_grouping                       0x080051c7   Data           0  lc_numeric_c.o(locale$$data)
    locale$$data                             0x080051c8   Section      272  lc_ctype_c.o(locale$$data)
    __lcnum_c_end                            0x080051c8   Data           0  lc_numeric_c.o(locale$$data)
    __lcctype_c_name                         0x080051cc   Data           2  lc_ctype_c.o(locale$$data)
    __lcctype_c_start                        0x080051d4   Data           0  lc_ctype_c.o(locale$$data)
    __lcctype_c_end                          0x080052d8   Data           0  lc_ctype_c.o(locale$$data)
    .data                                    0x20000000   Section       20  system_stm32f10x.o(.data)
    .data                                    0x20000014   Section       42  master.o(.data)
    i                                        0x2000003c   Data           1  master.o(.data)
    j                                        0x2000003d   Data           1  master.o(.data)
    .data                                    0x20000040   Section       38  slave.o(.data)
    .data                                    0x20000066   Section        4  delay.o(.data)
    fac_us                                   0x20000066   Data           1  delay.o(.data)
    fac_ms                                   0x20000068   Data           2  delay.o(.data)
    .data                                    0x2000006c   Section        6  usart.o(.data)
    .data                                    0x20000072   Section       20  stm32f10x_rcc.o(.data)
    APBAHBPrescTable                         0x20000072   Data          16  stm32f10x_rcc.o(.data)
    ADCPrescTable                            0x20000082   Data           4  stm32f10x_rcc.o(.data)
    .bss                                     0x20000088   Section     8496  master.o(.bss)
    .bss                                     0x200021b8   Section     8896  slave.o(.bss)
    .bss                                     0x20004478   Section      200  usart.o(.bss)
    .bss                                     0x20004540   Section       96  libspace.o(.bss)
    HEAP                                     0x200045a0   Section      512  startup_stm32f10x_hd.o(HEAP)
    Heap_Mem                                 0x200045a0   Data         512  startup_stm32f10x_hd.o(HEAP)
    STACK                                    0x200047a0   Section     1024  startup_stm32f10x_hd.o(STACK)
    Stack_Mem                                0x200047a0   Data        1024  startup_stm32f10x_hd.o(STACK)
    __initial_sp                             0x20004ba0   Data           0  startup_stm32f10x_hd.o(STACK)

    Global Symbols

    Symbol Name                              Value     Ov Type        Size  Object(Section)

    BuildAttributes$$THM_ISAv4$P$D$K$B$S$PE$A:L22UL41UL21$X:L11$S22US41US21$IEEE1$IW$USESV6$~STKCKD$USESV7$~SHL$OTIME$ROPI$IEEEJ$EBA8$UX$STANDARDLIB$REQ8$PRES8$EABIv2 0x00000000   Number         0  anon$$obj.o ABSOLUTE
    __ARM_use_no_argv                        0x00000000   Number         0  main.o ABSOLUTE
    _printf_flags                            0x00000000   Number         0  printf_stubs.o ABSOLUTE
    _printf_return_value                     0x00000000   Number         0  printf_stubs.o ABSOLUTE
    _printf_sizespec                         0x00000000   Number         0  printf_stubs.o ABSOLUTE
    _printf_widthprec                        0x00000000   Number         0  printf_stubs.o ABSOLUTE
    __ARM_exceptions_init                     - Undefined Weak Reference
    __alloca_initialize                       - Undefined Weak Reference
    __arm_preinit_                            - Undefined Weak Reference
    __cpp_initialize__aeabi_                  - Undefined Weak Reference
    __cxa_finalize                            - Undefined Weak Reference
    __sigvec_lookup                           - Undefined Weak Reference
    _atexit_init                              - Undefined Weak Reference
    _call_atexit_fns                          - Undefined Weak Reference
    _clock_init                               - Undefined Weak Reference
    _fp_trap_init                             - Undefined Weak Reference
    _fp_trap_shutdown                         - Undefined Weak Reference
    _get_lc_collate                           - Undefined Weak Reference
    _get_lc_monetary                          - Undefined Weak Reference
    _get_lc_time                              - Undefined Weak Reference
    _getenv_init                              - Undefined Weak Reference
    _handle_redirection                       - Undefined Weak Reference
    _init_alloc                               - Undefined Weak Reference
    _init_user_alloc                          - Undefined Weak Reference
    _initio                                   - Undefined Weak Reference
    _mutex_acquire                            - Undefined Weak Reference
    _mutex_release                            - Undefined Weak Reference
    _printf_fp_hex                            - Undefined Weak Reference
    _printf_mbtowc                            - Undefined Weak Reference
    _printf_wc                                - Undefined Weak Reference
    _rand_init                                - Undefined Weak Reference
    _signal_finish                            - Undefined Weak Reference
    _signal_init                              - Undefined Weak Reference
    _terminate_alloc                          - Undefined Weak Reference
    _terminate_user_alloc                     - Undefined Weak Reference
    _terminateio                              - Undefined Weak Reference
    __Vectors_Size                           0x00000130   Number         0  startup_stm32f10x_hd.o ABSOLUTE
    __Vectors                                0x08000000   Data           4  startup_stm32f10x_hd.o(RESET)
    __Vectors_End                            0x08000130   Data           0  startup_stm32f10x_hd.o(RESET)
    __main                                   0x08000131   Thumb Code     8  __main.o(!!!main)
    __scatterload                            0x08000139   Thumb Code     0  __scatter.o(!!!scatter)
    __scatterload_rt2                        0x08000139   Thumb Code    44  __scatter.o(!!!scatter)
    __scatterload_rt2_thumb_only             0x08000139   Thumb Code     0  __scatter.o(!!!scatter)
    __scatterload_null                       0x08000147   Thumb Code     0  __scatter.o(!!!scatter)
    __scatterload_copy                       0x0800016d   Thumb Code    26  __scatter_copy.o(!!handler_copy)
    __scatterload_zeroinit                   0x08000189   Thumb Code    28  __scatter_zi.o(!!handler_zi)
    _printf_n                                0x080001a5   Thumb Code     0  _printf_n.o(.ARM.Collect$$_printf_percent$$00000001)
    _printf_percent                          0x080001a5   Thumb Code     0  _printf_percent.o(.ARM.Collect$$_printf_percent$$00000000)
    _printf_p                                0x080001ab   Thumb Code     0  _printf_p.o(.ARM.Collect$$_printf_percent$$00000002)
    _printf_f                                0x080001b1   Thumb Code     0  _printf_f.o(.ARM.Collect$$_printf_percent$$00000003)
    _printf_e                                0x080001b7   Thumb Code     0  _printf_e.o(.ARM.Collect$$_printf_percent$$00000004)
    _printf_g                                0x080001bd   Thumb Code     0  _printf_g.o(.ARM.Collect$$_printf_percent$$00000005)
    _printf_a                                0x080001c3   Thumb Code     0  _printf_a.o(.ARM.Collect$$_printf_percent$$00000006)
    _printf_ll                               0x080001c9   Thumb Code     0  _printf_ll.o(.ARM.Collect$$_printf_percent$$00000007)
    _printf_i                                0x080001d3   Thumb Code     0  _printf_i.o(.ARM.Collect$$_printf_percent$$00000008)
    _printf_d                                0x080001d9   Thumb Code     0  _printf_d.o(.ARM.Collect$$_printf_percent$$00000009)
    _printf_u                                0x080001df   Thumb Code     0  _printf_u.o(.ARM.Collect$$_printf_percent$$0000000A)
    _printf_o                                0x080001e5   Thumb Code     0  _printf_o.o(.ARM.Collect$$_printf_percent$$0000000B)
    _printf_x                                0x080001eb   Thumb Code     0  _printf_x.o(.ARM.Collect$$_printf_percent$$0000000C)
    _printf_lli                              0x080001f1   Thumb Code     0  _printf_lli.o(.ARM.Collect$$_printf_percent$$0000000D)
    _printf_lld                              0x080001f7   Thumb Code     0  _printf_lld.o(.ARM.Collect$$_printf_percent$$0000000E)
    _printf_llu                              0x080001fd   Thumb Code     0  _printf_llu.o(.ARM.Collect$$_printf_percent$$0000000F)
    _printf_llo                              0x08000203   Thumb Code     0  _printf_llo.o(.ARM.Collect$$_printf_percent$$00000010)
    _printf_llx                              0x08000209   Thumb Code     0  _printf_llx.o(.ARM.Collect$$_printf_percent$$00000011)
    _printf_l                                0x0800020f   Thumb Code     0  _printf_l.o(.ARM.Collect$$_printf_percent$$00000012)
    _printf_c                                0x08000219   Thumb Code     0  _printf_c.o(.ARM.Collect$$_printf_percent$$00000013)
    _printf_s                                0x0800021f   Thumb Code     0  _printf_s.o(.ARM.Collect$$_printf_percent$$00000014)
    _printf_lc                               0x08000225   Thumb Code     0  _printf_lc.o(.ARM.Collect$$_printf_percent$$00000015)
    _printf_ls                               0x0800022b   Thumb Code     0  _printf_ls.o(.ARM.Collect$$_printf_percent$$00000016)
    _printf_percent_end                      0x08000231   Thumb Code     0  _printf_percent_end.o(.ARM.Collect$$_printf_percent$$00000017)
    __rt_lib_init                            0x08000235   Thumb Code     0  libinit.o(.ARM.Collect$$libinit$$00000000)
    __rt_lib_init_fp_1                       0x08000237   Thumb Code     0  libinit2.o(.ARM.Collect$$libinit$$00000002)
    __rt_lib_init_heap_1                     0x08000237   Thumb Code     0  libinit2.o(.ARM.Collect$$libinit$$0000000A)
    __rt_lib_init_lc_common                  0x08000237   Thumb Code     0  libinit2.o(.ARM.Collect$$libinit$$0000000F)
    __rt_lib_init_preinit_1                  0x08000237   Thumb Code     0  libinit2.o(.ARM.Collect$$libinit$$00000004)
    __rt_lib_init_rand_1                     0x08000237   Thumb Code     0  libinit2.o(.ARM.Collect$$libinit$$0000000E)
    __rt_lib_init_user_alloc_1               0x08000237   Thumb Code     0  libinit2.o(.ARM.Collect$$libinit$$0000000C)
    __rt_lib_init_lc_collate_1               0x0800023d   Thumb Code     0  libinit2.o(.ARM.Collect$$libinit$$00000011)
    __rt_lib_init_lc_ctype_2                 0x0800023d   Thumb Code     0  libinit2.o(.ARM.Collect$$libinit$$00000012)
    __rt_lib_init_lc_ctype_1                 0x08000249   Thumb Code     0  libinit2.o(.ARM.Collect$$libinit$$00000013)
    __rt_lib_init_lc_monetary_1              0x08000249   Thumb Code     0  libinit2.o(.ARM.Collect$$libinit$$00000015)
    __rt_lib_init_lc_numeric_2               0x08000249   Thumb Code     0  libinit2.o(.ARM.Collect$$libinit$$00000016)
    __rt_lib_init_alloca_1                   0x08000253   Thumb Code     0  libinit2.o(.ARM.Collect$$libinit$$0000002E)
    __rt_lib_init_argv_1                     0x08000253   Thumb Code     0  libinit2.o(.ARM.Collect$$libinit$$0000002C)
    __rt_lib_init_atexit_1                   0x08000253   Thumb Code     0  libinit2.o(.ARM.Collect$$libinit$$0000001B)
    __rt_lib_init_clock_1                    0x08000253   Thumb Code     0  libinit2.o(.ARM.Collect$$libinit$$00000021)
    __rt_lib_init_cpp_1                      0x08000253   Thumb Code     0  libinit2.o(.ARM.Collect$$libinit$$00000032)
    __rt_lib_init_exceptions_1               0x08000253   Thumb Code     0  libinit2.o(.ARM.Collect$$libinit$$00000030)
    __rt_lib_init_fp_trap_1                  0x08000253   Thumb Code     0  libinit2.o(.ARM.Collect$$libinit$$0000001F)
    __rt_lib_init_getenv_1                   0x08000253   Thumb Code     0  libinit2.o(.ARM.Collect$$libinit$$00000023)
    __rt_lib_init_lc_numeric_1               0x08000253   Thumb Code     0  libinit2.o(.ARM.Collect$$libinit$$00000017)
    __rt_lib_init_lc_time_1                  0x08000253   Thumb Code     0  libinit2.o(.ARM.Collect$$libinit$$00000019)
    __rt_lib_init_return                     0x08000253   Thumb Code     0  libinit2.o(.ARM.Collect$$libinit$$00000033)
    __rt_lib_init_signal_1                   0x08000253   Thumb Code     0  libinit2.o(.ARM.Collect$$libinit$$0000001D)
    __rt_lib_init_stdio_1                    0x08000253   Thumb Code     0  libinit2.o(.ARM.Collect$$libinit$$00000025)
    __rt_lib_shutdown                        0x08000255   Thumb Code     0  libshutdown.o(.ARM.Collect$$libshutdown$$00000000)
    __rt_lib_shutdown_fp_trap_1              0x08000257   Thumb Code     0  libshutdown2.o(.ARM.Collect$$libshutdown$$00000006)
    __rt_lib_shutdown_heap_1                 0x08000257   Thumb Code     0  libshutdown2.o(.ARM.Collect$$libshutdown$$0000000E)
    __rt_lib_shutdown_return                 0x08000257   Thumb Code     0  libshutdown2.o(.ARM.Collect$$libshutdown$$0000000F)
    __rt_lib_shutdown_signal_1               0x08000257   Thumb Code     0  libshutdown2.o(.ARM.Collect$$libshutdown$$00000009)
    __rt_lib_shutdown_stdio_1                0x08000257   Thumb Code     0  libshutdown2.o(.ARM.Collect$$libshutdown$$00000003)
    __rt_lib_shutdown_user_alloc_1           0x08000257   Thumb Code     0  libshutdown2.o(.ARM.Collect$$libshutdown$$0000000B)
    __rt_entry                               0x08000259   Thumb Code     0  __rtentry.o(.ARM.Collect$$rtentry$$00000000)
    __rt_entry_presh_1                       0x08000259   Thumb Code     0  __rtentry2.o(.ARM.Collect$$rtentry$$00000002)
    __rt_entry_sh                            0x08000259   Thumb Code     0  __rtentry4.o(.ARM.Collect$$rtentry$$00000004)
    __rt_entry_li                            0x0800025f   Thumb Code     0  __rtentry2.o(.ARM.Collect$$rtentry$$0000000A)
    __rt_entry_postsh_1                      0x0800025f   Thumb Code     0  __rtentry2.o(.ARM.Collect$$rtentry$$00000009)
    __rt_entry_main                          0x08000263   Thumb Code     0  __rtentry2.o(.ARM.Collect$$rtentry$$0000000D)
    __rt_entry_postli_1                      0x08000263   Thumb Code     0  __rtentry2.o(.ARM.Collect$$rtentry$$0000000C)
    __rt_exit                                0x0800026b   Thumb Code     0  rtexit.o(.ARM.Collect$$rtexit$$00000000)
    __rt_exit_ls                             0x0800026d   Thumb Code     0  rtexit2.o(.ARM.Collect$$rtexit$$00000003)
    __rt_exit_prels_1                        0x0800026d   Thumb Code     0  rtexit2.o(.ARM.Collect$$rtexit$$00000002)
    __rt_exit_exit                           0x08000271   Thumb Code     0  rtexit2.o(.ARM.Collect$$rtexit$$00000004)
    main                                     0x08000279   Thumb Code   120  main.o(.text)
    NMI_Handler                              0x080002f9   Thumb Code     2  stm32f10x_it.o(.text)
    HardFault_Handler                        0x080002fb   Thumb Code     4  stm32f10x_it.o(.text)
    MemManage_Handler                        0x080002ff   Thumb Code     4  stm32f10x_it.o(.text)
    BusFault_Handler                         0x08000303   Thumb Code     4  stm32f10x_it.o(.text)
    UsageFault_Handler                       0x08000307   Thumb Code     4  stm32f10x_it.o(.text)
    SVC_Handler                              0x0800030b   Thumb Code     2  stm32f10x_it.o(.text)
    DebugMon_Handler                         0x0800030d   Thumb Code     2  stm32f10x_it.o(.text)
    PendSV_Handler                           0x0800030f   Thumb Code     2  stm32f10x_it.o(.text)
    SysTick_Handler                          0x08000311   Thumb Code     2  stm32f10x_it.o(.text)
    SystemInit                               0x080003f3   Thumb Code    78  system_stm32f10x.o(.text)
    SystemCoreClockUpdate                    0x08000441   Thumb Code   142  system_stm32f10x.o(.text)
    led_init                                 0x080004f5   Thumb Code    60  led.o(.text)
    SoftReset                                0x08000531   Thumb Code    38  led.o(.text)
    key_init                                 0x0800056d   Thumb Code    56  key.o(.text)
    Modbus_RegMap                            0x080005ad   Thumb Code    70  master.o(.text)
    CRC_Compute                              0x080005f3   Thumb Code    48  master.o(.text)
    Timer4_enable                            0x08000623   Thumb Code    90  master.o(.text)
    Timer7_Init                              0x0800067d   Thumb Code    98  master.o(.text)
    RS485_Init                               0x080006df   Thumb Code   276  master.o(.text)
    USART3_IRQHandler                        0x080007f3   Thumb Code   214  master.o(.text)
    RS485_RX_Service                         0x080008c9   Thumb Code    32  master.o(.text)
    RS485_SendData                           0x080008e9   Thumb Code    76  master.o(.text)
    Master_16_Slove                          0x08000935   Thumb Code   236  master.o(.text)
    Master_15_Slove                          0x08000a21   Thumb Code   316  master.o(.text)
    Master_06_Slove                          0x08000b5d   Thumb Code    74  master.o(.text)
    Master_05_Slove                          0x08000ba7   Thumb Code    84  master.o(.text)
    Master_03_Slove                          0x08000bfb   Thumb Code    62  master.o(.text)
    Master_02_Slove                          0x08000c39   Thumb Code    62  master.o(.text)
    Master_01_Slove                          0x08000c77   Thumb Code    62  master.o(.text)
    Master_Service                           0x08000cb5   Thumb Code   136  master.o(.text)
    RS485_TX_Service                         0x08000d3d   Thumb Code    24  master.o(.text)
    modbus_rtu                               0x08000d55   Thumb Code   302  master.o(.text)
    TIM4_IRQHandler                          0x08000e83   Thumb Code    28  master.o(.text)
    TIM7_IRQHandler                          0x08000e9f   Thumb Code    40  master.o(.text)
    Master_04_Slove                          0x08000ec7   Thumb Code    62  master.o(.text)
    Modbus1_RegMap                           0x08000f29   Thumb Code    62  slave.o(.text)
    CRC_Compute1                             0x08000f67   Thumb Code    48  slave.o(.text)
    Timer6_Init                              0x08000f97   Thumb Code    96  slave.o(.text)
    RS485_Init1                              0x08000ff7   Thumb Code   260  slave.o(.text)
    RS485_SendData1                          0x080010fb   Thumb Code    64  slave.o(.text)
    TIM6_IRQHandler                          0x0800113b   Thumb Code    40  slave.o(.text)
    Modbus_16_1Solve                         0x08001163   Thumb Code   222  slave.o(.text)
    Modbus_06_1Solve                         0x08001241   Thumb Code   126  slave.o(.text)
    Modbus_03_1Solve                         0x080012bf   Thumb Code   326  slave.o(.text)
    Modbus_15_1Solve                         0x08001405   Thumb Code   240  slave.o(.text)
    Modbus_05_1Solve                         0x080014f5   Thumb Code   164  slave.o(.text)
    Modbus_01_1Solve                         0x08001599   Thumb Code   372  slave.o(.text)
    Modbus_02_1Solve                         0x0800170d   Thumb Code   398  slave.o(.text)
    RS485_Service                            0x0800189b   Thumb Code   420  slave.o(.text)
    delay_init                               0x08001a71   Thumb Code    50  delay.o(.text)
    delay_us                                 0x08001aa3   Thumb Code    72  delay.o(.text)
    delay_ms                                 0x08001aeb   Thumb Code    72  delay.o(.text)
    _sys_exit                                0x08001b45   Thumb Code     6  usart.o(.text)
    fputc                                    0x08001b4b   Thumb Code    24  usart.o(.text)
    uart_init                                0x08001b63   Thumb Code   152  usart.o(.text)
    USART1_IRQHandler                        0x08001bfb   Thumb Code   122  usart.o(.text)
    Reset_Handler                            0x08001c85   Thumb Code     8  startup_stm32f10x_hd.o(.text)
    ADC1_2_IRQHandler                        0x08001c9f   Thumb Code     0  startup_stm32f10x_hd.o(.text)
    ADC3_IRQHandler                          0x08001c9f   Thumb Code     0  startup_stm32f10x_hd.o(.text)
    CAN1_RX1_IRQHandler                      0x08001c9f   Thumb Code     0  startup_stm32f10x_hd.o(.text)
    CAN1_SCE_IRQHandler                      0x08001c9f   Thumb Code     0  startup_stm32f10x_hd.o(.text)
    DMA1_Channel1_IRQHandler                 0x08001c9f   Thumb Code     0  startup_stm32f10x_hd.o(.text)
    DMA1_Channel2_IRQHandler                 0x08001c9f   Thumb Code     0  startup_stm32f10x_hd.o(.text)
    DMA1_Channel3_IRQHandler                 0x08001c9f   Thumb Code     0  startup_stm32f10x_hd.o(.text)
    DMA1_Channel4_IRQHandler                 0x08001c9f   Thumb Code     0  startup_stm32f10x_hd.o(.text)
    DMA1_Channel5_IRQHandler                 0x08001c9f   Thumb Code     0  startup_stm32f10x_hd.o(.text)
    DMA1_Channel6_IRQHandler                 0x08001c9f   Thumb Code     0  startup_stm32f10x_hd.o(.text)
    DMA1_Channel7_IRQHandler                 0x08001c9f   Thumb Code     0  startup_stm32f10x_hd.o(.text)
    DMA2_Channel1_IRQHandler                 0x08001c9f   Thumb Code     0  startup_stm32f10x_hd.o(.text)
    DMA2_Channel2_IRQHandler                 0x08001c9f   Thumb Code     0  startup_stm32f10x_hd.o(.text)
    DMA2_Channel3_IRQHandler                 0x08001c9f   Thumb Code     0  startup_stm32f10x_hd.o(.text)
    DMA2_Channel4_5_IRQHandler               0x08001c9f   Thumb Code     0  startup_stm32f10x_hd.o(.text)
    EXTI0_IRQHandler                         0x08001c9f   Thumb Code     0  startup_stm32f10x_hd.o(.text)
    EXTI15_10_IRQHandler                     0x08001c9f   Thumb Code     0  startup_stm32f10x_hd.o(.text)
    EXTI1_IRQHandler                         0x08001c9f   Thumb Code     0  startup_stm32f10x_hd.o(.text)
    EXTI2_IRQHandler                         0x08001c9f   Thumb Code     0  startup_stm32f10x_hd.o(.text)
    EXTI3_IRQHandler                         0x08001c9f   Thumb Code     0  startup_stm32f10x_hd.o(.text)
    EXTI4_IRQHandler                         0x08001c9f   Thumb Code     0  startup_stm32f10x_hd.o(.text)
    EXTI9_5_IRQHandler                       0x08001c9f   Thumb Code     0  startup_stm32f10x_hd.o(.text)
    FLASH_IRQHandler                         0x08001c9f   Thumb Code     0  startup_stm32f10x_hd.o(.text)
    FSMC_IRQHandler                          0x08001c9f   Thumb Code     0  startup_stm32f10x_hd.o(.text)
    I2C1_ER_IRQHandler                       0x08001c9f   Thumb Code     0  startup_stm32f10x_hd.o(.text)
    I2C1_EV_IRQHandler                       0x08001c9f   Thumb Code     0  startup_stm32f10x_hd.o(.text)
    I2C2_ER_IRQHandler                       0x08001c9f   Thumb Code     0  startup_stm32f10x_hd.o(.text)
    I2C2_EV_IRQHandler                       0x08001c9f   Thumb Code     0  startup_stm32f10x_hd.o(.text)
    PVD_IRQHandler                           0x08001c9f   Thumb Code     0  startup_stm32f10x_hd.o(.text)
    RCC_IRQHandler                           0x08001c9f   Thumb Code     0  startup_stm32f10x_hd.o(.text)
    RTCAlarm_IRQHandler                      0x08001c9f   Thumb Code     0  startup_stm32f10x_hd.o(.text)
    RTC_IRQHandler                           0x08001c9f   Thumb Code     0  startup_stm32f10x_hd.o(.text)
    SDIO_IRQHandler                          0x08001c9f   Thumb Code     0  startup_stm32f10x_hd.o(.text)
    SPI1_IRQHandler                          0x08001c9f   Thumb Code     0  startup_stm32f10x_hd.o(.text)
    SPI2_IRQHandler                          0x08001c9f   Thumb Code     0  startup_stm32f10x_hd.o(.text)
    SPI3_IRQHandler                          0x08001c9f   Thumb Code     0  startup_stm32f10x_hd.o(.text)
    TAMPER_IRQHandler                        0x08001c9f   Thumb Code     0  startup_stm32f10x_hd.o(.text)
    TIM1_BRK_IRQHandler                      0x08001c9f   Thumb Code     0  startup_stm32f10x_hd.o(.text)
    TIM1_CC_IRQHandler                       0x08001c9f   Thumb Code     0  startup_stm32f10x_hd.o(.text)
    TIM1_TRG_COM_IRQHandler                  0x08001c9f   Thumb Code     0  startup_stm32f10x_hd.o(.text)
    TIM1_UP_IRQHandler                       0x08001c9f   Thumb Code     0  startup_stm32f10x_hd.o(.text)
    TIM2_IRQHandler                          0x08001c9f   Thumb Code     0  startup_stm32f10x_hd.o(.text)
    TIM3_IRQHandler                          0x08001c9f   Thumb Code     0  startup_stm32f10x_hd.o(.text)
    TIM5_IRQHandler                          0x08001c9f   Thumb Code     0  startup_stm32f10x_hd.o(.text)
    TIM8_BRK_IRQHandler                      0x08001c9f   Thumb Code     0  startup_stm32f10x_hd.o(.text)
    TIM8_CC_IRQHandler                       0x08001c9f   Thumb Code     0  startup_stm32f10x_hd.o(.text)
    TIM8_TRG_COM_IRQHandler                  0x08001c9f   Thumb Code     0  startup_stm32f10x_hd.o(.text)
    TIM8_UP_IRQHandler                       0x08001c9f   Thumb Code     0  startup_stm32f10x_hd.o(.text)
    UART4_IRQHandler                         0x08001c9f   Thumb Code     0  startup_stm32f10x_hd.o(.text)
    UART5_IRQHandler                         0x08001c9f   Thumb Code     0  startup_stm32f10x_hd.o(.text)
    USART2_IRQHandler                        0x08001c9f   Thumb Code     0  startup_stm32f10x_hd.o(.text)
    USBWakeUp_IRQHandler                     0x08001c9f   Thumb Code     0  startup_stm32f10x_hd.o(.text)
    USB_HP_CAN1_TX_IRQHandler                0x08001c9f   Thumb Code     0  startup_stm32f10x_hd.o(.text)
    USB_LP_CAN1_RX0_IRQHandler               0x08001c9f   Thumb Code     0  startup_stm32f10x_hd.o(.text)
    WWDG_IRQHandler                          0x08001c9f   Thumb Code     0  startup_stm32f10x_hd.o(.text)
    __user_initial_stackheap                 0x08001ca1   Thumb Code     0  startup_stm32f10x_hd.o(.text)
    NVIC_PriorityGroupConfig                 0x08001cc5   Thumb Code    10  misc.o(.text)
    NVIC_Init                                0x08001ccf   Thumb Code   100  misc.o(.text)
    NVIC_SetVectorTable                      0x08001d33   Thumb Code    14  misc.o(.text)
    NVIC_SystemLPConfig                      0x08001d41   Thumb Code    34  misc.o(.text)
    SysTick_CLKSourceConfig                  0x08001d63   Thumb Code    40  misc.o(.text)
    GPIO_DeInit                              0x08001da1   Thumb Code   172  stm32f10x_gpio.o(.text)
    GPIO_AFIODeInit                          0x08001e4d   Thumb Code    20  stm32f10x_gpio.o(.text)
    GPIO_Init                                0x08001e61   Thumb Code   278  stm32f10x_gpio.o(.text)
    GPIO_StructInit                          0x08001f77   Thumb Code    16  stm32f10x_gpio.o(.text)
    GPIO_ReadInputDataBit                    0x08001f87   Thumb Code    18  stm32f10x_gpio.o(.text)
    GPIO_ReadInputData                       0x08001f99   Thumb Code     8  stm32f10x_gpio.o(.text)
    GPIO_ReadOutputDataBit                   0x08001fa1   Thumb Code    18  stm32f10x_gpio.o(.text)
    GPIO_ReadOutputData                      0x08001fb3   Thumb Code     8  stm32f10x_gpio.o(.text)
    GPIO_SetBits                             0x08001fbb   Thumb Code     4  stm32f10x_gpio.o(.text)
    GPIO_ResetBits                           0x08001fbf   Thumb Code     4  stm32f10x_gpio.o(.text)
    GPIO_WriteBit                            0x08001fc3   Thumb Code    10  stm32f10x_gpio.o(.text)
    GPIO_Write                               0x08001fcd   Thumb Code     4  stm32f10x_gpio.o(.text)
    GPIO_PinLockConfig                       0x08001fd1   Thumb Code    18  stm32f10x_gpio.o(.text)
    GPIO_EventOutputConfig                   0x08001fe3   Thumb Code    26  stm32f10x_gpio.o(.text)
    GPIO_EventOutputCmd                      0x08001ffd   Thumb Code     6  stm32f10x_gpio.o(.text)
    GPIO_PinRemapConfig                      0x08002003   Thumb Code   138  stm32f10x_gpio.o(.text)
    GPIO_EXTILineConfig                      0x0800208d   Thumb Code    66  stm32f10x_gpio.o(.text)
    GPIO_ETH_MediaInterfaceConfig            0x080020cf   Thumb Code     8  stm32f10x_gpio.o(.text)
    RCC_DeInit                               0x080020fd   Thumb Code    64  stm32f10x_rcc.o(.text)
    RCC_HSEConfig                            0x0800213d   Thumb Code    70  stm32f10x_rcc.o(.text)
    RCC_GetFlagStatus                        0x08002183   Thumb Code    56  stm32f10x_rcc.o(.text)
    RCC_WaitForHSEStartUp                    0x080021bb   Thumb Code    56  stm32f10x_rcc.o(.text)
    RCC_AdjustHSICalibrationValue            0x080021f3   Thumb Code    20  stm32f10x_rcc.o(.text)
    RCC_HSICmd                               0x08002207   Thumb Code     6  stm32f10x_rcc.o(.text)
    RCC_PLLConfig                            0x0800220d   Thumb Code    24  stm32f10x_rcc.o(.text)
    RCC_PLLCmd                               0x08002225   Thumb Code     6  stm32f10x_rcc.o(.text)
    RCC_SYSCLKConfig                         0x0800222b   Thumb Code    18  stm32f10x_rcc.o(.text)
    RCC_GetSYSCLKSource                      0x0800223d   Thumb Code    10  stm32f10x_rcc.o(.text)
    RCC_HCLKConfig                           0x08002247   Thumb Code    18  stm32f10x_rcc.o(.text)
    RCC_PCLK1Config                          0x08002259   Thumb Code    18  stm32f10x_rcc.o(.text)
    RCC_PCLK2Config                          0x0800226b   Thumb Code    20  stm32f10x_rcc.o(.text)
    RCC_ITConfig                             0x0800227f   Thumb Code    26  stm32f10x_rcc.o(.text)
    RCC_USBCLKConfig                         0x08002299   Thumb Code     8  stm32f10x_rcc.o(.text)
    RCC_ADCCLKConfig                         0x080022a1   Thumb Code    18  stm32f10x_rcc.o(.text)
    RCC_LSEConfig                            0x080022b3   Thumb Code    50  stm32f10x_rcc.o(.text)
    RCC_LSICmd                               0x080022e5   Thumb Code     6  stm32f10x_rcc.o(.text)
    RCC_RTCCLKConfig                         0x080022eb   Thumb Code    12  stm32f10x_rcc.o(.text)
    RCC_RTCCLKCmd                            0x080022f7   Thumb Code     8  stm32f10x_rcc.o(.text)
    RCC_GetClocksFreq                        0x080022ff   Thumb Code   192  stm32f10x_rcc.o(.text)
    RCC_AHBPeriphClockCmd                    0x080023bf   Thumb Code    26  stm32f10x_rcc.o(.text)
    RCC_APB2PeriphClockCmd                   0x080023d9   Thumb Code    26  stm32f10x_rcc.o(.text)
    RCC_APB1PeriphClockCmd                   0x080023f3   Thumb Code    26  stm32f10x_rcc.o(.text)
    RCC_APB2PeriphResetCmd                   0x0800240d   Thumb Code    26  stm32f10x_rcc.o(.text)
    RCC_APB1PeriphResetCmd                   0x08002427   Thumb Code    26  stm32f10x_rcc.o(.text)
    RCC_BackupResetCmd                       0x08002441   Thumb Code     8  stm32f10x_rcc.o(.text)
    RCC_ClockSecuritySystemCmd               0x08002449   Thumb Code     6  stm32f10x_rcc.o(.text)
    RCC_MCOConfig                            0x0800244f   Thumb Code     6  stm32f10x_rcc.o(.text)
    RCC_ClearFlag                            0x08002455   Thumb Code    14  stm32f10x_rcc.o(.text)
    RCC_GetITStatus                          0x08002463   Thumb Code    20  stm32f10x_rcc.o(.text)
    RCC_ClearITPendingBit                    0x08002477   Thumb Code     6  stm32f10x_rcc.o(.text)
    USART_DeInit                             0x080024a1   Thumb Code   134  stm32f10x_usart.o(.text)
    USART_Init                               0x08002527   Thumb Code   210  stm32f10x_usart.o(.text)
    USART_StructInit                         0x080025f9   Thumb Code    24  stm32f10x_usart.o(.text)
    USART_ClockInit                          0x08002611   Thumb Code    34  stm32f10x_usart.o(.text)
    USART_ClockStructInit                    0x08002633   Thumb Code    12  stm32f10x_usart.o(.text)
    USART_Cmd                                0x0800263f   Thumb Code    24  stm32f10x_usart.o(.text)
    USART_ITConfig                           0x08002657   Thumb Code    74  stm32f10x_usart.o(.text)
    USART_DMACmd                             0x080026a1   Thumb Code    18  stm32f10x_usart.o(.text)
    USART_SetAddress                         0x080026b3   Thumb Code    18  stm32f10x_usart.o(.text)
    USART_WakeUpConfig                       0x080026c5   Thumb Code    18  stm32f10x_usart.o(.text)
    USART_ReceiverWakeUpCmd                  0x080026d7   Thumb Code    24  stm32f10x_usart.o(.text)
    USART_LINBreakDetectLengthConfig         0x080026ef   Thumb Code    18  stm32f10x_usart.o(.text)
    USART_LINCmd                             0x08002701   Thumb Code    24  stm32f10x_usart.o(.text)
    USART_SendData                           0x08002719   Thumb Code     8  stm32f10x_usart.o(.text)
    USART_ReceiveData                        0x08002721   Thumb Code    10  stm32f10x_usart.o(.text)
    USART_SendBreak                          0x0800272b   Thumb Code    10  stm32f10x_usart.o(.text)
    USART_SetGuardTime                       0x08002735   Thumb Code    16  stm32f10x_usart.o(.text)
    USART_SetPrescaler                       0x08002745   Thumb Code    16  stm32f10x_usart.o(.text)
    USART_SmartCardCmd                       0x08002755   Thumb Code    24  stm32f10x_usart.o(.text)
    USART_SmartCardNACKCmd                   0x0800276d   Thumb Code    24  stm32f10x_usart.o(.text)
    USART_HalfDuplexCmd                      0x08002785   Thumb Code    24  stm32f10x_usart.o(.text)
    USART_OverSampling8Cmd                   0x0800279d   Thumb Code    22  stm32f10x_usart.o(.text)
    USART_OneBitMethodCmd                    0x080027b3   Thumb Code    24  stm32f10x_usart.o(.text)
    USART_IrDAConfig                         0x080027cb   Thumb Code    18  stm32f10x_usart.o(.text)
    USART_IrDACmd                            0x080027dd   Thumb Code    24  stm32f10x_usart.o(.text)
    USART_GetFlagStatus                      0x080027f5   Thumb Code    26  stm32f10x_usart.o(.text)
    USART_ClearFlag                          0x0800280f   Thumb Code    18  stm32f10x_usart.o(.text)
    USART_GetITStatus                        0x08002821   Thumb Code    84  stm32f10x_usart.o(.text)
    USART_ClearITPendingBit                  0x08002875   Thumb Code    52  stm32f10x_usart.o(.text)
    TIM_DeInit                               0x080028a9   Thumb Code   424  stm32f10x_tim.o(.text)
    TIM_TimeBaseInit                         0x08002a51   Thumb Code   122  stm32f10x_tim.o(.text)
    TIM_OC1Init                              0x08002acb   Thumb Code   132  stm32f10x_tim.o(.text)
    TIM_OC2Init                              0x08002b4f   Thumb Code   154  stm32f10x_tim.o(.text)
    TIM_OC3Init                              0x08002be9   Thumb Code   150  stm32f10x_tim.o(.text)
    TIM_OC4Init                              0x08002c7f   Thumb Code   182  stm32f10x_tim.o(.text)
    TIM_SetIC4Prescaler                      0x08002d35   Thumb Code    26  stm32f10x_tim.o(.text)
    TIM_SetIC3Prescaler                      0x08002dd1   Thumb Code    18  stm32f10x_tim.o(.text)
    TIM_SetIC2Prescaler                      0x08002e5d   Thumb Code    26  stm32f10x_tim.o(.text)
    TIM_SetIC1Prescaler                      0x08002ef9   Thumb Code    18  stm32f10x_tim.o(.text)
    TIM_ICInit                               0x08002f77   Thumb Code   150  stm32f10x_tim.o(.text)
    TIM_PWMIConfig                           0x0800300d   Thumb Code   124  stm32f10x_tim.o(.text)
    TIM_BDTRConfig                           0x08003089   Thumb Code    32  stm32f10x_tim.o(.text)
    TIM_TimeBaseStructInit                   0x080030a9   Thumb Code    18  stm32f10x_tim.o(.text)
    TIM_OCStructInit                         0x080030bb   Thumb Code    20  stm32f10x_tim.o(.text)
    TIM_ICStructInit                         0x080030cf   Thumb Code    18  stm32f10x_tim.o(.text)
    TIM_BDTRStructInit                       0x080030e1   Thumb Code    40  stm32f10x_tim.o(.text)
    TIM_Cmd                                  0x08003109   Thumb Code    24  stm32f10x_tim.o(.text)
    TIM_CtrlPWMOutputs                       0x08003121   Thumb Code    30  stm32f10x_tim.o(.text)
    TIM_ITConfig                             0x0800313f   Thumb Code    18  stm32f10x_tim.o(.text)
    TIM_GenerateEvent                        0x08003151   Thumb Code     4  stm32f10x_tim.o(.text)
    TIM_DMAConfig                            0x08003155   Thumb Code    10  stm32f10x_tim.o(.text)
    TIM_DMACmd                               0x0800315f   Thumb Code    18  stm32f10x_tim.o(.text)
    TIM_InternalClockConfig                  0x08003171   Thumb Code    12  stm32f10x_tim.o(.text)
    TIM_SelectInputTrigger                   0x0800317d   Thumb Code    18  stm32f10x_tim.o(.text)
    TIM_ITRxExternalClockConfig              0x0800318f   Thumb Code    24  stm32f10x_tim.o(.text)
    TIM_TIxExternalClockConfig               0x080031a7   Thumb Code    62  stm32f10x_tim.o(.text)
    TIM_ETRConfig                            0x080031e5   Thumb Code    28  stm32f10x_tim.o(.text)
    TIM_ETRClockMode1Config                  0x08003201   Thumb Code    54  stm32f10x_tim.o(.text)
    TIM_ETRClockMode2Config                  0x08003237   Thumb Code    32  stm32f10x_tim.o(.text)
    TIM_PrescalerConfig                      0x08003257   Thumb Code     6  stm32f10x_tim.o(.text)
    TIM_CounterModeConfig                    0x0800325d   Thumb Code    18  stm32f10x_tim.o(.text)
    TIM_EncoderInterfaceConfig               0x0800326f   Thumb Code    66  stm32f10x_tim.o(.text)
    TIM_ForcedOC1Config                      0x080032b1   Thumb Code    18  stm32f10x_tim.o(.text)
    TIM_ForcedOC2Config                      0x080032c3   Thumb Code    26  stm32f10x_tim.o(.text)
    TIM_ForcedOC3Config                      0x080032dd   Thumb Code    18  stm32f10x_tim.o(.text)
    TIM_ForcedOC4Config                      0x080032ef   Thumb Code    26  stm32f10x_tim.o(.text)
    TIM_ARRPreloadConfig                     0x08003309   Thumb Code    24  stm32f10x_tim.o(.text)
    TIM_SelectCOM                            0x08003321   Thumb Code    24  stm32f10x_tim.o(.text)
    TIM_SelectCCDMA                          0x08003339   Thumb Code    24  stm32f10x_tim.o(.text)
    TIM_CCPreloadControl                     0x08003351   Thumb Code    24  stm32f10x_tim.o(.text)
    TIM_OC1PreloadConfig                     0x08003369   Thumb Code    18  stm32f10x_tim.o(.text)
    TIM_OC2PreloadConfig                     0x0800337b   Thumb Code    26  stm32f10x_tim.o(.text)
    TIM_OC3PreloadConfig                     0x08003395   Thumb Code    18  stm32f10x_tim.o(.text)
    TIM_OC4PreloadConfig                     0x080033a7   Thumb Code    26  stm32f10x_tim.o(.text)
    TIM_OC1FastConfig                        0x080033c1   Thumb Code    18  stm32f10x_tim.o(.text)
    TIM_OC2FastConfig                        0x080033d3   Thumb Code    26  stm32f10x_tim.o(.text)
    TIM_OC3FastConfig                        0x080033ed   Thumb Code    18  stm32f10x_tim.o(.text)
    TIM_OC4FastConfig                        0x080033ff   Thumb Code    26  stm32f10x_tim.o(.text)
    TIM_ClearOC1Ref                          0x08003419   Thumb Code    18  stm32f10x_tim.o(.text)
    TIM_ClearOC2Ref                          0x0800342b   Thumb Code    24  stm32f10x_tim.o(.text)
    TIM_ClearOC3Ref                          0x08003443   Thumb Code    18  stm32f10x_tim.o(.text)
    TIM_ClearOC4Ref                          0x08003455   Thumb Code    24  stm32f10x_tim.o(.text)
    TIM_OC1PolarityConfig                    0x0800346d   Thumb Code    18  stm32f10x_tim.o(.text)
    TIM_OC1NPolarityConfig                   0x0800347f   Thumb Code    18  stm32f10x_tim.o(.text)
    TIM_OC2PolarityConfig                    0x08003491   Thumb Code    26  stm32f10x_tim.o(.text)
    TIM_OC2NPolarityConfig                   0x080034ab   Thumb Code    26  stm32f10x_tim.o(.text)
    TIM_OC3PolarityConfig                    0x080034c5   Thumb Code    26  stm32f10x_tim.o(.text)
    TIM_OC3NPolarityConfig                   0x080034df   Thumb Code    26  stm32f10x_tim.o(.text)
    TIM_OC4PolarityConfig                    0x080034f9   Thumb Code    26  stm32f10x_tim.o(.text)
    TIM_CCxCmd                               0x08003513   Thumb Code    30  stm32f10x_tim.o(.text)
    TIM_CCxNCmd                              0x08003531   Thumb Code    30  stm32f10x_tim.o(.text)
    TIM_SelectOCxM                           0x0800354f   Thumb Code    82  stm32f10x_tim.o(.text)
    TIM_UpdateDisableConfig                  0x080035a1   Thumb Code    24  stm32f10x_tim.o(.text)
    TIM_UpdateRequestConfig                  0x080035b9   Thumb Code    24  stm32f10x_tim.o(.text)
    TIM_SelectHallSensor                     0x080035d1   Thumb Code    24  stm32f10x_tim.o(.text)
    TIM_SelectOnePulseMode                   0x080035e9   Thumb Code    18  stm32f10x_tim.o(.text)
    TIM_SelectOutputTrigger                  0x080035fb   Thumb Code    18  stm32f10x_tim.o(.text)
    TIM_SelectSlaveMode                      0x0800360d   Thumb Code    18  stm32f10x_tim.o(.text)
    TIM_SelectMasterSlaveMode                0x0800361f   Thumb Code    18  stm32f10x_tim.o(.text)
    TIM_SetCounter                           0x08003631   Thumb Code     4  stm32f10x_tim.o(.text)
    TIM_SetAutoreload                        0x08003635   Thumb Code     4  stm32f10x_tim.o(.text)
    TIM_SetCompare1                          0x08003639   Thumb Code     4  stm32f10x_tim.o(.text)
    TIM_SetCompare2                          0x0800363d   Thumb Code     4  stm32f10x_tim.o(.text)
    TIM_SetCompare3                          0x08003641   Thumb Code     4  stm32f10x_tim.o(.text)
    TIM_SetCompare4                          0x08003645   Thumb Code     6  stm32f10x_tim.o(.text)
    TIM_SetClockDivision                     0x0800364b   Thumb Code    18  stm32f10x_tim.o(.text)
    TIM_GetCapture1                          0x0800365d   Thumb Code     6  stm32f10x_tim.o(.text)
    TIM_GetCapture2                          0x08003663   Thumb Code     6  stm32f10x_tim.o(.text)
    TIM_GetCapture3                          0x08003669   Thumb Code     6  stm32f10x_tim.o(.text)
    TIM_GetCapture4                          0x0800366f   Thumb Code     8  stm32f10x_tim.o(.text)
    TIM_GetCounter                           0x08003677   Thumb Code     6  stm32f10x_tim.o(.text)
    TIM_GetPrescaler                         0x0800367d   Thumb Code     6  stm32f10x_tim.o(.text)
    TIM_GetFlagStatus                        0x08003683   Thumb Code    18  stm32f10x_tim.o(.text)
    TIM_ClearFlag                            0x08003695   Thumb Code     6  stm32f10x_tim.o(.text)
    TIM_GetITStatus                          0x0800369b   Thumb Code    34  stm32f10x_tim.o(.text)
    TIM_ClearITPendingBit                    0x080036bd   Thumb Code     6  stm32f10x_tim.o(.text)
    __use_no_semihosting                     0x080036c3   Thumb Code     2  use_no_semi_2.o(.text)
    __c89printf                              0x080036c5   Thumb Code    20  c89printf.o(.text)
    __use_two_region_memory                  0x080036dd   Thumb Code     2  heapauxi.o(.text)
    __rt_heap_escrow$2region                 0x080036df   Thumb Code     2  heapauxi.o(.text)
    __rt_heap_expand$2region                 0x080036e1   Thumb Code     2  heapauxi.o(.text)
    __I$use$semihosting                      0x080036e3   Thumb Code     0  use_no_semi.o(.text)
    __use_no_semihosting_swi                 0x080036e3   Thumb Code     2  use_no_semi.o(.text)
    _printf_pre_padding                      0x080036e5   Thumb Code    44  _printf_pad.o(.text)
    _printf_post_padding                     0x08003711   Thumb Code    34  _printf_pad.o(.text)
    _printf_truncate_signed                  0x08003733   Thumb Code    18  _printf_truncate.o(.text)
    _printf_truncate_unsigned                0x08003745   Thumb Code    18  _printf_truncate.o(.text)
    _printf_str                              0x08003757   Thumb Code    82  _printf_str.o(.text)
    _printf_int_dec                          0x080037a9   Thumb Code   104  _printf_dec.o(.text)
    _printf_charcount                        0x08003821   Thumb Code    40  _printf_charcount.o(.text)
    _printf_char_file                        0x08003849   Thumb Code    32  _printf_char_file.o(.text)
    _printf_wctomb                           0x0800386d   Thumb Code   182  _printf_wctomb.o(.text)
    _printf_longlong_dec                     0x08003929   Thumb Code   108  _printf_longlong_dec.o(.text)
    _printf_longlong_oct                     0x080039a5   Thumb Code    68  _printf_oct_int_ll.o(.text)
    _printf_int_oct                          0x080039e9   Thumb Code    24  _printf_oct_int_ll.o(.text)
    _printf_ll_oct                           0x08003a01   Thumb Code    12  _printf_oct_int_ll.o(.text)
    _printf_longlong_hex                     0x08003a15   Thumb Code    86  _printf_hex_int_ll_ptr.o(.text)
    _printf_int_hex                          0x08003a6b   Thumb Code    28  _printf_hex_int_ll_ptr.o(.text)
    _printf_ll_hex                           0x08003a87   Thumb Code    12  _printf_hex_int_ll_ptr.o(.text)
    _printf_hex_ptr                          0x08003a93   Thumb Code    18  _printf_hex_int_ll_ptr.o(.text)
    __printf                                 0x08003aa9   Thumb Code   388  __printf_flags_ss_wp.o(.text)
    _ll_udiv10                               0x08003c31   Thumb Code   138  lludiv10.o(.text)
    _printf_int_common                       0x08003cbb   Thumb Code   178  _printf_intcommon.o(.text)
    __lib_sel_fp_printf                      0x08003d6d   Thumb Code     2  _printf_fp_dec.o(.text)
    _printf_fp_dec_real                      0x08003f1b   Thumb Code   620  _printf_fp_dec.o(.text)
    _printf_char_common                      0x08004193   Thumb Code    32  _printf_char_common.o(.text)
    _printf_cs_common                        0x080041b9   Thumb Code    20  _printf_char.o(.text)
    _printf_char                             0x080041cd   Thumb Code    16  _printf_char.o(.text)
    _printf_string                           0x080041dd   Thumb Code     8  _printf_char.o(.text)
    _printf_lcs_common                       0x080041e5   Thumb Code    20  _printf_wchar.o(.text)
    _printf_wchar                            0x080041f9   Thumb Code    16  _printf_wchar.o(.text)
    _printf_wstring                          0x08004209   Thumb Code     8  _printf_wchar.o(.text)
    ferror                                   0x08004211   Thumb Code     8  ferror.o(.text)
    _wcrtomb                                 0x08004219   Thumb Code    64  _wcrtomb.o(.text)
    __user_setup_stackheap                   0x08004259   Thumb Code    74  sys_stackheap_outer.o(.text)
    __rt_ctype_table                         0x080042a5   Thumb Code    16  rt_ctype_table.o(.text)
    __rt_locale                              0x080042b5   Thumb Code     8  rt_locale_intlibspace.o(.text)
    _printf_fp_infnan                        0x080042bd   Thumb Code   112  _printf_fp_infnan.o(.text)
    _btod_etento                             0x0800433d   Thumb Code   216  bigflt0.o(.text)
    exit                                     0x08004419   Thumb Code    12  exit.o(.text)
    __user_libspace                          0x08004425   Thumb Code     8  libspace.o(.text)
    __user_perproc_libspace                  0x08004425   Thumb Code     0  libspace.o(.text)
    __user_perthread_libspace                0x08004425   Thumb Code     0  libspace.o(.text)
    strcmp                                   0x0800442d   Thumb Code   128  strcmpv7m.o(.text)
    _btod_d2e                                0x080044ad   Thumb Code    62  btod.o(CL$$btod_d2e)
    _d2e_denorm_low                          0x080044eb   Thumb Code    70  btod.o(CL$$btod_d2e_denorm_low)
    _d2e_norm_op1                            0x08004531   Thumb Code    96  btod.o(CL$$btod_d2e_norm_op1)
    __btod_div_common                        0x08004591   Thumb Code   696  btod.o(CL$$btod_div_common)
    _e2e                                     0x080048c9   Thumb Code   198  btod.o(CL$$btod_e2e)
    _btod_ediv                               0x0800498f   Thumb Code    40  btod.o(CL$$btod_ediv)
    _btod_emul                               0x080049b7   Thumb Code    40  btod.o(CL$$btod_emul)
    __btod_mult_common                       0x080049df   Thumb Code   580  btod.o(CL$$btod_mult_common)
    __ARM_fpclassify                         0x08004c23   Thumb Code    40  fpclassify.o(i.__ARM_fpclassify)
    _is_digit                                0x08004c4b   Thumb Code    14  __printf_wp.o(i._is_digit)
    _get_lc_numeric                          0x08004c59   Thumb Code    44  lc_numeric_c.o(locale$$code)
    _get_lc_ctype                            0x08004c85   Thumb Code    44  lc_ctype_c.o(locale$$code)
    _printf_fp_dec                           0x08004cb1   Thumb Code     4  printf1.o(x$fpl$printf1)
    __I$use$fp                               0x08004cb4   Number         0  usenofp.o(x$fpl$usenofp)
    auchCRCHi                                0x08004cb4   Data         256  master.o(.constdata)
    auchCRCLo                                0x08004db4   Data         256  master.o(.constdata)
    auchCRCHi1                               0x08004eb4   Data         256  slave.o(.constdata)
    auchCRCLo1                               0x08004fb4   Data         256  slave.o(.constdata)
    Region$$Table$$Base                      0x0800518c   Number         0  anon$$obj.o(Region$$Table)
    Region$$Table$$Limit                     0x080051ac   Number         0  anon$$obj.o(Region$$Table)
    __ctype                                  0x080051d5   Data           0  lc_ctype_c.o(locale$$data)
    SystemCoreClock                          0x20000000   Data           4  system_stm32f10x.o(.data)
    AHBPrescTable                            0x20000004   Data          16  system_stm32f10x.o(.data)
    RS485_Baudrate                           0x20000014   Data           4  master.o(.data)
    RS485_Parity                             0x20000018   Data           1  master.o(.data)
    RS485_Frame_Distance                     0x2000001a   Data           2  master.o(.data)
    RS485_RX_CNT                             0x2000001c   Data           2  master.o(.data)
    RS485_RxFlag                             0x2000001e   Data           1  master.o(.data)
    RS485_TX_CNT                             0x20000020   Data           2  master.o(.data)
    RS485_TxFlag                             0x20000022   Data           1  master.o(.data)
    SlaverAddr                               0x20000023   Data           1  master.o(.data)
    Fuction                                  0x20000024   Data           1  master.o(.data)
    StartAddr                                0x20000026   Data           2  master.o(.data)
    ValueOrLenth                             0x20000028   Data           2  master.o(.data)
    TX_RX_SET                                0x2000002a   Data           1  master.o(.data)
    ComErr                                   0x2000002b   Data           1  master.o(.data)
    testData1                                0x2000002c   Data           4  master.o(.data)
    testData2                                0x20000030   Data           4  master.o(.data)
    testData3                                0x20000034   Data           4  master.o(.data)
    testData4                                0x20000038   Data           4  master.o(.data)
    RS485_Baudrate1                          0x20000040   Data           4  slave.o(.data)
    RS485_Parity1                            0x20000044   Data           1  slave.o(.data)
    RS485_Addr                               0x20000045   Data           1  slave.o(.data)
    RS485_Frame_Distance1                    0x20000046   Data           2  slave.o(.data)
    RS485_RX_CNT1                            0x20000048   Data           2  slave.o(.data)
    RS485_FrameFlag                          0x2000004a   Data           1  slave.o(.data)
    RS485_TX_CNT1                            0x2000004c   Data           2  slave.o(.data)
    test1Data1                               0x20000050   Data           4  slave.o(.data)
    test1Data2                               0x20000054   Data           4  slave.o(.data)
    test1Data3                               0x20000058   Data           4  slave.o(.data)
    test1Data4                               0x2000005c   Data           4  slave.o(.data)
    startRegAddr                             0x20000060   Data           2  slave.o(.data)
    RegNum                                   0x20000062   Data           2  slave.o(.data)
    calCRC                                   0x20000064   Data           2  slave.o(.data)
    __stdout                                 0x2000006c   Data           4  usart.o(.data)
    USART_RX_STA                             0x20000070   Data           2  usart.o(.data)
    RS485_RX_BUFF                            0x20000088   Data        2048  master.o(.bss)
    RS485_TX_BUFF                            0x20000888   Data        2048  master.o(.bss)
    Master_InputIO                           0x20001088   Data         200  master.o(.bss)
    Master_OutputIO                          0x20001150   Data         200  master.o(.bss)
    Master_ReadReg                           0x20001218   Data        2000  master.o(.bss)
    Master_WriteReg                          0x200019e8   Data        2000  master.o(.bss)
    RS485_RX_BUFF1                           0x200021b8   Data        2048  slave.o(.bss)
    RS485_TX_BUFF1                           0x200029b8   Data        2048  slave.o(.bss)
    Modbus_InputIO                           0x200031b8   Data         400  slave.o(.bss)
    Modbus_OutputIO                          0x20003348   Data         400  slave.o(.bss)
    Modbus_HoldReg                           0x200034d8   Data        4000  slave.o(.bss)
    USART_RX_BUF                             0x20004478   Data         200  usart.o(.bss)
    __libspace_start                         0x20004540   Data          96  libspace.o(.bss)
    __temporary_stack_top$libspace           0x200045a0   Data           0  libspace.o(.bss)



==============================================================================

Memory Map of the image

  Image Entry point : 0x08000131

  Load Region LR_IROM1 (Base: 0x08000000, Size: 0x00005360, Max: 0x00080000, ABSOLUTE)

    Execution Region ER_IROM1 (Base: 0x08000000, Size: 0x000052d8, Max: 0x00080000, ABSOLUTE)

    Base Addr    Size         Type   Attr      Idx    E Section Name        Object

    0x08000000   0x00000130   Data   RO          352    RESET               startup_stm32f10x_hd.o
    0x08000130   0x00000008   Code   RO          427  * !!!main             c_w.l(__main.o)
    0x08000138   0x00000034   Code   RO          766    !!!scatter          c_w.l(__scatter.o)
    0x0800016c   0x0000001a   Code   RO          768    !!handler_copy      c_w.l(__scatter_copy.o)
    0x08000186   0x00000002   PAD
    0x08000188   0x0000001c   Code   RO          770    !!handler_zi        c_w.l(__scatter_zi.o)
    0x080001a4   0x00000000   Code   RO          533    .ARM.Collect$$_printf_percent$$00000000  c_w.l(_printf_percent.o)
    0x080001a4   0x00000006   Code   RO          522    .ARM.Collect$$_printf_percent$$00000001  c_w.l(_printf_n.o)
    0x080001aa   0x00000006   Code   RO          524    .ARM.Collect$$_printf_percent$$00000002  c_w.l(_printf_p.o)
    0x080001b0   0x00000006   Code   RO          529    .ARM.Collect$$_printf_percent$$00000003  c_w.l(_printf_f.o)
    0x080001b6   0x00000006   Code   RO          530    .ARM.Collect$$_printf_percent$$00000004  c_w.l(_printf_e.o)
    0x080001bc   0x00000006   Code   RO          531    .ARM.Collect$$_printf_percent$$00000005  c_w.l(_printf_g.o)
    0x080001c2   0x00000006   Code   RO          532    .ARM.Collect$$_printf_percent$$00000006  c_w.l(_printf_a.o)
    0x080001c8   0x0000000a   Code   RO          537    .ARM.Collect$$_printf_percent$$00000007  c_w.l(_printf_ll.o)
    0x080001d2   0x00000006   Code   RO          526    .ARM.Collect$$_printf_percent$$00000008  c_w.l(_printf_i.o)
    0x080001d8   0x00000006   Code   RO          527    .ARM.Collect$$_printf_percent$$00000009  c_w.l(_printf_d.o)
    0x080001de   0x00000006   Code   RO          528    .ARM.Collect$$_printf_percent$$0000000A  c_w.l(_printf_u.o)
    0x080001e4   0x00000006   Code   RO          525    .ARM.Collect$$_printf_percent$$0000000B  c_w.l(_printf_o.o)
    0x080001ea   0x00000006   Code   RO          523    .ARM.Collect$$_printf_percent$$0000000C  c_w.l(_printf_x.o)
    0x080001f0   0x00000006   Code   RO          534    .ARM.Collect$$_printf_percent$$0000000D  c_w.l(_printf_lli.o)
    0x080001f6   0x00000006   Code   RO          535    .ARM.Collect$$_printf_percent$$0000000E  c_w.l(_printf_lld.o)
    0x080001fc   0x00000006   Code   RO          536    .ARM.Collect$$_printf_percent$$0000000F  c_w.l(_printf_llu.o)
    0x08000202   0x00000006   Code   RO          541    .ARM.Collect$$_printf_percent$$00000010  c_w.l(_printf_llo.o)
    0x08000208   0x00000006   Code   RO          542    .ARM.Collect$$_printf_percent$$00000011  c_w.l(_printf_llx.o)
    0x0800020e   0x0000000a   Code   RO          538    .ARM.Collect$$_printf_percent$$00000012  c_w.l(_printf_l.o)
    0x08000218   0x00000006   Code   RO          520    .ARM.Collect$$_printf_percent$$00000013  c_w.l(_printf_c.o)
    0x0800021e   0x00000006   Code   RO          521    .ARM.Collect$$_printf_percent$$00000014  c_w.l(_printf_s.o)
    0x08000224   0x00000006   Code   RO          539    .ARM.Collect$$_printf_percent$$00000015  c_w.l(_printf_lc.o)
    0x0800022a   0x00000006   Code   RO          540    .ARM.Collect$$_printf_percent$$00000016  c_w.l(_printf_ls.o)
    0x08000230   0x00000004   Code   RO          577    .ARM.Collect$$_printf_percent$$00000017  c_w.l(_printf_percent_end.o)
    0x08000234   0x00000002   Code   RO          632    .ARM.Collect$$libinit$$00000000  c_w.l(libinit.o)
    0x08000236   0x00000000   Code   RO          648    .ARM.Collect$$libinit$$00000002  c_w.l(libinit2.o)
    0x08000236   0x00000000   Code   RO          650    .ARM.Collect$$libinit$$00000004  c_w.l(libinit2.o)
    0x08000236   0x00000000   Code   RO          653    .ARM.Collect$$libinit$$0000000A  c_w.l(libinit2.o)
    0x08000236   0x00000000   Code   RO          655    .ARM.Collect$$libinit$$0000000C  c_w.l(libinit2.o)
    0x08000236   0x00000000   Code   RO          657    .ARM.Collect$$libinit$$0000000E  c_w.l(libinit2.o)
    0x08000236   0x00000006   Code   RO          658    .ARM.Collect$$libinit$$0000000F  c_w.l(libinit2.o)
    0x0800023c   0x00000000   Code   RO          660    .ARM.Collect$$libinit$$00000011  c_w.l(libinit2.o)
    0x0800023c   0x0000000c   Code   RO          661    .ARM.Collect$$libinit$$00000012  c_w.l(libinit2.o)
    0x08000248   0x00000000   Code   RO          662    .ARM.Collect$$libinit$$00000013  c_w.l(libinit2.o)
    0x08000248   0x00000000   Code   RO          664    .ARM.Collect$$libinit$$00000015  c_w.l(libinit2.o)
    0x08000248   0x0000000a   Code   RO          665    .ARM.Collect$$libinit$$00000016  c_w.l(libinit2.o)
    0x08000252   0x00000000   Code   RO          666    .ARM.Collect$$libinit$$00000017  c_w.l(libinit2.o)
    0x08000252   0x00000000   Code   RO          668    .ARM.Collect$$libinit$$00000019  c_w.l(libinit2.o)
    0x08000252   0x00000000   Code   RO          670    .ARM.Collect$$libinit$$0000001B  c_w.l(libinit2.o)
    0x08000252   0x00000000   Code   RO          672    .ARM.Collect$$libinit$$0000001D  c_w.l(libinit2.o)
    0x08000252   0x00000000   Code   RO          674    .ARM.Collect$$libinit$$0000001F  c_w.l(libinit2.o)
    0x08000252   0x00000000   Code   RO          676    .ARM.Collect$$libinit$$00000021  c_w.l(libinit2.o)
    0x08000252   0x00000000   Code   RO          678    .ARM.Collect$$libinit$$00000023  c_w.l(libinit2.o)
    0x08000252   0x00000000   Code   RO          680    .ARM.Collect$$libinit$$00000025  c_w.l(libinit2.o)
    0x08000252   0x00000000   Code   RO          684    .ARM.Collect$$libinit$$0000002C  c_w.l(libinit2.o)
    0x08000252   0x00000000   Code   RO          686    .ARM.Collect$$libinit$$0000002E  c_w.l(libinit2.o)
    0x08000252   0x00000000   Code   RO          688    .ARM.Collect$$libinit$$00000030  c_w.l(libinit2.o)
    0x08000252   0x00000000   Code   RO          690    .ARM.Collect$$libinit$$00000032  c_w.l(libinit2.o)
    0x08000252   0x00000002   Code   RO          691    .ARM.Collect$$libinit$$00000033  c_w.l(libinit2.o)
    0x08000254   0x00000002   Code   RO          709    .ARM.Collect$$libshutdown$$00000000  c_w.l(libshutdown.o)
    0x08000256   0x00000000   Code   RO          720    .ARM.Collect$$libshutdown$$00000003  c_w.l(libshutdown2.o)
    0x08000256   0x00000000   Code   RO          723    .ARM.Collect$$libshutdown$$00000006  c_w.l(libshutdown2.o)
    0x08000256   0x00000000   Code   RO          726    .ARM.Collect$$libshutdown$$00000009  c_w.l(libshutdown2.o)
    0x08000256   0x00000000   Code   RO          728    .ARM.Collect$$libshutdown$$0000000B  c_w.l(libshutdown2.o)
    0x08000256   0x00000000   Code   RO          731    .ARM.Collect$$libshutdown$$0000000E  c_w.l(libshutdown2.o)
    0x08000256   0x00000002   Code   RO          732    .ARM.Collect$$libshutdown$$0000000F  c_w.l(libshutdown2.o)
    0x08000258   0x00000000   Code   RO          453    .ARM.Collect$$rtentry$$00000000  c_w.l(__rtentry.o)
    0x08000258   0x00000000   Code   RO          551    .ARM.Collect$$rtentry$$00000002  c_w.l(__rtentry2.o)
    0x08000258   0x00000006   Code   RO          563    .ARM.Collect$$rtentry$$00000004  c_w.l(__rtentry4.o)
    0x0800025e   0x00000000   Code   RO          553    .ARM.Collect$$rtentry$$00000009  c_w.l(__rtentry2.o)
    0x0800025e   0x00000004   Code   RO          554    .ARM.Collect$$rtentry$$0000000A  c_w.l(__rtentry2.o)
    0x08000262   0x00000000   Code   RO          556    .ARM.Collect$$rtentry$$0000000C  c_w.l(__rtentry2.o)
    0x08000262   0x00000008   Code   RO          557    .ARM.Collect$$rtentry$$0000000D  c_w.l(__rtentry2.o)
    0x0800026a   0x00000002   Code   RO          640    .ARM.Collect$$rtexit$$00000000  c_w.l(rtexit.o)
    0x0800026c   0x00000000   Code   RO          693    .ARM.Collect$$rtexit$$00000002  c_w.l(rtexit2.o)
    0x0800026c   0x00000004   Code   RO          694    .ARM.Collect$$rtexit$$00000003  c_w.l(rtexit2.o)
    0x08000270   0x00000006   Code   RO          695    .ARM.Collect$$rtexit$$00000004  c_w.l(rtexit2.o)
    0x08000276   0x00000002   PAD
    0x08000278   0x00000080   Code   RO            1    .text               main.o
    0x080002f8   0x0000001a   Code   RO          128    .text               stm32f10x_it.o
    0x08000312   0x00000002   PAD
    0x08000314   0x000001e0   Code   RO          169    .text               system_stm32f10x.o
    0x080004f4   0x00000078   Code   RO          187    .text               led.o
    0x0800056c   0x00000040   Code   RO          203    .text               key.o
    0x080005ac   0x0000097c   Code   RO          215    .text               master.o
    0x08000f28   0x00000b48   Code   RO          236    .text               slave.o
    0x08001a70   0x000000d4   Code   RO          286    .text               delay.o
    0x08001b44   0x00000140   Code   RO          317    .text               usart.o
    0x08001c84   0x00000040   Code   RO          353    .text               startup_stm32f10x_hd.o
    0x08001cc4   0x000000dc   Code   RO          357    .text               misc.o
    0x08001da0   0x0000035c   Code   RO          369    .text               stm32f10x_gpio.o
    0x080020fc   0x000003a4   Code   RO          381    .text               stm32f10x_rcc.o
    0x080024a0   0x00000408   Code   RO          395    .text               stm32f10x_usart.o
    0x080028a8   0x00000e1a   Code   RO          407    .text               stm32f10x_tim.o
    0x080036c2   0x00000002   Code   RO          421    .text               c_w.l(use_no_semi_2.o)
    0x080036c4   0x00000018   Code   RO          423    .text               c_w.l(c89printf.o)
    0x080036dc   0x00000006   Code   RO          425    .text               c_w.l(heapauxi.o)
    0x080036e2   0x00000002   Code   RO          451    .text               c_w.l(use_no_semi.o)
    0x080036e4   0x0000004e   Code   RO          456    .text               c_w.l(_printf_pad.o)
    0x08003732   0x00000024   Code   RO          458    .text               c_w.l(_printf_truncate.o)
    0x08003756   0x00000052   Code   RO          460    .text               c_w.l(_printf_str.o)
    0x080037a8   0x00000078   Code   RO          462    .text               c_w.l(_printf_dec.o)
    0x08003820   0x00000028   Code   RO          464    .text               c_w.l(_printf_charcount.o)
    0x08003848   0x00000024   Code   RO          466    .text               c_w.l(_printf_char_file.o)
    0x0800386c   0x000000bc   Code   RO          468    .text               c_w.l(_printf_wctomb.o)
    0x08003928   0x0000007c   Code   RO          471    .text               c_w.l(_printf_longlong_dec.o)
    0x080039a4   0x00000070   Code   RO          477    .text               c_w.l(_printf_oct_int_ll.o)
    0x08003a14   0x00000094   Code   RO          497    .text               c_w.l(_printf_hex_int_ll_ptr.o)
    0x08003aa8   0x00000188   Code   RO          517    .text               c_w.l(__printf_flags_ss_wp.o)
    0x08003c30   0x0000008a   Code   RO          565    .text               c_w.l(lludiv10.o)
    0x08003cba   0x000000b2   Code   RO          567    .text               c_w.l(_printf_intcommon.o)
    0x08003d6c   0x0000041a   Code   RO          569    .text               c_w.l(_printf_fp_dec.o)
    0x08004186   0x00000002   PAD
    0x08004188   0x00000030   Code   RO          571    .text               c_w.l(_printf_char_common.o)
    0x080041b8   0x0000002c   Code   RO          573    .text               c_w.l(_printf_char.o)
    0x080041e4   0x0000002c   Code   RO          575    .text               c_w.l(_printf_wchar.o)
    0x08004210   0x00000008   Code   RO          578    .text               c_w.l(ferror.o)
    0x08004218   0x00000040   Code   RO          582    .text               c_w.l(_wcrtomb.o)
    0x08004258   0x0000004a   Code   RO          584    .text               c_w.l(sys_stackheap_outer.o)
    0x080042a2   0x00000002   PAD
    0x080042a4   0x00000010   Code   RO          586    .text               c_w.l(rt_ctype_table.o)
    0x080042b4   0x00000008   Code   RO          591    .text               c_w.l(rt_locale_intlibspace.o)
    0x080042bc   0x00000080   Code   RO          593    .text               c_w.l(_printf_fp_infnan.o)
    0x0800433c   0x000000dc   Code   RO          597    .text               c_w.l(bigflt0.o)
    0x08004418   0x0000000c   Code   RO          625    .text               c_w.l(exit.o)
    0x08004424   0x00000008   Code   RO          637    .text               c_w.l(libspace.o)
    0x0800442c   0x00000080   Code   RO          645    .text               c_w.l(strcmpv7m.o)
    0x080044ac   0x0000003e   Code   RO          600    CL$$btod_d2e        c_w.l(btod.o)
    0x080044ea   0x00000046   Code   RO          602    CL$$btod_d2e_denorm_low  c_w.l(btod.o)
    0x08004530   0x00000060   Code   RO          601    CL$$btod_d2e_norm_op1  c_w.l(btod.o)
    0x08004590   0x00000338   Code   RO          610    CL$$btod_div_common  c_w.l(btod.o)
    0x080048c8   0x000000c6   Code   RO          607    CL$$btod_e2e        c_w.l(btod.o)
    0x0800498e   0x00000028   Code   RO          604    CL$$btod_ediv       c_w.l(btod.o)
    0x080049b6   0x00000028   Code   RO          603    CL$$btod_emul       c_w.l(btod.o)
    0x080049de   0x00000244   Code   RO          609    CL$$btod_mult_common  c_w.l(btod.o)
    0x08004c22   0x00000028   Code   RO          635    i.__ARM_fpclassify  m_ws.l(fpclassify.o)
    0x08004c4a   0x0000000e   Code   RO          510    i._is_digit         c_w.l(__printf_wp.o)
    0x08004c58   0x0000002c   Code   RO          623    locale$$code        c_w.l(lc_numeric_c.o)
    0x08004c84   0x0000002c   Code   RO          643    locale$$code        c_w.l(lc_ctype_c.o)
    0x08004cb0   0x00000004   Code   RO          547    x$fpl$printf1       fz_ws.l(printf1.o)
    0x08004cb4   0x00000000   Code   RO          549    x$fpl$usenofp       fz_ws.l(usenofp.o)
    0x08004cb4   0x00000200   Data   RO          217    .constdata          master.o
    0x08004eb4   0x00000200   Data   RO          238    .constdata          slave.o
    0x080050b4   0x00000008   Data   RO          469    .constdata          c_w.l(_printf_wctomb.o)
    0x080050bc   0x00000028   Data   RO          498    .constdata          c_w.l(_printf_hex_int_ll_ptr.o)
    0x080050e4   0x00000011   Data   RO          518    .constdata          c_w.l(__printf_flags_ss_wp.o)
    0x080050f5   0x00000003   PAD
    0x080050f8   0x00000094   Data   RO          598    .constdata          c_w.l(bigflt0.o)
    0x0800518c   0x00000020   Data   RO          764    Region$$Table       anon$$obj.o
    0x080051ac   0x0000001c   Data   RO          622    locale$$data        c_w.l(lc_numeric_c.o)
    0x080051c8   0x00000110   Data   RO          642    locale$$data        c_w.l(lc_ctype_c.o)


    Execution Region RW_IRAM1 (Base: 0x20000000, Size: 0x00004ba0, Max: 0x00010000, ABSOLUTE)

    Base Addr    Size         Type   Attr      Idx    E Section Name        Object

    0x20000000   0x00000014   Data   RW          170    .data               system_stm32f10x.o
    0x20000014   0x0000002a   Data   RW          218    .data               master.o
    0x2000003e   0x00000002   PAD
    0x20000040   0x00000026   Data   RW          239    .data               slave.o
    0x20000066   0x00000004   Data   RW          287    .data               delay.o
    0x2000006a   0x00000002   PAD
    0x2000006c   0x00000006   Data   RW          319    .data               usart.o
    0x20000072   0x00000014   Data   RW          382    .data               stm32f10x_rcc.o
    0x20000086   0x00000002   PAD
    0x20000088   0x00002130   Zero   RW          216    .bss                master.o
    0x200021b8   0x000022c0   Zero   RW          237    .bss                slave.o
    0x20004478   0x000000c8   Zero   RW          318    .bss                usart.o
    0x20004540   0x00000060   Zero   RW          638    .bss                c_w.l(libspace.o)
    0x200045a0   0x00000200   Zero   RW          351    HEAP                startup_stm32f10x_hd.o
    0x200047a0   0x00000400   Zero   RW          350    STACK               startup_stm32f10x_hd.o


==============================================================================

Image component sizes


      Code (inc. data)   RO Data    RW Data    ZI Data      Debug   Object Name

       212         18          0          4          0       1019   delay.o
        64          8          0          0          0        475   key.o
       120         22          0          0          0      15788   led.o
       128          8          0          0          0     252727   main.o
      2428        176        512         42       8496       8073   master.o
       220         22          0          0          0       1797   misc.o
      2888        178        512         38       8896       5693   slave.o
        64         26        304          0       1536        800   startup_stm32f10x_hd.o
       860         38          0          0          0       5641   stm32f10x_gpio.o
        26          0          0          0          0       1178   stm32f10x_it.o
       932         36          0         20          0       8812   stm32f10x_rcc.o
      3610         88          0          0          0      22128   stm32f10x_tim.o
      1032         22          0          0          0       8368   stm32f10x_usart.o
         0          0          0          0          0         32   sys.o
       480         38          0         20          0       1731   system_stm32f10x.o
       320         16          0          6        200       2850   usart.o

    ----------------------------------------------------------------------
     13386        696       1360        136      19128     337112   Object Totals
         0          0         32          0          0          0   (incl. Generated)
         2          0          0          6          0          0   (incl. Padding)

    ----------------------------------------------------------------------

      Code (inc. data)   RO Data    RW Data    ZI Data      Debug   Library Member Name

         8          0          0          0          0         68   __main.o
       392          4         17          0          0         92   __printf_flags_ss_wp.o
        14          0          0          0          0         68   __printf_wp.o
         0          0          0          0          0          0   __rtentry.o
        12          0          0          0          0          0   __rtentry2.o
         6          0          0          0          0          0   __rtentry4.o
        52          8          0          0          0          0   __scatter.o
        26          0          0          0          0          0   __scatter_copy.o
        28          0          0          0          0          0   __scatter_zi.o
         6          0          0          0          0          0   _printf_a.o
         6          0          0          0          0          0   _printf_c.o
        44          0          0          0          0        108   _printf_char.o
        48          6          0          0          0         96   _printf_char_common.o
        36          4          0          0          0         80   _printf_char_file.o
        40          0          0          0          0         68   _printf_charcount.o
         6          0          0          0          0          0   _printf_d.o
       120         16          0          0          0         92   _printf_dec.o
         6          0          0          0          0          0   _printf_e.o
         6          0          0          0          0          0   _printf_f.o
      1050          0          0          0          0        216   _printf_fp_dec.o
       128         16          0          0          0         84   _printf_fp_infnan.o
         6          0          0          0          0          0   _printf_g.o
       148          4         40          0          0        160   _printf_hex_int_ll_ptr.o
         6          0          0          0          0          0   _printf_i.o
       178          0          0          0          0         88   _printf_intcommon.o
        10          0          0          0          0          0   _printf_l.o
         6          0          0          0          0          0   _printf_lc.o
        10          0          0          0          0          0   _printf_ll.o
         6          0          0          0          0          0   _printf_lld.o
         6          0          0          0          0          0   _printf_lli.o
         6          0          0          0          0          0   _printf_llo.o
         6          0          0          0          0          0   _printf_llu.o
         6          0          0          0          0          0   _printf_llx.o
       124         16          0          0          0         92   _printf_longlong_dec.o
         6          0          0          0          0          0   _printf_ls.o
         6          0          0          0          0          0   _printf_n.o
         6          0          0          0          0          0   _printf_o.o
       112          8          0          0          0        124   _printf_oct_int_ll.o
         6          0          0          0          0          0   _printf_p.o
        78          0          0          0          0        108   _printf_pad.o
         0          0          0          0          0          0   _printf_percent.o
         4          0          0          0          0          0   _printf_percent_end.o
         6          0          0          0          0          0   _printf_s.o
        82          0          0          0          0         80   _printf_str.o
        36          0          0          0          0         84   _printf_truncate.o
         6          0          0          0          0          0   _printf_u.o
        44          0          0          0          0        108   _printf_wchar.o
       188          6          8          0          0         92   _printf_wctomb.o
         6          0          0          0          0          0   _printf_x.o
        64          0          0          0          0         92   _wcrtomb.o
       220          4        148          0          0         96   bigflt0.o
      1910        128          0          0          0        672   btod.o
        24          4          0          0          0         84   c89printf.o
        12          0          0          0          0         72   exit.o
         8          0          0          0          0         68   ferror.o
         6          0          0          0          0        152   heapauxi.o
        44         10        272          0          0         76   lc_ctype_c.o
        44         10         28          0          0         76   lc_numeric_c.o
         2          0          0          0          0          0   libinit.o
        30          0          0          0          0          0   libinit2.o
         2          0          0          0          0          0   libshutdown.o
         2          0          0          0          0          0   libshutdown2.o
         8          4          0          0         96         68   libspace.o
       138          0          0          0          0         80   lludiv10.o
        16          4          0          0          0         76   rt_ctype_table.o
         8          4          0          0          0         68   rt_locale_intlibspace.o
         2          0          0          0          0          0   rtexit.o
        10          0          0          0          0          0   rtexit2.o
       128          0          0          0          0         68   strcmpv7m.o
        74          0          0          0          0         80   sys_stackheap_outer.o
         2          0          0          0          0         68   use_no_semi.o
         2          0          0          0          0         68   use_no_semi_2.o
         4          0          0          0          0         68   printf1.o
         0          0          0          0          0          0   usenofp.o
        40          0          0          0          0         68   fpclassify.o

    ----------------------------------------------------------------------
      5946        256        516          0         96       4008   Library Totals
         8          0          3          0          0          0   (incl. Padding)

    ----------------------------------------------------------------------

      Code (inc. data)   RO Data    RW Data    ZI Data      Debug   Library Name

      5894        256        513          0         96       3872   c_w.l
         4          0          0          0          0         68   fz_ws.l
        40          0          0          0          0         68   m_ws.l

    ----------------------------------------------------------------------
      5946        256        516          0         96       4008   Library Totals

    ----------------------------------------------------------------------

==============================================================================


      Code (inc. data)   RO Data    RW Data    ZI Data      Debug   

     19332        952       1876        136      19224     337736   Grand Totals
     19332        952       1876        136      19224     337736   ELF Image Totals
     19332        952       1876        136          0          0   ROM Totals

==============================================================================

    Total RO  Size (Code + RO Data)                21208 (  20.71kB)
    Total RW  Size (RW Data + ZI Data)             19360 (  18.91kB)
    Total ROM Size (Code + RO Data + RW Data)      21344 (  20.84kB)

==============================================================================

