<html>
<body>
<pre>
<h1>µVision Build Log</h1>
<h2>Tool Versions:</h2>
IDE-Version: ¦ÌVision V5.14.0.0
Copyright (C) 2015 ARM Ltd and ARM Germany GmbH. All rights reserved.
License Information: x w, xw, LIC=Q7GX7-EIRGT-68RFC-7IUTX-FC8LC-P8JJX
 
Tool Versions:
Toolchain:       MDK-ARM Professional  Version: 5.14.0.0
Toolchain Path:  D:\kiel-v5\ARM\ARMCC\Bin
C Compiler:      Armcc.exe V5.05 update 1 (build 106)
Assembler:       Armasm.exe V5.05 update 1 (build 106)
Linker/Locator:  ArmLink.exe V5.05 update 1 (build 106)
Library Manager: ArmAr.exe V5.05 update 1 (build 106)
Hex Converter:   FromElf.exe V5.05 update 1 (build 106)
CPU DLL:         SARMCM3.DLL V5.14.0.0
Dialog DLL:      DCM.DLL V1.13.1.0
Target DLL:      UL2CM3.DLL V1.155.0.0
Dialog DLL:      TCM.DLL V1.14.4.0
 
<h2>Project:</h2>
D:\kiel-v5\work\stm32f103zet6\iic\USER\LED.uvprojx
Project File Date:  08/14/2017

<h2>Output:</h2>
Build target 'LED'
compiling main.c...
..\HARDWARE\iic\iic.h(15): warning:  #1295-D: Deprecated declaration iic_start - give arg types
  void iic_start();
..\HARDWARE\iic\iic.h(16): warning:  #1295-D: Deprecated declaration iic_stop - give arg types
  void iic_stop();
..\HARDWARE\iic\iic.h(17): warning:  #1295-D: Deprecated declaration iic_wait_ack - give arg types
  u8 iic_wait_ack();
..\HARDWARE\iic\iic.h(31): warning:  #1-D: last line of file ends without a newline
  #endif
..\HARDWARE\th_sensor\th_sensor.h(12): warning:  #1295-D: Deprecated declaration sht30_read_data - give arg types
  void sht30_read_data();
..\HARDWARE\th_sensor\th_sensor.h(18): warning:  #1-D: last line of file ends without a newline
  #endif
main.c(15): warning:  #177-D: variable "i" was declared but never referenced
    u8 i=0;
main.c: 7 warnings, 0 errors
linking...
Program Size: Code=4836 RO-data=336 RW-data=64 ZI-data=1832  
FromELF: creating hex file...
"..\OBJ\LED.axf" - 0 Error(s), 7 Warning(s).

<h2>Collection of Component include folders:</h2>
  D:\kiel-v5\work\stm32f103zet6\iic\USER\RTE
  D:\kiel-v5\ARM\PACK\Keil\STM32F1xx_DFP\1.0.5\Device\Include

<h2>Collection of Component Files used:</h2>
</pre>
</body>
</html>
