Component: ARM Compiler 5.05 update 1 (build 106) Tool: armlink [4d0efa]

==============================================================================

Section Cross References

    main.o(.text) refers to _printf_percent.o(.ARM.Collect$$_printf_percent$$00000000) for _printf_percent
    main.o(.text) refers to _printf_d.o(.ARM.Collect$$_printf_percent$$00000009) for _printf_d
    main.o(.text) refers to _printf_dec.o(.text) for _printf_int_dec
    main.o(.text) refers to cpu_a.o(.text) for CPU_SR_Save
    main.o(.text) refers to ili93xx.o(.text) for LCD_DrawRectangle
    main.o(.text) refers to os_core.o(.text) for OS_Sched0
    main.o(.text) refers to noretval__2printf.o(.text) for __2printf
    main.o(.text) refers to os_time.o(.text) for OSTimeDlyHMSM
    main.o(.text) refers to cpu_core.o(.text) for CPU_Init
    main.o(.text) refers to os_stat.o(.text) for OSStatTaskCPUUsageInit
    main.o(.text) refers to os_task.o(.text) for OSTaskCreate
    main.o(.text) refers to delay.o(.text) for delay_init
    main.o(.text) refers to misc.o(.text) for NVIC_PriorityGroupConfig
    main.o(.text) refers to usart.o(.text) for uart_init
    main.o(.text) refers to led.o(.text) for LED_Init
    main.o(.text) refers to ili93xx.o(.data) for POINT_COLOR
    main.o(.text) refers to os_var.o(.data) for OSSchedLockNestingCtr
    main.o(.text) refers to main.o(.data) for lcd_discolor
    main.o(.text) refers to main.o(.bss) for TASK1_TASK_STK
    system_stm32f10x.o(.text) refers to system_stm32f10x.o(.data) for SystemCoreClock
    led.o(.text) refers to stm32f10x_rcc.o(.text) for RCC_APB2PeriphClockCmd
    led.o(.text) refers to stm32f10x_gpio.o(.text) for GPIO_Init
    ili93xx.o(.text) refers to _printf_percent.o(.ARM.Collect$$_printf_percent$$00000000) for _printf_percent
    ili93xx.o(.text) refers to _printf_x.o(.ARM.Collect$$_printf_percent$$0000000C) for _printf_x
    ili93xx.o(.text) refers to _printf_hex_int.o(.text) for _printf_longlong_hex
    ili93xx.o(.text) refers to delay.o(.text) for delay_us
    ili93xx.o(.text) refers to ili93xx.o(.bss) for lcddev
    ili93xx.o(.text) refers to ili93xx.o(.data) for POINT_COLOR
    ili93xx.o(.text) refers to dflt_clz.o(x$fpl$dfltu) for __aeabi_ui2d
    ili93xx.o(.text) refers to dmul.o(x$fpl$dmul) for __aeabi_dmul
    ili93xx.o(.text) refers to dfixu.o(x$fpl$dfixu) for __aeabi_d2uiz
    ili93xx.o(.text) refers to noretval__2printf.o(.text) for __2printf
    ili93xx.o(.text) refers to ili93xx.o(.constdata) for asc2_1206
    delay.o(.text) refers to os_core.o(.text) for OSSchedLock
    delay.o(.text) refers to os_time.o(.text) for OSTimeDly
    delay.o(.text) refers to misc.o(.text) for SysTick_CLKSourceConfig
    delay.o(.text) refers to os_var.o(.data) for OSRunning
    delay.o(.text) refers to system_stm32f10x.o(.data) for SystemCoreClock
    delay.o(.text) refers to delay.o(.data) for fac_us
    delay.o(.text) refers to os_cfg_app.o(.constdata) for OSCfg_TickRate_Hz
    usart.o(.text) refers (Special) to use_no_semi_2.o(.text) for __use_no_semihosting
    usart.o(.text) refers to stm32f10x_rcc.o(.text) for RCC_APB2PeriphClockCmd
    usart.o(.text) refers to stm32f10x_usart.o(.text) for USART_DeInit
    usart.o(.text) refers to stm32f10x_gpio.o(.text) for GPIO_Init
    usart.o(.text) refers to misc.o(.text) for NVIC_Init
    usart.o(.text) refers to os_core.o(.text) for OSIntEnter
    usart.o(.text) refers to usart.o(.data) for USART_RX_STA
    usart.o(.text) refers to usart.o(.bss) for USART_RX_BUF
    usart.o(.bss) refers (Special) to use_no_semi_2.o(.text) for __use_no_semihosting
    usart.o(.data) refers (Special) to use_no_semi_2.o(.text) for __use_no_semihosting
    startup_stm32f10x_hd.o(STACK) refers (Special) to heapauxi.o(.text) for __use_two_region_memory
    startup_stm32f10x_hd.o(HEAP) refers (Special) to heapauxi.o(.text) for __use_two_region_memory
    startup_stm32f10x_hd.o(RESET) refers (Special) to heapauxi.o(.text) for __use_two_region_memory
    startup_stm32f10x_hd.o(RESET) refers to startup_stm32f10x_hd.o(STACK) for __initial_sp
    startup_stm32f10x_hd.o(RESET) refers to startup_stm32f10x_hd.o(.text) for Reset_Handler
    startup_stm32f10x_hd.o(RESET) refers to stm32f10x_it.o(.text) for NMI_Handler
    startup_stm32f10x_hd.o(RESET) refers to os_cpu_a.o(CODE) for PendSV_Handler
    startup_stm32f10x_hd.o(RESET) refers to delay.o(.text) for SysTick_Handler
    startup_stm32f10x_hd.o(RESET) refers to usart.o(.text) for USART1_IRQHandler
    startup_stm32f10x_hd.o(.text) refers (Special) to heapauxi.o(.text) for __use_two_region_memory
    startup_stm32f10x_hd.o(.text) refers to system_stm32f10x.o(.text) for SystemInit
    startup_stm32f10x_hd.o(.text) refers to __main.o(!!!main) for __main
    startup_stm32f10x_hd.o(.text) refers to startup_stm32f10x_hd.o(HEAP) for Heap_Mem
    startup_stm32f10x_hd.o(.text) refers to startup_stm32f10x_hd.o(STACK) for Stack_Mem
    stm32f10x_gpio.o(.text) refers to stm32f10x_rcc.o(.text) for RCC_APB2PeriphResetCmd
[...]
    __rt_lib_init_argv_1                     0x080001f7   Thumb Code     0  libinit2.o(.ARM.Collect$$libinit$$0000002C)
    __rt_lib_init_atexit_1                   0x080001f7   Thumb Code     0  libinit2.o(.ARM.Collect$$libinit$$0000001B)
    __rt_lib_init_clock_1                    0x080001f7   Thumb Code     0  libinit2.o(.ARM.Collect$$libinit$$00000021)
    __rt_lib_init_cpp_1                      0x080001f7   Thumb Code     0  libinit2.o(.ARM.Collect$$libinit$$00000032)
    __rt_lib_init_exceptions_1               0x080001f7   Thumb Code     0  libinit2.o(.ARM.Collect$$libinit$$00000030)
    __rt_lib_init_fp_1                       0x080001f7   Thumb Code     0  libinit2.o(.ARM.Collect$$libinit$$00000002)
    __rt_lib_init_fp_trap_1                  0x080001f7   Thumb Code     0  libinit2.o(.ARM.Collect$$libinit$$0000001F)
    __rt_lib_init_getenv_1                   0x080001f7   Thumb Code     0  libinit2.o(.ARM.Collect$$libinit$$00000023)
    __rt_lib_init_heap_1                     0x080001f7   Thumb Code     0  libinit2.o(.ARM.Collect$$libinit$$0000000A)
    __rt_lib_init_lc_collate_1               0x080001f7   Thumb Code     0  libinit2.o(.ARM.Collect$$libinit$$00000011)
    __rt_lib_init_lc_ctype_1                 0x080001f7   Thumb Code     0  libinit2.o(.ARM.Collect$$libinit$$00000013)
    __rt_lib_init_lc_monetary_1              0x080001f7   Thumb Code     0  libinit2.o(.ARM.Collect$$libinit$$00000015)
    __rt_lib_init_lc_numeric_1               0x080001f7   Thumb Code     0  libinit2.o(.ARM.Collect$$libinit$$00000017)
    __rt_lib_init_lc_time_1                  0x080001f7   Thumb Code     0  libinit2.o(.ARM.Collect$$libinit$$00000019)
    __rt_lib_init_preinit_1                  0x080001f7   Thumb Code     0  libinit2.o(.ARM.Collect$$libinit$$00000004)
    __rt_lib_init_rand_1                     0x080001f7   Thumb Code     0  libinit2.o(.ARM.Collect$$libinit$$0000000E)
    __rt_lib_init_return                     0x080001f7   Thumb Code     0  libinit2.o(.ARM.Collect$$libinit$$00000033)
    __rt_lib_init_signal_1                   0x080001f7   Thumb Code     0  libinit2.o(.ARM.Collect$$libinit$$0000001D)
    __rt_lib_init_stdio_1                    0x080001f7   Thumb Code     0  libinit2.o(.ARM.Collect$$libinit$$00000025)
    __rt_lib_init_user_alloc_1               0x080001f7   Thumb Code     0  libinit2.o(.ARM.Collect$$libinit$$0000000C)
    __rt_lib_shutdown                        0x080001f9   Thumb Code     0  libshutdown.o(.ARM.Collect$$libshutdown$$00000000)
    __rt_lib_shutdown_fp_trap_1              0x080001fb   Thumb Code     0  libshutdown2.o(.ARM.Collect$$libshutdown$$00000006)
    __rt_lib_shutdown_heap_1                 0x080001fb   Thumb Code     0  libshutdown2.o(.ARM.Collect$$libshutdown$$0000000E)
    __rt_lib_shutdown_return                 0x080001fb   Thumb Code     0  libshutdown2.o(.ARM.Collect$$libshutdown$$0000000F)
    __rt_lib_shutdown_signal_1               0x080001fb   Thumb Code     0  libshutdown2.o(.ARM.Collect$$libshutdown$$00000009)
    __rt_lib_shutdown_stdio_1                0x080001fb   Thumb Code     0  libshutdown2.o(.ARM.Collect$$libshutdown$$00000003)
    __rt_lib_shutdown_user_alloc_1           0x080001fb   Thumb Code     0  libshutdown2.o(.ARM.Collect$$libshutdown$$0000000B)
    __rt_entry                               0x080001fd   Thumb Code     0  __rtentry.o(.ARM.Collect$$rtentry$$00000000)
    __rt_entry_presh_1                       0x080001fd   Thumb Code     0  __rtentry2.o(.ARM.Collect$$rtentry$$00000002)
    __rt_entry_sh                            0x080001fd   Thumb Code     0  __rtentry4.o(.ARM.Collect$$rtentry$$00000004)
    __rt_entry_li                            0x08000203   Thumb Code     0  __rtentry2.o(.ARM.Collect$$rtentry$$0000000A)
    __rt_entry_postsh_1                      0x08000203   Thumb Code     0  __rtentry2.o(.ARM.Collect$$rtentry$$00000009)
    __rt_entry_main                          0x08000207   Thumb Code     0  __rtentry2.o(.ARM.Collect$$rtentry$$0000000D)
    __rt_entry_postli_1                      0x08000207   Thumb Code     0  __rtentry2.o(.ARM.Collect$$rtentry$$0000000C)
    __rt_exit                                0x0800020f   Thumb Code     0  rtexit.o(.ARM.Collect$$rtexit$$00000000)
    __rt_exit_ls                             0x08000211   Thumb Code     0  rtexit2.o(.ARM.Collect$$rtexit$$00000003)
    __rt_exit_prels_1                        0x08000211   Thumb Code     0  rtexit2.o(.ARM.Collect$$rtexit$$00000002)
    __rt_exit_exit                           0x08000215   Thumb Code     0  rtexit2.o(.ARM.Collect$$rtexit$$00000004)
    task2_task                               0x0800021d   Thumb Code   290  main.o(.text)
    task1_task                               0x0800033f   Thumb Code   310  main.o(.text)
    start_task                               0x08000475   Thumb Code   274  main.o(.text)
    main                                     0x08000587   Thumb Code   406  main.o(.text)
    NMI_Handler                              0x08000725   Thumb Code     2  stm32f10x_it.o(.text)
    HardFault_Handler                        0x08000727   Thumb Code     4  stm32f10x_it.o(.text)
    MemManage_Handler                        0x0800072b   Thumb Code     4  stm32f10x_it.o(.text)
    BusFault_Handler                         0x0800072f   Thumb Code     4  stm32f10x_it.o(.text)
    UsageFault_Handler                       0x08000733   Thumb Code     4  stm32f10x_it.o(.text)
    SVC_Handler                              0x08000737   Thumb Code     2  stm32f10x_it.o(.text)
    DebugMon_Handler                         0x08000739   Thumb Code     2  stm32f10x_it.o(.text)
    SystemInit                               0x0800081b   Thumb Code    78  system_stm32f10x.o(.text)
    SystemCoreClockUpdate                    0x08000869   Thumb Code   142  system_stm32f10x.o(.text)
    LED_Init                                 0x0800091d   Thumb Code    68  led.o(.text)
    LCD_WR_REG                               0x08000969   Thumb Code    18  ili93xx.o(.text)
    LCD_WR_DATA                              0x0800097b   Thumb Code    20  ili93xx.o(.text)
    LCD_RD_DATA                              0x0800098f   Thumb Code    16  ili93xx.o(.text)
    LCD_WriteReg                             0x0800099f   Thumb Code    20  ili93xx.o(.text)
    LCD_ReadReg                              0x080009b3   Thumb Code    22  ili93xx.o(.text)
    LCD_WriteRAM_Prepare                     0x080009c9   Thumb Code    10  ili93xx.o(.text)
    LCD_WriteRAM                             0x080009d3   Thumb Code     8  ili93xx.o(.text)
    LCD_BGR2RGB                              0x080009db   Thumb Code    26  ili93xx.o(.text)
    opt_delay                                0x080009f5   Thumb Code    14  ili93xx.o(.text)
    LCD_SetCursor                            0x08000a03   Thumb Code   418  ili93xx.o(.text)
    LCD_ReadPoint                            0x08000ba5   Thumb Code   388  ili93xx.o(.text)
    LCD_DisplayOn                            0x08000d29   Thumb Code   102  ili93xx.o(.text)
    LCD_DisplayOff                           0x08000d8f   Thumb Code    90  ili93xx.o(.text)
    LCD_Scan_Dir                             0x08000de9   Thumb Code   744  ili93xx.o(.text)
    LCD_DrawPoint                            0x080010d1   Thumb Code    28  ili93xx.o(.text)
    LCD_Fast_DrawPoint                       0x080010ed   Thumb Code   384  ili93xx.o(.text)
    LCD_SSD_BackLightSet                     0x0800126d   Thumb Code    80  ili93xx.o(.text)
    LCD_Display_Dir                          0x080012bd   Thumb Code   444  ili93xx.o(.text)
    LCD_Set_Window                           0x08001479   Thumb Code   544  ili93xx.o(.text)
    LCD_Clear                                0x08001699   Thumb Code   100  ili93xx.o(.text)
    LCD_Init                                 0x080016fd   Thumb Code 14288  ili93xx.o(.text)
    LCD_Fill                                 0x08004ecd   Thumb Code   178  ili93xx.o(.text)
    LCD_Color_Fill                           0x08004f7f   Thumb Code   104  ili93xx.o(.text)
    LCD_DrawLine                             0x08004fe7   Thumb Code   176  ili93xx.o(.text)
    LCD_DrawRectangle                        0x08005097   Thumb Code    60  ili93xx.o(.text)
    LCD_Draw_Circle                          0x080050d3   Thumb Code   152  ili93xx.o(.text)
    LCD_ShowChar                             0x0800516b   Thumb Code   272  ili93xx.o(.text)
    LCD_Pow                                  0x0800527b   Thumb Code    22  ili93xx.o(.text)
    LCD_ShowNum                              0x08005291   Thumb Code   148  ili93xx.o(.text)
    LCD_ShowxNum                             0x08005325   Thumb Code   220  ili93xx.o(.text)
    LCD_ShowString                           0x08005401   Thumb Code   102  ili93xx.o(.text)
    delay_osschedlock                        0x08005469   Thumb Code    10  delay.o(.text)
    delay_osschedunlock                      0x08005473   Thumb Code    10  delay.o(.text)
    delay_ostimedly                          0x0800547d   Thumb Code    16  delay.o(.text)
    SysTick_Handler                          0x0800548d   Thumb Code    24  delay.o(.text)
    delay_init                               0x080054a5   Thumb Code    92  delay.o(.text)
    delay_us                                 0x08005501   Thumb Code    86  delay.o(.text)
    delay_ms                                 0x08005557   Thumb Code    66  delay.o(.text)
    _sys_exit                                0x080055b5   Thumb Code     6  usart.o(.text)
    fputc                                    0x080055bb   Thumb Code    24  usart.o(.text)
    uart_init                                0x080055d3   Thumb Code   158  usart.o(.text)
    USART1_IRQHandler                        0x08005671   Thumb Code   130  usart.o(.text)
    Reset_Handler                            0x08005705   Thumb Code     8  startup_stm32f10x_hd.o(.text)
    ADC1_2_IRQHandler                        0x0800571f   Thumb Code     0  startup_stm32f10x_hd.o(.text)
    ADC3_IRQHandler                          0x0800571f   Thumb Code     0  startup_stm32f10x_hd.o(.text)
    CAN1_RX1_IRQHandler                      0x0800571f   Thumb Code     0  startup_stm32f10x_hd.o(.text)
    CAN1_SCE_IRQHandler                      0x0800571f   Thumb Code     0  startup_stm32f10x_hd.o(.text)
    DMA1_Channel1_IRQHandler                 0x0800571f   Thumb Code     0  startup_stm32f10x_hd.o(.text)
    DMA1_Channel2_IRQHandler                 0x0800571f   Thumb Code     0  startup_stm32f10x_hd.o(.text)
    DMA1_Channel3_IRQHandler                 0x0800571f   Thumb Code     0  startup_stm32f10x_hd.o(.text)
    DMA1_Channel4_IRQHandler                 0x0800571f   Thumb Code     0  startup_stm32f10x_hd.o(.text)
    DMA1_Channel5_IRQHandler                 0x0800571f   Thumb Code     0  startup_stm32f10x_hd.o(.text)
    DMA1_Channel6_IRQHandler                 0x0800571f   Thumb Code     0  startup_stm32f10x_hd.o(.text)
    DMA1_Channel7_IRQHandler                 0x0800571f   Thumb Code     0  startup_stm32f10x_hd.o(.text)
    DMA2_Channel1_IRQHandler                 0x0800571f   Thumb Code     0  startup_stm32f10x_hd.o(.text)
    DMA2_Channel2_IRQHandler                 0x0800571f   Thumb Code     0  startup_stm32f10x_hd.o(.text)
    DMA2_Channel3_IRQHandler                 0x0800571f   Thumb Code     0  startup_stm32f10x_hd.o(.text)
    DMA2_Channel4_5_IRQHandler               0x0800571f   Thumb Code     0  startup_stm32f10x_hd.o(.text)
    EXTI0_IRQHandler                         0x0800571f   Thumb Code     0  startup_stm32f10x_hd.o(.text)
    EXTI15_10_IRQHandler                     0x0800571f   Thumb Code     0  startup_stm32f10x_hd.o(.text)
    EXTI1_IRQHandler                         0x0800571f   Thumb Code     0  startup_stm32f10x_hd.o(.text)
    EXTI2_IRQHandler                         0x0800571f   Thumb Code     0  startup_stm32f10x_hd.o(.text)
    EXTI3_IRQHandler                         0x0800571f   Thumb Code     0  startup_stm32f10x_hd.o(.text)
    EXTI4_IRQHandler                         0x0800571f   Thumb Code     0  startup_stm32f10x_hd.o(.text)
    EXTI9_5_IRQHandler                       0x0800571f   Thumb Code     0  startup_stm32f10x_hd.o(.text)
    FLASH_IRQHandler                         0x0800571f   Thumb Code     0  startup_stm32f10x_hd.o(.text)
    FSMC_IRQHandler                          0x0800571f   Thumb Code     0  startup_stm32f10x_hd.o(.text)
    I2C1_ER_IRQHandler                       0x0800571f   Thumb Code     0  startup_stm32f10x_hd.o(.text)
    I2C1_EV_IRQHandler                       0x0800571f   Thumb Code     0  startup_stm32f10x_hd.o(.text)
    I2C2_ER_IRQHandler                       0x0800571f   Thumb Code     0  startup_stm32f10x_hd.o(.text)
    I2C2_EV_IRQHandler                       0x0800571f   Thumb Code     0  startup_stm32f10x_hd.o(.text)
    PVD_IRQHandler                           0x0800571f   Thumb Code     0  startup_stm32f10x_hd.o(.text)
    RCC_IRQHandler                           0x0800571f   Thumb Code     0  startup_stm32f10x_hd.o(.text)
    RTCAlarm_IRQHandler                      0x0800571f   Thumb Code     0  startup_stm32f10x_hd.o(.text)
    RTC_IRQHandler                           0x0800571f   Thumb Code     0  startup_stm32f10x_hd.o(.text)
    SDIO_IRQHandler                          0x0800571f   Thumb Code     0  startup_stm32f10x_hd.o(.text)
    SPI1_IRQHandler                          0x0800571f   Thumb Code     0  startup_stm32f10x_hd.o(.text)
    SPI2_IRQHandler                          0x0800571f   Thumb Code     0  startup_stm32f10x_hd.o(.text)
    SPI3_IRQHandler                          0x0800571f   Thumb Code     0  startup_stm32f10x_hd.o(.text)
    TAMPER_IRQHandler                        0x0800571f   Thumb Code     0  startup_stm32f10x_hd.o(.text)
    TIM1_BRK_IRQHandler                      0x0800571f   Thumb Code     0  startup_stm32f10x_hd.o(.text)
    TIM1_CC_IRQHandler                       0x0800571f   Thumb Code     0  startup_stm32f10x_hd.o(.text)
    TIM1_TRG_COM_IRQHandler                  0x0800571f   Thumb Code     0  startup_stm32f10x_hd.o(.text)
    TIM1_UP_IRQHandler                       0x0800571f   Thumb Code     0  startup_stm32f10x_hd.o(.text)
    TIM2_IRQHandler                          0x0800571f   Thumb Code     0  startup_stm32f10x_hd.o(.text)
    TIM3_IRQHandler                          0x0800571f   Thumb Code     0  startup_stm32f10x_hd.o(.text)
    TIM4_IRQHandler                          0x0800571f   Thumb Code     0  startup_stm32f10x_hd.o(.text)
    TIM5_IRQHandler                          0x0800571f   Thumb Code     0  startup_stm32f10x_hd.o(.text)
    TIM6_IRQHandler                          0x0800571f   Thumb Code     0  startup_stm32f10x_hd.o(.text)
    TIM7_IRQHandler                          0x0800571f   Thumb Code     0  startup_stm32f10x_hd.o(.text)
    TIM8_BRK_IRQHandler                      0x0800571f   Thumb Code     0  startup_stm32f10x_hd.o(.text)
    TIM8_CC_IRQHandler                       0x0800571f   Thumb Code     0  startup_stm32f10x_hd.o(.text)
    TIM8_TRG_COM_IRQHandler                  0x0800571f   Thumb Code     0  startup_stm32f10x_hd.o(.text)
    TIM8_UP_IRQHandler                       0x0800571f   Thumb Code     0  startup_stm32f10x_hd.o(.text)
    UART4_IRQHandler                         0x0800571f   Thumb Code     0  startup_stm32f10x_hd.o(.text)
    UART5_IRQHandler                         0x0800571f   Thumb Code     0  startup_stm32f10x_hd.o(.text)
    USART2_IRQHandler                        0x0800571f   Thumb Code     0  startup_stm32f10x_hd.o(.text)
    USART3_IRQHandler                        0x0800571f   Thumb Code     0  startup_stm32f10x_hd.o(.text)
    USBWakeUp_IRQHandler                     0x0800571f   Thumb Code     0  startup_stm32f10x_hd.o(.text)
    USB_HP_CAN1_TX_IRQHandler                0x0800571f   Thumb Code     0  startup_stm32f10x_hd.o(.text)
    USB_LP_CAN1_RX0_IRQHandler               0x0800571f   Thumb Code     0  startup_stm32f10x_hd.o(.text)
    WWDG_IRQHandler                          0x0800571f   Thumb Code     0  startup_stm32f10x_hd.o(.text)
    __user_initial_stackheap                 0x08005721   Thumb Code     0  startup_stm32f10x_hd.o(.text)
    NVIC_PriorityGroupConfig                 0x08005745   Thumb Code    10  misc.o(.text)
    NVIC_Init                                0x0800574f   Thumb Code   100  misc.o(.text)
    NVIC_SetVectorTable                      0x080057b3   Thumb Code    14  misc.o(.text)
    NVIC_SystemLPConfig                      0x080057c1   Thumb Code    34  misc.o(.text)
    SysTick_CLKSourceConfig                  0x080057e3   Thumb Code    40  misc.o(.text)
    GPIO_DeInit                              0x08005821   Thumb Code   172  stm32f10x_gpio.o(.text)
    GPIO_AFIODeInit                          0x080058cd   Thumb Code    20  stm32f10x_gpio.o(.text)
    GPIO_Init                                0x080058e1   Thumb Code   278  stm32f10x_gpio.o(.text)
    GPIO_StructInit                          0x080059f7   Thumb Code    16  stm32f10x_gpio.o(.text)
    GPIO_ReadInputDataBit                    0x08005a07   Thumb Code    18  stm32f10x_gpio.o(.text)
    GPIO_ReadInputData                       0x08005a19   Thumb Code     8  stm32f10x_gpio.o(.text)
    GPIO_ReadOutputDataBit                   0x08005a21   Thumb Code    18  stm32f10x_gpio.o(.text)
    GPIO_ReadOutputData                      0x08005a33   Thumb Code     8  stm32f10x_gpio.o(.text)
    GPIO_SetBits                             0x08005a3b   Thumb Code     4  stm32f10x_gpio.o(.text)
    GPIO_ResetBits                           0x08005a3f   Thumb Code     4  stm32f10x_gpio.o(.text)
    GPIO_WriteBit                            0x08005a43   Thumb Code    10  stm32f10x_gpio.o(.text)
    GPIO_Write                               0x08005a4d   Thumb Code     4  stm32f10x_gpio.o(.text)
    GPIO_PinLockConfig                       0x08005a51   Thumb Code    18  stm32f10x_gpio.o(.text)
    GPIO_EventOutputConfig                   0x08005a63   Thumb Code    26  stm32f10x_gpio.o(.text)
    GPIO_EventOutputCmd                      0x08005a7d   Thumb Code     6  stm32f10x_gpio.o(.text)
    GPIO_PinRemapConfig                      0x08005a83   Thumb Code   138  stm32f10x_gpio.o(.text)
    GPIO_EXTILineConfig                      0x08005b0d   Thumb Code    66  stm32f10x_gpio.o(.text)
    GPIO_ETH_MediaInterfaceConfig            0x08005b4f   Thumb Code     8  stm32f10x_gpio.o(.text)
    USART_DeInit                             0x08005b7d   Thumb Code   134  stm32f10x_usart.o(.text)
    USART_Init                               0x08005c03   Thumb Code   210  stm32f10x_usart.o(.text)
    USART_StructInit                         0x08005cd5   Thumb Code    24  stm32f10x_usart.o(.text)
    USART_ClockInit                          0x08005ced   Thumb Code    34  stm32f10x_usart.o(.text)
    USART_ClockStructInit                    0x08005d0f   Thumb Code    12  stm32f10x_usart.o(.text)
    USART_Cmd                                0x08005d1b   Thumb Code    24  stm32f10x_usart.o(.text)
    USART_ITConfig                           0x08005d33   Thumb Code    74  stm32f10x_usart.o(.text)
    USART_DMACmd                             0x08005d7d   Thumb Code    18  stm32f10x_usart.o(.text)
    USART_SetAddress                         0x08005d8f   Thumb Code    18  stm32f10x_usart.o(.text)
    USART_WakeUpConfig                       0x08005da1   Thumb Code    18  stm32f10x_usart.o(.text)
    USART_ReceiverWakeUpCmd                  0x08005db3   Thumb Code    24  stm32f10x_usart.o(.text)
    USART_LINBreakDetectLengthConfig         0x08005dcb   Thumb Code    18  stm32f10x_usart.o(.text)
    USART_LINCmd                             0x08005ddd   Thumb Code    24  stm32f10x_usart.o(.text)
    USART_SendData                           0x08005df5   Thumb Code     8  stm32f10x_usart.o(.text)
    USART_ReceiveData                        0x08005dfd   Thumb Code    10  stm32f10x_usart.o(.text)
    USART_SendBreak                          0x08005e07   Thumb Code    10  stm32f10x_usart.o(.text)
    USART_SetGuardTime                       0x08005e11   Thumb Code    16  stm32f10x_usart.o(.text)
    USART_SetPrescaler                       0x08005e21   Thumb Code    16  stm32f10x_usart.o(.text)
    USART_SmartCardCmd                       0x08005e31   Thumb Code    24  stm32f10x_usart.o(.text)
    USART_SmartCardNACKCmd                   0x08005e49   Thumb Code    24  stm32f10x_usart.o(.text)
    USART_HalfDuplexCmd                      0x08005e61   Thumb Code    24  stm32f10x_usart.o(.text)
    USART_OverSampling8Cmd                   0x08005e79   Thumb Code    22  stm32f10x_usart.o(.text)
    USART_OneBitMethodCmd                    0x08005e8f   Thumb Code    24  stm32f10x_usart.o(.text)
    USART_IrDAConfig                         0x08005ea7   Thumb Code    18  stm32f10x_usart.o(.text)
    USART_IrDACmd                            0x08005eb9   Thumb Code    24  stm32f10x_usart.o(.text)
    USART_GetFlagStatus                      0x08005ed1   Thumb Code    26  stm32f10x_usart.o(.text)
    USART_ClearFlag                          0x08005eeb   Thumb Code    18  stm32f10x_usart.o(.text)
    USART_GetITStatus                        0x08005efd   Thumb Code    84  stm32f10x_usart.o(.text)
    USART_ClearITPendingBit                  0x08005f51   Thumb Code    52  stm32f10x_usart.o(.text)
    RCC_DeInit                               0x08005f85   Thumb Code    64  stm32f10x_rcc.o(.text)
    RCC_HSEConfig                            0x08005fc5   Thumb Code    70  stm32f10x_rcc.o(.text)
    RCC_GetFlagStatus                        0x0800600b   Thumb Code    56  stm32f10x_rcc.o(.text)
    RCC_WaitForHSEStartUp                    0x08006043   Thumb Code    56  stm32f10x_rcc.o(.text)
    RCC_AdjustHSICalibrationValue            0x0800607b   Thumb Code    20  stm32f10x_rcc.o(.text)
    RCC_HSICmd                               0x0800608f   Thumb Code     6  stm32f10x_rcc.o(.text)
    RCC_PLLConfig                            0x08006095   Thumb Code    24  stm32f10x_rcc.o(.text)
    RCC_PLLCmd                               0x080060ad   Thumb Code     6  stm32f10x_rcc.o(.text)
    RCC_SYSCLKConfig                         0x080060b3   Thumb Code    18  stm32f10x_rcc.o(.text)
    RCC_GetSYSCLKSource                      0x080060c5   Thumb Code    10  stm32f10x_rcc.o(.text)
    RCC_HCLKConfig                           0x080060cf   Thumb Code    18  stm32f10x_rcc.o(.text)
    RCC_PCLK1Config                          0x080060e1   Thumb Code    18  stm32f10x_rcc.o(.text)
    RCC_PCLK2Config                          0x080060f3   Thumb Code    20  stm32f10x_rcc.o(.text)
    RCC_ITConfig                             0x08006107   Thumb Code    26  stm32f10x_rcc.o(.text)
    RCC_USBCLKConfig                         0x08006121   Thumb Code     8  stm32f10x_rcc.o(.text)
    RCC_ADCCLKConfig                         0x08006129   Thumb Code    18  stm32f10x_rcc.o(.text)
    RCC_LSEConfig                            0x0800613b   Thumb Code    50  stm32f10x_rcc.o(.text)
    RCC_LSICmd                               0x0800616d   Thumb Code     6  stm32f10x_rcc.o(.text)
    RCC_RTCCLKConfig                         0x08006173   Thumb Code    12  stm32f10x_rcc.o(.text)
    RCC_RTCCLKCmd                            0x0800617f   Thumb Code     8  stm32f10x_rcc.o(.text)
    RCC_GetClocksFreq                        0x08006187   Thumb Code   192  stm32f10x_rcc.o(.text)
    RCC_AHBPeriphClockCmd                    0x08006247   Thumb Code    26  stm32f10x_rcc.o(.text)
    RCC_APB2PeriphClockCmd                   0x08006261   Thumb Code    26  stm32f10x_rcc.o(.text)
    RCC_APB1PeriphClockCmd                   0x0800627b   Thumb Code    26  stm32f10x_rcc.o(.text)
    RCC_APB2PeriphResetCmd                   0x08006295   Thumb Code    26  stm32f10x_rcc.o(.text)
    RCC_APB1PeriphResetCmd                   0x080062af   Thumb Code    26  stm32f10x_rcc.o(.text)
    RCC_BackupResetCmd                       0x080062c9   Thumb Code     8  stm32f10x_rcc.o(.text)
    RCC_ClockSecuritySystemCmd               0x080062d1   Thumb Code     6  stm32f10x_rcc.o(.text)
    RCC_MCOConfig                            0x080062d7   Thumb Code     6  stm32f10x_rcc.o(.text)
    RCC_ClearFlag                            0x080062dd   Thumb Code    14  stm32f10x_rcc.o(.text)
    RCC_GetITStatus                          0x080062eb   Thumb Code    20  stm32f10x_rcc.o(.text)
    RCC_ClearITPendingBit                    0x080062ff   Thumb Code     6  stm32f10x_rcc.o(.text)
    BSP_CPU_ClkFreq                          0x08006329   Thumb Code    16  bsp.o(.text)
    CPU_TS_TmrInit                           0x08006339   Thumb Code    44  bsp.o(.text)
    CPU_TS_TmrRd                             0x08006365   Thumb Code     6  bsp.o(.text)
    CPU_TS32_to_uSec                         0x0800636b   Thumb Code    54  bsp.o(.text)
    CPU_NameClr                              0x080063ad   Thumb Code    42  cpu_core.o(.text)
    CPU_Init                                 0x080063ed   Thumb Code    12  cpu_core.o(.text)
    CPU_SW_Exception                         0x080063f9   Thumb Code     4  cpu_core.o(.text)
    CPU_NameGet                              0x080063fd   Thumb Code    70  cpu_core.o(.text)
    CPU_NameSet                              0x08006443   Thumb Code    96  cpu_core.o(.text)
    CPU_TS_Get32                             0x080064a3   Thumb Code    12  cpu_core.o(.text)
    CPU_TS_Update                            0x080064af   Thumb Code     2  cpu_core.o(.text)
    CPU_TS_TmrFreqGet                        0x080064b1   Thumb Code    30  cpu_core.o(.text)
    CPU_TS_TmrFreqSet                        0x080064cf   Thumb Code     6  cpu_core.o(.text)
    CPU_CntLeadZeros08                       0x080064d5   Thumb Code    18  cpu_core.o(.text)
    CPU_CntLeadZeros16                       0x080064e7   Thumb Code    18  cpu_core.o(.text)
    CPU_CntLeadZeros32                       0x080064f9   Thumb Code    18  cpu_core.o(.text)
    CPU_CntLeadZeros64                       0x0800650b   Thumb Code   188  cpu_core.o(.text)
    CPU_CntTrailZeros08                      0x080065c7   Thumb Code    22  cpu_core.o(.text)
    CPU_CntTrailZeros16                      0x080065dd   Thumb Code    22  cpu_core.o(.text)
    CPU_CntTrailZeros32                      0x080065f3   Thumb Code    22  cpu_core.o(.text)
    CPU_CntTrailZeros64                      0x08006609   Thumb Code    62  cpu_core.o(.text)
    CPU_IntDis                               0x08006655   Thumb Code     0  cpu_a.o(.text)
    CPU_IntEn                                0x08006659   Thumb Code     0  cpu_a.o(.text)
    CPU_SR_Save                              0x0800665d   Thumb Code     0  cpu_a.o(.text)
    CPU_SR_Restore                           0x08006665   Thumb Code     0  cpu_a.o(.text)
    CPU_WaitForInt                           0x0800666b   Thumb Code     0  cpu_a.o(.text)
    CPU_WaitForExcept                        0x0800666f   Thumb Code     0  cpu_a.o(.text)
    CPU_CntLeadZeros                         0x08006673   Thumb Code     0  cpu_a.o(.text)
    CPU_CntTrailZeros                        0x08006679   Thumb Code     0  cpu_a.o(.text)
    CPU_RevBits                              0x08006683   Thumb Code     0  cpu_a.o(.text)
    ASCII_IsAlpha                            0x08006689   Thumb Code    48  lib_ascii.o(.text)
    ASCII_IsAlphaNum                         0x080066b9   Thumb Code    76  lib_ascii.o(.text)
    ASCII_IsLower                            0x08006705   Thumb Code    20  lib_ascii.o(.text)
    ASCII_IsUpper                            0x08006719   Thumb Code    20  lib_ascii.o(.text)
    ASCII_IsDig                              0x0800672d   Thumb Code    20  lib_ascii.o(.text)
    ASCII_IsDigOct                           0x08006741   Thumb Code    20  lib_ascii.o(.text)
    ASCII_IsDigHex                           0x08006755   Thumb Code    36  lib_ascii.o(.text)
    ASCII_IsBlank                            0x08006779   Thumb Code    20  lib_ascii.o(.text)
    ASCII_IsSpace                            0x0800678d   Thumb Code    36  lib_ascii.o(.text)
    ASCII_IsPrint                            0x080067b1   Thumb Code    20  lib_ascii.o(.text)
    ASCII_IsGraph                            0x080067c5   Thumb Code    20  lib_ascii.o(.text)
    ASCII_IsPunct                            0x080067d9   Thumb Code   134  lib_ascii.o(.text)
    ASCII_IsCtrl                             0x0800685f   Thumb Code    26  lib_ascii.o(.text)
    ASCII_ToLower                            0x08006879   Thumb Code    32  lib_ascii.o(.text)
    ASCII_ToUpper                            0x08006899   Thumb Code    32  lib_ascii.o(.text)
    ASCII_Cmp                                0x080068b9   Thumb Code    38  lib_ascii.o(.text)
    Mem_Init                                 0x080068e1   Thumb Code    54  lib_mem.o(.text)
    Mem_Set                                  0x08006917   Thumb Code    84  lib_mem.o(.text)
    Mem_Clr                                  0x0800696b   Thumb Code    18  lib_mem.o(.text)
    Mem_Move                                 0x0800697d   Thumb Code   186  lib_mem.o(.text)
    Mem_Cmp                                  0x08006a37   Thumb Code   192  lib_mem.o(.text)
    Mem_HeapAlloc                            0x08006b6f   Thumb Code   168  lib_mem.o(.text)
    Mem_SegGetSizeRem                        0x08006c17   Thumb Code   108  lib_mem.o(.text)
    Mem_HeapGetSizeRem                       0x08006c83   Thumb Code    22  lib_mem.o(.text)
    Mem_PoolClr                              0x08006c99   Thumb Code    80  lib_mem.o(.text)
    Mem_PoolCreate                           0x08006ce9   Thumb Code   838  lib_mem.o(.text)
    Mem_PoolBlkGetNbrAvail                   0x0800702f   Thumb Code    52  lib_mem.o(.text)
    Mem_PoolBlkGet                           0x08007063   Thumb Code   126  lib_mem.o(.text)
    Mem_PoolBlkGetUsedAtIx                   0x080070e1   Thumb Code   140  lib_mem.o(.text)
    Mem_PoolBlkFree                          0x0800716d   Thumb Code   152  lib_mem.o(.text)
    Mem_PoolBlkIxGet                         0x08007205   Thumb Code   162  lib_mem.o(.text)
    Str_Len_N                                0x080072a9   Thumb Code    28  lib_str.o(.text)
    Str_Len                                  0x080072c5   Thumb Code    20  lib_str.o(.text)
    Str_Copy_N                               0x080072d9   Thumb Code    70  lib_str.o(.text)
    Str_Copy                                 0x0800731f   Thumb Code    24  lib_str.o(.text)
    Str_Cat_N                                0x08007337   Thumb Code    90  lib_str.o(.text)
    Str_Cat                                  0x08007391   Thumb Code    24  lib_str.o(.text)
    Str_Cmp_N                                0x080073a9   Thumb Code   156  lib_str.o(.text)
    Str_Cmp                                  0x08007445   Thumb Code    24  lib_str.o(.text)
    Str_CmpIgnoreCase_N                      0x0800745d   Thumb Code   264  lib_str.o(.text)
    Str_CmpIgnoreCase                        0x08007565   Thumb Code    24  lib_str.o(.text)
    Str_Char_N                               0x0800757d   Thumb Code    74  lib_str.o(.text)
    Str_Char                                 0x080075c7   Thumb Code    24  lib_str.o(.text)
    Str_Char_Last_N                          0x080075df   Thumb Code    76  lib_str.o(.text)
    Str_Char_Last                            0x0800762b   Thumb Code    24  lib_str.o(.text)
    Str_Char_Replace_N                       0x08007643   Thumb Code    52  lib_str.o(.text)
    Str_Char_Replace                         0x08007677   Thumb Code    28  lib_str.o(.text)
    Str_Str_N                                0x08007693   Thumb Code   182  lib_str.o(.text)
    Str_Str                                  0x08007749   Thumb Code    24  lib_str.o(.text)
    Str_FmtNbr_Int32U                        0x0800793d   Thumb Code    46  lib_str.o(.text)
    Str_FmtNbr_Int32S                        0x0800796b   Thumb Code    62  lib_str.o(.text)
    Str_ParseNbr_Int32U                      0x08007b67   Thumb Code    30  lib_str.o(.text)
    Str_ParseNbr_Int32S                      0x08007b85   Thumb Code    74  lib_str.o(.text)
    Mem_Copy                                 0x08007bd5   Thumb Code     0  lib_mem_a.o(.text)
    OSCfg_Init                               0x08007df5   Thumb Code    86  os_cfg_app.o(.text)
    OS_IdleTask                              0x08007ef1   Thumb Code    60  os_core.o(.text)
    OS_IdleTaskInit                          0x08007f2d   Thumb Code    68  os_core.o(.text)
    OS_RdyListInit                           0x08007f71   Thumb Code    32  os_core.o(.text)
    OSInit                                   0x08007f91   Thumb Code   300  os_core.o(.text)
    OSIntEnter                               0x080080bd   Thumb Code    34  os_core.o(.text)
    OSIntExit                                0x080080df   Thumb Code   192  os_core.o(.text)
    OSSched                                  0x0800819f   Thumb Code   134  os_core.o(.text)
    OS_SchedLockTimeMeasStart                0x08008225   Thumb Code    20  os_core.o(.text)
    OSSchedLock                              0x08008239   Thumb Code   104  os_core.o(.text)
    OS_SchedLockTimeMeasStop                 0x080082a1   Thumb Code    44  os_core.o(.text)
    OSSchedUnlock                            0x080082cd   Thumb Code   290  os_core.o(.text)
    OSSchedRoundRobinCfg                     0x080083ef   Thumb Code    88  os_core.o(.text)
    OS_RdyListMoveHeadToTail                 0x08008447   Thumb Code    68  os_core.o(.text)
    OSSchedRoundRobinYield                   0x0800848b   Thumb Code   164  os_core.o(.text)
    OSStart                                  0x0800852f   Thumb Code    78  os_core.o(.text)
    OSVersion                                0x0800857d   Thumb Code    12  os_core.o(.text)
    OS_PendDbgNameAdd                        0x08008589   Thumb Code    66  os_core.o(.text)
    OS_PendListInsertPrio                    0x080085cb   Thumb Code   102  os_core.o(.text)
    OS_PendDataInit                          0x08008631   Thumb Code    38  os_core.o(.text)
    OS_RdyListRemove                         0x08008657   Thumb Code    86  os_core.o(.text)
    OS_TaskBlock                             0x080086ad   Thumb Code    56  os_core.o(.text)
    OS_Pend                                  0x080086e5   Thumb Code    98  os_core.o(.text)
    OS_PendListRemove1                       0x08008747   Thumb Code   134  os_core.o(.text)
    OS_PendListRemove                        0x080087cd   Thumb Code    48  os_core.o(.text)
    OS_PendAbort1                            0x080087fd   Thumb Code    36  os_core.o(.text)
    OS_RdyListInsertHead                     0x08008821   Thumb Code    58  os_core.o(.text)
    OS_RdyListInsertTail                     0x0800885b   Thumb Code    56  os_core.o(.text)
    OS_RdyListInsert                         0x08008893   Thumb Code    40  os_core.o(.text)
    OS_TaskRdy                               0x080088bb   Thumb Code    28  os_core.o(.text)
    OS_PendAbort                             0x080088d7   Thumb Code   166  os_core.o(.text)
    OS_PendDbgNameRemove                     0x0800897d   Thumb Code    34  os_core.o(.text)
    OS_PendListChangePrio                    0x0800899f   Thumb Code    70  os_core.o(.text)
    OS_PendListInit                          0x080089e5   Thumb Code    10  os_core.o(.text)
    OS_PendListInsertHead                    0x080089ef   Thumb Code    32  os_core.o(.text)
    OS_PendObjDel1                           0x08008a0f   Thumb Code    36  os_core.o(.text)
    OS_PendObjDel                            0x08008a33   Thumb Code   162  os_core.o(.text)
    OS_Post1                                 0x08008ad5   Thumb Code    42  os_core.o(.text)
    OS_Post                                  0x08008aff   Thumb Code   192  os_core.o(.text)
    OS_Sched0                                0x08008bbf   Thumb Code   102  os_core.o(.text)
    OS_SchedRoundRobin                       0x08008c25   Thumb Code   190  os_core.o(.text)
    OS_Dbg_Init                              0x08008cf5   Thumb Code   146  os_dbg.o(.text)
    OS_FlagDbgListAdd                        0x08008ea5   Thumb Code    38  os_flag.o(.text)
    OSFlagCreate                             0x08008ecb   Thumb Code   172  os_flag.o(.text)
    OS_FlagClr                               0x08008f77   Thumb Code    28  os_flag.o(.text)
    OS_FlagDbgListRemove                     0x08008f93   Thumb Code    44  os_flag.o(.text)
    OSFlagDel                                0x08008fbf   Thumb Code   594  os_flag.o(.text)
    OS_FlagBlock                             0x08009211   Thumb Code    58  os_flag.o(.text)
    OSFlagPend                               0x0800924b   Thumb Code  1488  os_flag.o(.text)
    OSFlagPendAbort                          0x0800981b   Thumb Code   292  os_flag.o(.text)
    OSFlagPendGetFlagsRdy                    0x0800993f   Thumb Code    68  os_flag.o(.text)
    OS_FlagTaskRdy                           0x08009983   Thumb Code    86  os_flag.o(.text)
    OS_FlagPost                              0x080099d9   Thumb Code   570  os_flag.o(.text)
    OSFlagPost                               0x08009c13   Thumb Code   146  os_flag.o(.text)
    OS_FlagInit                              0x08009ca5   Thumb Code    14  os_flag.o(.text)
    OS_IntQPost                              0x08009ccd   Thumb Code   216  os_int.o(.text)
    OS_IntQRePost                            0x08009da5   Thumb Code   360  os_int.o(.text)
    OS_IntQTask                              0x08009f0d   Thumb Code   162  os_int.o(.text)
    OS_IntQTaskInit                          0x08009faf   Thumb Code   208  os_int.o(.text)
    OS_MemDbgListAdd                         0x0800a111   Thumb Code    34  os_mem.o(.text)
    OSMemCreate                              0x0800a133   Thumb Code   288  os_mem.o(.text)
    OSMemGet                                 0x0800a253   Thumb Code   100  os_mem.o(.text)
    OSMemPut                                 0x0800a2b7   Thumb Code   112  os_mem.o(.text)
    OS_MemInit                               0x0800a327   Thumb Code    14  os_mem.o(.text)
    OS_MsgPoolCreate                         0x0800a349   Thumb Code    54  os_msg.o(.text)
    OS_MsgPoolInit                           0x0800a37f   Thumb Code    70  os_msg.o(.text)
    OS_MsgQFreeAll                           0x0800a3c5   Thumb Code    62  os_msg.o(.text)
    OS_MsgQInit                              0x0800a403   Thumb Code    14  os_msg.o(.text)
    OS_MsgQGet                               0x0800a411   Thumb Code    98  os_msg.o(.text)
    OS_MsgQPut                               0x0800a473   Thumb Code   246  os_msg.o(.text)
    OS_MutexDbgListAdd                       0x0800a575   Thumb Code    38  os_mutex.o(.text)
    OSMutexCreate                            0x0800a59b   Thumb Code   178  os_mutex.o(.text)
    OS_MutexClr                              0x0800a64d   Thumb Code    38  os_mutex.o(.text)
    OS_MutexDbgListRemove                    0x0800a673   Thumb Code    44  os_mutex.o(.text)
    OSMutexDel                               0x0800a69f   Thumb Code   842  os_mutex.o(.text)
    OSMutexPend                              0x0800a9e9   Thumb Code   706  os_mutex.o(.text)
    OSMutexPendAbort                         0x0800acab   Thumb Code   314  os_mutex.o(.text)
    OSMutexPost                              0x0800ade5   Thumb Code   564  os_mutex.o(.text)
    OS_MutexInit                             0x0800b019   Thumb Code    14  os_mutex.o(.text)
    OS_PrioInit                              0x0800b049   Thumb Code    20  os_prio.o(.text)
    OS_PrioGetHighest                        0x0800b05d   Thumb Code    36  os_prio.o(.text)
    OS_PrioInsert                            0x0800b081   Thumb Code    32  os_prio.o(.text)
    OS_PrioRemove                            0x0800b0a1   Thumb Code    32  os_prio.o(.text)
    OS_QDbgListAdd                           0x0800b0c5   Thumb Code    38  os_q.o(.text)
    OSQCreate                                0x0800b0eb   Thumb Code   186  os_q.o(.text)
    OS_QClr                                  0x0800b1a5   Thumb Code    40  os_q.o(.text)
    OS_QDbgListRemove                        0x0800b1cd   Thumb Code    44  os_q.o(.text)
    OSQDel                                   0x0800b1f9   Thumb Code   362  os_q.o(.text)
    OSQFlush                                 0x0800b363   Thumb Code   210  os_q.o(.text)
    OSQPend                                  0x0800b435   Thumb Code   538  os_q.o(.text)
    OSQPendAbort                             0x0800b64f   Thumb Code   292  os_q.o(.text)
    OS_QPost                                 0x0800b773   Thumb Code   324  os_q.o(.text)
    OSQPost                                  0x0800b8b7   Thumb Code   198  os_q.o(.text)
    OS_QInit                                 0x0800b97d   Thumb Code    14  os_q.o(.text)
    OS_SemDbgListAdd                         0x0800b99d   Thumb Code    38  os_sem.o(.text)
    OSSemCreate                              0x0800b9c3   Thumb Code   172  os_sem.o(.text)
    OS_SemClr                                0x0800ba6f   Thumb Code    28  os_sem.o(.text)
    OS_SemDbgListRemove                      0x0800ba8b   Thumb Code    44  os_sem.o(.text)
    OSSemDel                                 0x0800bab7   Thumb Code   362  os_sem.o(.text)
    OSSemPend                                0x0800bc21   Thumb Code   504  os_sem.o(.text)
    OSSemPendAbort                           0x0800be19   Thumb Code   292  os_sem.o(.text)
    OS_SemPost                               0x0800bf3d   Thumb Code   350  os_sem.o(.text)
    OSSemPost                                0x0800c09b   Thumb Code   144  os_sem.o(.text)
    OSSemSet                                 0x0800c12b   Thumb Code   138  os_sem.o(.text)
    OS_SemInit                               0x0800c1b5   Thumb Code    14  os_sem.o(.text)
    OSStatReset                              0x0800c1cd   Thumb Code   270  os_stat.o(.text)
    OSStatTaskCPUUsageInit                   0x0800c2db   Thumb Code   212  os_stat.o(.text)
    OS_StatTask                              0x0800c3af   Thumb Code   888  os_stat.o(.text)
    OS_StatTaskInit                          0x0800c727   Thumb Code   138  os_stat.o(.text)
    OSTaskChangePrio                         0x0800c805   Thumb Code   416  os_task.o(.text)
    OS_TaskDbgListAdd                        0x0800c9a5   Thumb Code    42  os_task.o(.text)
    OS_TaskInitTCB                           0x0800c9cf   Thumb Code   186  os_task.o(.text)
    OSTaskCreate                             0x0800ca89   Thumb Code   616  os_task.o(.text)
    OS_TaskDbgListRemove                     0x0800ccf1   Thumb Code    64  os_task.o(.text)
    OSTaskDel                                0x0800cd31   Thumb Code   424  os_task.o(.text)
    OSTaskQFlush                             0x0800ced9   Thumb Code   214  os_task.o(.text)
    OSTaskQPend                              0x0800cfaf   Thumb Code   554  os_task.o(.text)
    OSTaskQPendAbort                         0x0800d1d9   Thumb Code   242  os_task.o(.text)
    OS_TaskQPost                             0x0800d2cb   Thumb Code   526  os_task.o(.text)
    OSTaskQPost                              0x0800d4d9   Thumb Code   114  os_task.o(.text)
    OSTaskRegGet                             0x0800d54b   Thumb Code    78  os_task.o(.text)
    OSTaskRegGetID                           0x0800d599   Thumb Code    84  os_task.o(.text)
    OSTaskRegSet                             0x0800d5ed   Thumb Code    78  os_task.o(.text)
    OS_TaskResume                            0x0800d63b   Thumb Code   314  os_task.o(.text)
    OSTaskResume                             0x0800d775   Thumb Code   112  os_task.o(.text)
    OSTaskSemPend                            0x0800d7e5   Thumb Code   550  os_task.o(.text)
    OSTaskSemPendAbort                       0x0800da0b   Thumb Code   270  os_task.o(.text)
    OS_TaskSemPost                           0x0800db19   Thumb Code  1224  os_task.o(.text)
    OSTaskSemPost                            0x0800dfe1   Thumb Code    98  os_task.o(.text)
    OSTaskSemSet                             0x0800e043   Thumb Code    80  os_task.o(.text)
    OSTaskStkChk                             0x0800e093   Thumb Code   224  os_task.o(.text)
    OS_TaskSuspend                           0x0800e173   Thumb Code   328  os_task.o(.text)
    OSTaskSuspend                            0x0800e2bb   Thumb Code    78  os_task.o(.text)
    OSTaskTimeQuantaSet                      0x0800e309   Thumb Code    96  os_task.o(.text)
    OS_TaskInit                              0x0800e369   Thumb Code    18  os_task.o(.text)
    OS_TaskReturn                            0x0800e37b   Thumb Code    20  os_task.o(.text)
    OS_TickListRemove                        0x0800e3b9   Thumb Code    56  os_tick.o(.text)
    OS_TickListUpdate                        0x0800e3f1   Thumb Code   480  os_tick.o(.text)
    OS_TickTask                              0x0800e5d1   Thumb Code    38  os_tick.o(.text)
    OS_TickListInit                          0x0800e5f7   Thumb Code    32  os_tick.o(.text)
    OS_TickTaskInit                          0x0800e617   Thumb Code   130  os_tick.o(.text)
    OS_TickListInsert                        0x0800e699   Thumb Code   502  os_tick.o(.text)
    OS_TickListResetPeak                     0x0800e88f   Thumb Code    28  os_tick.o(.text)
    OSTimeDly                                0x0800e8b5   Thumb Code   266  os_time.o(.text)
    OSTimeDlyHMSM                            0x0800e9bf   Thumb Code   480  os_time.o(.text)
    OSTimeDlyResume                          0x0800eb9f   Thumb Code   466  os_time.o(.text)
    OSTimeGet                                0x0800ed71   Thumb Code    46  os_time.o(.text)
    OSTimeSet                                0x0800ed9f   Thumb Code    46  os_time.o(.text)
    OSTimeTick                               0x0800edcd   Thumb Code    54  os_time.o(.text)
    OS_TmrDbgListAdd                         0x0800ee19   Thumb Code    34  os_tmr.o(.text)
    OSTmrCreate                              0x0800ee3b   Thumb Code   248  os_tmr.o(.text)
    OS_TmrClr                                0x0800ef33   Thumb Code    36  os_tmr.o(.text)
    OS_TmrUnlink                             0x0800ef57   Thumb Code    72  os_tmr.o(.text)
    OS_TmrDbgListRemove                      0x0800ef9f   Thumb Code    44  os_tmr.o(.text)
    OSTmrDel                                 0x0800efcb   Thumb Code   176  os_tmr.o(.text)
    OSTmrRemainGet                           0x0800f07b   Thumb Code   184  os_tmr.o(.text)
    OS_TmrLink                               0x0800f133   Thumb Code   196  os_tmr.o(.text)
    OSTmrStart                               0x0800f1f7   Thumb Code   210  os_tmr.o(.text)
    OSTmrStateGet                            0x0800f2c9   Thumb Code   134  os_tmr.o(.text)
    OSTmrStop                                0x0800f34f   Thumb Code   232  os_tmr.o(.text)
    OS_TmrTask                               0x0800f437   Thumb Code   176  os_tmr.o(.text)
    OS_TmrInit                               0x0800f4e7   Thumb Code   208  os_tmr.o(.text)
    OS_TmrResetPeak                          0x0800f5b7   Thumb Code    28  os_tmr.o(.text)
    OSIdleTaskHook                           0x0800f631   Thumb Code    16  os_cpu_c.o(.text)
    OSInitHook                               0x0800f641   Thumb Code    42  os_cpu_c.o(.text)
    OSStatTaskHook                           0x0800f66b   Thumb Code    16  os_cpu_c.o(.text)
    OSTaskCreateHook                         0x0800f67b   Thumb Code    20  os_cpu_c.o(.text)
    OSTaskDelHook                            0x0800f68f   Thumb Code    20  os_cpu_c.o(.text)
    OSTaskReturnHook                         0x0800f6a3   Thumb Code    20  os_cpu_c.o(.text)
    OSTaskStkInit                            0x0800f6b7   Thumb Code   188  os_cpu_c.o(.text)
    OSTaskSwHook                             0x0800f773   Thumb Code   120  os_cpu_c.o(.text)
    OSTimeTickHook                           0x0800f7eb   Thumb Code    16  os_cpu_c.o(.text)
    OS_CPU_SysTickHandler                    0x0800f7fb   Thumb Code    52  os_cpu_c.o(.text)
    OS_CPU_SysTickInit                       0x0800f82f   Thumb Code    44  os_cpu_c.o(.text)
    __use_no_semihosting                     0x0800f89d   Thumb Code     2  use_no_semi_2.o(.text)
    __aeabi_uldivmod                         0x0800f89f   Thumb Code     0  lludivv7m.o(.text)
    _ll_udiv                                 0x0800f89f   Thumb Code   238  lludivv7m.o(.text)
    __2printf                                0x0800f98d   Thumb Code    20  noretval__2printf.o(.text)
    __printf                                 0x0800f9a5   Thumb Code   104  __printf.o(.text)
    _printf_int_dec                          0x0800fa0d   Thumb Code   104  _printf_dec.o(.text)
    _printf_int_hex                          0x0800fa85   Thumb Code    84  _printf_hex_int.o(.text)
    _printf_longlong_hex                     0x0800fa85   Thumb Code     0  _printf_hex_int.o(.text)
    __use_two_region_memory                  0x0800fadd   Thumb Code     2  heapauxi.o(.text)
    __rt_heap_escrow$2region                 0x0800fadf   Thumb Code     2  heapauxi.o(.text)
    __rt_heap_expand$2region                 0x0800fae1   Thumb Code     2  heapauxi.o(.text)
    __I$use$semihosting                      0x0800fae3   Thumb Code     0  use_no_semi.o(.text)
    __use_no_semihosting_swi                 0x0800fae3   Thumb Code     2  use_no_semi.o(.text)
    _printf_int_common                       0x0800fae5   Thumb Code   178  _printf_intcommon.o(.text)
    _printf_char_file                        0x0800fb99   Thumb Code    32  _printf_char_file.o(.text)
    _printf_char_common                      0x0800fbc7   Thumb Code    32  _printf_char_common.o(.text)
    ferror                                   0x0800fbed   Thumb Code     8  ferror.o(.text)
    __user_setup_stackheap                   0x0800fbf5   Thumb Code    74  sys_stackheap_outer.o(.text)
    exit                                     0x0800fc3f   Thumb Code    12  exit.o(.text)
    __user_libspace                          0x0800fc4d   Thumb Code     8  libspace.o(.text)
    __user_perproc_libspace                  0x0800fc4d   Thumb Code     0  libspace.o(.text)
    __user_perthread_libspace                0x0800fc4d   Thumb Code     0  libspace.o(.text)
    OSStartHighRdy                           0x0800fc55   Thumb Code     0  os_cpu_a.o(CODE)
    PendSV_Handler                           0x0800fc8b   Thumb Code     0  os_cpu_a.o(CODE)
    __aeabi_d2uiz                            0x0800fced   Thumb Code     0  dfixu.o(x$fpl$dfixu)
    _dfixu                                   0x0800fced   Thumb Code    90  dfixu.o(x$fpl$dfixu)
    __aeabi_ui2d                             0x0800fd47   Thumb Code     0  dflt_clz.o(x$fpl$dfltu)
    _dfltu                                   0x0800fd47   Thumb Code    38  dflt_clz.o(x$fpl$dfltu)
    __aeabi_dmul                             0x0800fd6d   Thumb Code     0  dmul.o(x$fpl$dmul)
    _dmul                                    0x0800fd6d   Thumb Code   332  dmul.o(x$fpl$dmul)
    __fpl_dnaninf                            0x0800fec1   Thumb Code   156  dnaninf.o(x$fpl$dnaninf)
    __fpl_dretinf                            0x0800ff5d   Thumb Code    12  dretinf.o(x$fpl$dretinf)
    __I$use$fp                               0x0800ff68   Number         0  usenofp.o(x$fpl$usenofp)
    asc2_1206                                0x0800ff68   Data        1140  ili93xx.o(.constdata)
    asc2_1608                                0x080103dc   Data        1520  ili93xx.o(.constdata)
    asc2_2412                                0x080109cc   Data        3420  ili93xx.o(.constdata)
    CPU_EndiannessTest                       0x08011828   Data           4  cpu_core.o(.constdata)
    OSCfg_IdleTaskStkBasePtr                 0x080118c0   Data           4  os_cfg_app.o(.constdata)
    OSCfg_IdleTaskStkLimit                   0x080118c4   Data           4  os_cfg_app.o(.constdata)
    OSCfg_IdleTaskStkSize                    0x080118c8   Data           4  os_cfg_app.o(.constdata)
    OSCfg_IdleTaskStkSizeRAM                 0x080118cc   Data           4  os_cfg_app.o(.constdata)
    OSCfg_IntQBasePtr                        0x080118d0   Data           4  os_cfg_app.o(.constdata)
    OSCfg_IntQSize                           0x080118d4   Data           2  os_cfg_app.o(.constdata)
    OSCfg_IntQSizeRAM                        0x080118d8   Data           4  os_cfg_app.o(.constdata)
    OSCfg_IntQTaskStkBasePtr                 0x080118dc   Data           4  os_cfg_app.o(.constdata)
    OSCfg_IntQTaskStkLimit                   0x080118e0   Data           4  os_cfg_app.o(.constdata)
    OSCfg_IntQTaskStkSize                    0x080118e4   Data           4  os_cfg_app.o(.constdata)
    OSCfg_IntQTaskStkSizeRAM                 0x080118e8   Data           4  os_cfg_app.o(.constdata)
    OSCfg_ISRStkBasePtr                      0x080118ec   Data           4  os_cfg_app.o(.constdata)
    OSCfg_ISRStkSize                         0x080118f0   Data           4  os_cfg_app.o(.constdata)
    OSCfg_ISRStkSizeRAM                      0x080118f4   Data           4  os_cfg_app.o(.constdata)
    OSCfg_MsgPoolSize                        0x080118f8   Data           2  os_cfg_app.o(.constdata)
    OSCfg_MsgPoolSizeRAM                     0x080118fc   Data           4  os_cfg_app.o(.constdata)
    OSCfg_MsgPoolBasePtr                     0x08011900   Data           4  os_cfg_app.o(.constdata)
    OSCfg_StatTaskPrio                       0x08011904   Data           1  os_cfg_app.o(.constdata)
    OSCfg_StatTaskRate_Hz                    0x08011908   Data           4  os_cfg_app.o(.constdata)
    OSCfg_StatTaskStkBasePtr                 0x0801190c   Data           4  os_cfg_app.o(.constdata)
    OSCfg_StatTaskStkLimit                   0x08011910   Data           4  os_cfg_app.o(.constdata)
    OSCfg_StatTaskStkSize                    0x08011914   Data           4  os_cfg_app.o(.constdata)
    OSCfg_StatTaskStkSizeRAM                 0x08011918   Data           4  os_cfg_app.o(.constdata)
    OSCfg_StkSizeMin                         0x0801191c   Data           4  os_cfg_app.o(.constdata)
    OSCfg_TickRate_Hz                        0x08011920   Data           4  os_cfg_app.o(.constdata)
    OSCfg_TickTaskPrio                       0x08011924   Data           1  os_cfg_app.o(.constdata)
    OSCfg_TickTaskStkBasePtr                 0x08011928   Data           4  os_cfg_app.o(.constdata)
    OSCfg_TickTaskStkLimit                   0x0801192c   Data           4  os_cfg_app.o(.constdata)
    OSCfg_TickTaskStkSize                    0x08011930   Data           4  os_cfg_app.o(.constdata)
    OSCfg_TickTaskStkSizeRAM                 0x08011934   Data           4  os_cfg_app.o(.constdata)
    OSCfg_TickWheelSize                      0x08011938   Data           2  os_cfg_app.o(.constdata)
    OSCfg_TickWheelSizeRAM                   0x0801193c   Data           4  os_cfg_app.o(.constdata)
    OSCfg_TmrTaskPrio                        0x08011940   Data           1  os_cfg_app.o(.constdata)
    OSCfg_TmrTaskRate_Hz                     0x08011944   Data           4  os_cfg_app.o(.constdata)
    OSCfg_TmrTaskStkBasePtr                  0x08011948   Data           4  os_cfg_app.o(.constdata)
    OSCfg_TmrTaskStkLimit                    0x0801194c   Data           4  os_cfg_app.o(.constdata)
    OSCfg_TmrTaskStkSize                     0x08011950   Data           4  os_cfg_app.o(.constdata)
    OSCfg_TmrTaskStkSizeRAM                  0x08011954   Data           4  os_cfg_app.o(.constdata)
    OSCfg_TmrWheelSize                       0x08011958   Data           2  os_cfg_app.o(.constdata)
    OSCfg_TmrWheelSizeRAM                    0x0801195c   Data           4  os_cfg_app.o(.constdata)
    OSCfg_DataSizeRAM                        0x08011960   Data           4  os_cfg_app.o(.constdata)
    OSDbg_DbgEn                              0x08011964   Data           2  os_dbg.o(.constdata)
    OSDbg_ArgChkEn                           0x08011966   Data           1  os_dbg.o(.constdata)
    OSDbg_AppHooksEn                         0x08011967   Data           1  os_dbg.o(.constdata)
    OSDbg_EndiannessTest                     0x08011968   Data           4  os_dbg.o(.constdata)
    OSDbg_CalledFromISRChkEn                 0x0801196c   Data           1  os_dbg.o(.constdata)
    OSDbg_FlagEn                             0x0801196d   Data           1  os_dbg.o(.constdata)
    OSDbg_FlagGrp                            0x08011970   Data          40  os_dbg.o(.constdata)
    OSDbg_FlagDelEn                          0x08011998   Data           1  os_dbg.o(.constdata)
    OSDbg_FlagModeClrEn                      0x08011999   Data           1  os_dbg.o(.constdata)
    OSDbg_FlagPendAbortEn                    0x0801199a   Data           1  os_dbg.o(.constdata)
    OSDbg_FlagGrpSize                        0x0801199c   Data           2  os_dbg.o(.constdata)
    OSDbg_FlagWidth                          0x0801199e   Data           2  os_dbg.o(.constdata)
    OSDbg_IntQ                               0x080119a0   Data           2  os_dbg.o(.constdata)
    OSDbg_ISRPostDeferredEn                  0x080119a2   Data           1  os_dbg.o(.constdata)
    OSDbg_Mem                                0x080119a4   Data          32  os_dbg.o(.constdata)
    OSDbg_MemEn                              0x080119c4   Data           1  os_dbg.o(.constdata)
    OSDbg_MemSize                            0x080119c6   Data           2  os_dbg.o(.constdata)
    OSDbg_MsgEn                              0x080119c8   Data           1  os_dbg.o(.constdata)
    OSDbg_MsgSize                            0x080119ca   Data           2  os_dbg.o(.constdata)
    OSDbg_MsgPoolSize                        0x080119cc   Data           2  os_dbg.o(.constdata)
    OSDbg_MsgQSize                           0x080119ce   Data           2  os_dbg.o(.constdata)
    OSDbg_Mutex                              0x080119d0   Data          44  os_dbg.o(.constdata)
    OSDbg_MutexEn                            0x080119fc   Data           1  os_dbg.o(.constdata)
    OSDbg_MutexDelEn                         0x080119fd   Data           1  os_dbg.o(.constdata)
    OSDbg_MutexPendAbortEn                   0x080119fe   Data           1  os_dbg.o(.constdata)
    OSDbg_MutexSize                          0x08011a00   Data           2  os_dbg.o(.constdata)
    OSDbg_ObjTypeChkEn                       0x08011a02   Data           1  os_dbg.o(.constdata)
    OSDbg_PendMultiEn                        0x08011a03   Data           1  os_dbg.o(.constdata)
    OSDbg_PendDataSize                       0x08011a04   Data           2  os_dbg.o(.constdata)
    OSDbg_PendListSize                       0x08011a06   Data           2  os_dbg.o(.constdata)
    OSDbg_PendObjSize                        0x08011a08   Data           2  os_dbg.o(.constdata)
    OSDbg_PrioMax                            0x08011a0a   Data           2  os_dbg.o(.constdata)
    OSDbg_PrioTblSize                        0x08011a0c   Data           2  os_dbg.o(.constdata)
    OSDbg_PtrSize                            0x08011a0e   Data           2  os_dbg.o(.constdata)
    OSDbg_Q                                  0x08011a10   Data          48  os_dbg.o(.constdata)
    OSDbg_QEn                                0x08011a40   Data           1  os_dbg.o(.constdata)
    OSDbg_QDelEn                             0x08011a41   Data           1  os_dbg.o(.constdata)
    OSDbg_QFlushEn                           0x08011a42   Data           1  os_dbg.o(.constdata)
    OSDbg_QPendAbortEn                       0x08011a43   Data           1  os_dbg.o(.constdata)
    OSDbg_QSize                              0x08011a44   Data           2  os_dbg.o(.constdata)
    OSDbg_SchedRoundRobinEn                  0x08011a46   Data           1  os_dbg.o(.constdata)
    OSDbg_Sem                                0x08011a48   Data          40  os_dbg.o(.constdata)
    OSDbg_SemEn                              0x08011a70   Data           1  os_dbg.o(.constdata)
    OSDbg_SemDelEn                           0x08011a71   Data           1  os_dbg.o(.constdata)
    OSDbg_SemPendAbortEn                     0x08011a72   Data           1  os_dbg.o(.constdata)
    OSDbg_SemSetEn                           0x08011a73   Data           1  os_dbg.o(.constdata)
    OSDbg_SemSize                            0x08011a74   Data           2  os_dbg.o(.constdata)
    OSDbg_RdyList                            0x08011a76   Data           2  os_dbg.o(.constdata)
    OSDbg_RdyListSize                        0x08011a78   Data           4  os_dbg.o(.constdata)
    OSDbg_StkWidth                           0x08011a7c   Data           1  os_dbg.o(.constdata)
    OSDbg_StatTaskEn                         0x08011a7d   Data           1  os_dbg.o(.constdata)
    OSDbg_StatTaskStkChkEn                   0x08011a7e   Data           1  os_dbg.o(.constdata)
    OSDbg_TaskChangePrioEn                   0x08011a7f   Data           1  os_dbg.o(.constdata)
    OSDbg_TaskDelEn                          0x08011a80   Data           1  os_dbg.o(.constdata)
    OSDbg_TaskQEn                            0x08011a81   Data           1  os_dbg.o(.constdata)
    OSDbg_TaskQPendAbortEn                   0x08011a82   Data           1  os_dbg.o(.constdata)
    OSDbg_TaskProfileEn                      0x08011a83   Data           1  os_dbg.o(.constdata)
    OSDbg_TaskRegTblSize                     0x08011a84   Data           2  os_dbg.o(.constdata)
    OSDbg_TaskSemPendAbortEn                 0x08011a86   Data           1  os_dbg.o(.constdata)
    OSDbg_TaskSuspendEn                      0x08011a87   Data           1  os_dbg.o(.constdata)
    OSDbg_TCBSize                            0x08011a88   Data           2  os_dbg.o(.constdata)
    OSDbg_TickSpokeSize                      0x08011a8a   Data           2  os_dbg.o(.constdata)
    OSDbg_TimeDlyHMSMEn                      0x08011a8c   Data           1  os_dbg.o(.constdata)
    OSDbg_TimeDlyResumeEn                    0x08011a8d   Data           1  os_dbg.o(.constdata)
    OSDbg_TLS_TblSize                        0x08011a8e   Data           2  os_dbg.o(.constdata)
    OSDbg_Tmr                                0x08011a90   Data          52  os_dbg.o(.constdata)
    OSDbg_TmrEn                              0x08011ac4   Data           1  os_dbg.o(.constdata)
    OSDbg_TmrDelEn                           0x08011ac5   Data           1  os_dbg.o(.constdata)
    OSDbg_TmrSize                            0x08011ac6   Data           2  os_dbg.o(.constdata)
    OSDbg_TmrSpokeSize                       0x08011ac8   Data           2  os_dbg.o(.constdata)
    OSDbg_VersionNbr                         0x08011aca   Data           2  os_dbg.o(.constdata)
    OSDbg_DataSize                           0x08011acc   Data           4  os_dbg.o(.constdata)
    Region$$Table$$Base                      0x08011af8   Number         0  anon$$obj.o(Region$$Table)
    Region$$Table$$Limit                     0x08011b18   Number         0  anon$$obj.o(Region$$Table)
    lcd_discolor                             0x20000000   Data          56  main.o(.data)
    SystemCoreClock                          0x20000038   Data           4  system_stm32f10x.o(.data)
    AHBPrescTable                            0x2000003c   Data          16  system_stm32f10x.o(.data)
    POINT_COLOR                              0x2000004c   Data           2  ili93xx.o(.data)
    BACK_COLOR                               0x2000004e   Data           2  ili93xx.o(.data)
    __stdout                                 0x20000054   Data           4  usart.o(.data)
    USART_RX_STA                             0x20000058   Data           2  usart.o(.data)
    CPU_TS_TmrFreq_Hz                        0x20000070   Data           4  cpu_core.o(.data)
    Mem_PoolTbl                              0x20000074   Data           4  lib_mem.o(.data)
    OSPrioTbl                                0x20000078   Data           8  os_prio.o(.data)
    OS_AppTaskCreateHookPtr                  0x20000080   Data           4  os_var.o(.data)
    OS_AppTaskDelHookPtr                     0x20000084   Data           4  os_var.o(.data)
    OS_AppTaskReturnHookPtr                  0x20000088   Data           4  os_var.o(.data)
    OS_AppIdleTaskHookPtr                    0x2000008c   Data           4  os_var.o(.data)
    OS_AppStatTaskHookPtr                    0x20000090   Data           4  os_var.o(.data)
    OS_AppTaskSwHookPtr                      0x20000094   Data           4  os_var.o(.data)
    OS_AppTimeTickHookPtr                    0x20000098   Data           4  os_var.o(.data)
    OSIdleTaskCtr                            0x2000009c   Data           4  os_var.o(.data)
    OSIntNestingCtr                          0x200000a0   Data           1  os_var.o(.data)
    OSRunning                                0x200000a1   Data           1  os_var.o(.data)
    OSIntQInPtr                              0x200000a4   Data           4  os_var.o(.data)
    OSIntQOutPtr                             0x200000a8   Data           4  os_var.o(.data)
    OSIntQNbrEntries                         0x200000ac   Data           2  os_var.o(.data)
    OSIntQNbrEntriesMax                      0x200000ae   Data           2  os_var.o(.data)
    OSIntQOvfCtr                             0x200000b0   Data           2  os_var.o(.data)
    OSIntQTaskTimeMax                        0x200000b4   Data           4  os_var.o(.data)
    OSFlagDbgListPtr                         0x200000b8   Data           4  os_var.o(.data)
    OSFlagQty                                0x200000bc   Data           2  os_var.o(.data)
    OSMemDbgListPtr                          0x200000c0   Data           4  os_var.o(.data)
    OSMemQty                                 0x200000c4   Data           2  os_var.o(.data)
    OSMutexDbgListPtr                        0x200000c8   Data           4  os_var.o(.data)
    OSMutexQty                               0x200000cc   Data           2  os_var.o(.data)
    OSPrioCur                                0x200000ce   Data           1  os_var.o(.data)
    OSPrioHighRdy                            0x200000cf   Data           1  os_var.o(.data)
    OSPrioSaved                              0x200000d0   Data           1  os_var.o(.data)
    OSQDbgListPtr                            0x200000d4   Data           4  os_var.o(.data)
    OSQQty                                   0x200000d8   Data           2  os_var.o(.data)
    OSSchedLockTimeBegin                     0x200000dc   Data           4  os_var.o(.data)
    OSSchedLockTimeMax                       0x200000e0   Data           4  os_var.o(.data)
    OSSchedLockTimeMaxCur                    0x200000e4   Data           4  os_var.o(.data)
    OSSchedLockNestingCtr                    0x200000e8   Data           1  os_var.o(.data)
    OSSchedRoundRobinDfltTimeQuanta          0x200000ec   Data           4  os_var.o(.data)
    OSSchedRoundRobinEn                      0x200000f0   Data           1  os_var.o(.data)
    OSSemDbgListPtr                          0x200000f4   Data           4  os_var.o(.data)
    OSSemQty                                 0x200000f8   Data           2  os_var.o(.data)
    OSStatResetFlag                          0x200000fa   Data           1  os_var.o(.data)
    OSStatTaskCPUUsage                       0x200000fc   Data           2  os_var.o(.data)
    OSStatTaskCPUUsageMax                    0x200000fe   Data           2  os_var.o(.data)
    OSStatTaskCtr                            0x20000100   Data           4  os_var.o(.data)
    OSStatTaskCtrMax                         0x20000104   Data           4  os_var.o(.data)
    OSStatTaskCtrRun                         0x20000108   Data           4  os_var.o(.data)
    OSStatTaskRdy                            0x2000010c   Data           1  os_var.o(.data)
    OSStatTaskTimeMax                        0x20000110   Data           4  os_var.o(.data)
    OSTaskCtxSwCtr                           0x20000114   Data           4  os_var.o(.data)
    OSTaskDbgListPtr                         0x20000118   Data           4  os_var.o(.data)
    OSTaskQty                                0x2000011c   Data           2  os_var.o(.data)
    OSTaskRegNextAvailID                     0x2000011e   Data           1  os_var.o(.data)
    OSTickCtr                                0x20000120   Data           4  os_var.o(.data)
    OSTickTaskTimeMax                        0x20000124   Data           4  os_var.o(.data)
    OSTmrDbgListPtr                          0x20000128   Data           4  os_var.o(.data)
    OSTmrQty                                 0x2000012c   Data           2  os_var.o(.data)
    OSTmrTaskTimeMax                         0x20000130   Data           4  os_var.o(.data)
    OSTmrTickCtr                             0x20000134   Data           4  os_var.o(.data)
    OSTmrUpdateCnt                           0x20000138   Data           4  os_var.o(.data)
    OSTmrUpdateCtr                           0x2000013c   Data           4  os_var.o(.data)
    OSTCBCurPtr                              0x20000140   Data           4  os_var.o(.data)
    OSTCBHighRdyPtr                          0x20000144   Data           4  os_var.o(.data)
    OS_CPU_ExceptStkBase                     0x20000148   Data           4  os_cpu_c.o(.data)
    StartTaskTCB                             0x2000014c   Data         196  main.o(.bss)
    START_TASK_STK                           0x20000210   Data         512  main.o(.bss)
    Task1_TaskTCB                            0x20000410   Data         196  main.o(.bss)
    TASK1_TASK_STK                           0x200004d4   Data         512  main.o(.bss)
    Task2_TaskTCB                            0x200006d4   Data         196  main.o(.bss)
    TASK2_TASK_STK                           0x20000798   Data         512  main.o(.bss)
    lcddev                                   0x20000998   Data          14  ili93xx.o(.bss)
    USART_RX_BUF                             0x200009a6   Data         200  usart.o(.bss)
    CPU_Name                                 0x20000a6e   Data          16  cpu_core.o(.bss)
    Mem_PoolHeap                             0x20000a80   Data          72  lib_mem.o(.bss)
    Mem_Heap                                 0x20000ac8   Data        1024  lib_mem.o(.bss)
    OSCfg_IdleTaskStk                        0x20000ec8   Data         512  os_cfg_app.o(.bss)
    OSCfg_IntQ                               0x200010c8   Data         320  os_cfg_app.o(.bss)
    OSCfg_IntQTaskStk                        0x20001208   Data         512  os_cfg_app.o(.bss)
    OSCfg_ISRStk                             0x20001408   Data         512  os_cfg_app.o(.bss)
    OSCfg_MsgPool                            0x20001608   Data        1600  os_cfg_app.o(.bss)
    OSCfg_StatTaskStk                        0x20001c48   Data         512  os_cfg_app.o(.bss)
    OSCfg_TickTaskStk                        0x20001e48   Data         512  os_cfg_app.o(.bss)
    OSCfg_TickWheel                          0x20002048   Data         136  os_cfg_app.o(.bss)
    OSCfg_TmrTaskStk                         0x200020d0   Data         512  os_cfg_app.o(.bss)
    OSCfg_TmrWheel                           0x200022d0   Data         136  os_cfg_app.o(.bss)
    OSIdleTaskTCB                            0x20002358   Data         196  os_var.o(.bss)
    OSIntQTaskTCB                            0x2000241c   Data         196  os_var.o(.bss)
    OSMsgPool                                0x200024e0   Data          12  os_var.o(.bss)
    OSRdyList                                0x200024ec   Data         768  os_var.o(.bss)
    OSStatTaskTCB                            0x200027ec   Data         196  os_var.o(.bss)
    OSTickTaskTCB                            0x200028b0   Data         196  os_var.o(.bss)
    OSTmrTaskTCB                             0x20002974   Data         196  os_var.o(.bss)
    __libspace_start                         0x20002a38   Data          96  libspace.o(.bss)
    __temporary_stack_top$libspace           0x20002a98   Data           0  libspace.o(.bss)



==============================================================================

Memory Map of the image

  Image Entry point : 0x08000131

  Load Region LR_IROM1 (Base: 0x08000000, Size: 0x00011c64, Max: 0x00080000, ABSOLUTE, COMPRESSED[0x00011b54])

    Execution Region ER_IROM1 (Base: 0x08000000, Size: 0x00011b18, Max: 0x00080000, ABSOLUTE)

    Base Addr    Size         Type   Attr      Idx    E Section Name        Object

    0x08000000   0x00000130   Data   RO          309    RESET               startup_stm32f10x_hd.o
    0x08000130   0x00000008   Code   RO          821  * !!!main             c_w.l(__main.o)
    0x08000138   0x00000034   Code   RO         1017    !!!scatter          c_w.l(__scatter.o)
    0x0800016c   0x0000005a   Code   RO         1015    !!dczerorl2         c_w.l(__dczerorl2.o)
    0x080001c6   0x00000002   PAD
    0x080001c8   0x0000001c   Code   RO         1019    !!handler_zi        c_w.l(__scatter_zi.o)
    0x080001e4   0x00000000   Code   RO          818    .ARM.Collect$$_printf_percent$$00000000  c_w.l(_printf_percent.o)
    0x080001e4   0x00000006   Code   RO          817    .ARM.Collect$$_printf_percent$$00000009  c_w.l(_printf_d.o)
    0x080001ea   0x00000006   Code   RO          816    .ARM.Collect$$_printf_percent$$0000000C  c_w.l(_printf_x.o)
    0x080001f0   0x00000004   Code   RO          846    .ARM.Collect$$_printf_percent$$00000017  c_w.l(_printf_percent_end.o)
    0x080001f4   0x00000002   Code   RO          890    .ARM.Collect$$libinit$$00000000  c_w.l(libinit.o)
    0x080001f6   0x00000000   Code   RO          903    .ARM.Collect$$libinit$$00000002  c_w.l(libinit2.o)
    0x080001f6   0x00000000   Code   RO          905    .ARM.Collect$$libinit$$00000004  c_w.l(libinit2.o)
    0x080001f6   0x00000000   Code   RO          908    .ARM.Collect$$libinit$$0000000A  c_w.l(libinit2.o)
    0x080001f6   0x00000000   Code   RO          910    .ARM.Collect$$libinit$$0000000C  c_w.l(libinit2.o)
    0x080001f6   0x00000000   Code   RO          912    .ARM.Collect$$libinit$$0000000E  c_w.l(libinit2.o)
    0x080001f6   0x00000000   Code   RO          915    .ARM.Collect$$libinit$$00000011  c_w.l(libinit2.o)
    0x080001f6   0x00000000   Code   RO          917    .ARM.Collect$$libinit$$00000013  c_w.l(libinit2.o)
    0x080001f6   0x00000000   Code   RO          919    .ARM.Collect$$libinit$$00000015  c_w.l(libinit2.o)
    0x080001f6   0x00000000   Code   RO          921    .ARM.Collect$$libinit$$00000017  c_w.l(libinit2.o)
    0x080001f6   0x00000000   Code   RO          923    .ARM.Collect$$libinit$$00000019  c_w.l(libinit2.o)
    0x080001f6   0x00000000   Code   RO          925    .ARM.Collect$$libinit$$0000001B  c_w.l(libinit2.o)
    0x080001f6   0x00000000   Code   RO          927    .ARM.Collect$$libinit$$0000001D  c_w.l(libinit2.o)
    0x080001f6   0x00000000   Code   RO          929    .ARM.Collect$$libinit$$0000001F  c_w.l(libinit2.o)
    0x080001f6   0x00000000   Code   RO          931    .ARM.Collect$$libinit$$00000021  c_w.l(libinit2.o)
    0x080001f6   0x00000000   Code   RO          933    .ARM.Collect$$libinit$$00000023  c_w.l(libinit2.o)
    0x080001f6   0x00000000   Code   RO          935    .ARM.Collect$$libinit$$00000025  c_w.l(libinit2.o)
    0x080001f6   0x00000000   Code   RO          939    .ARM.Collect$$libinit$$0000002C  c_w.l(libinit2.o)
    0x080001f6   0x00000000   Code   RO          941    .ARM.Collect$$libinit$$0000002E  c_w.l(libinit2.o)
    0x080001f6   0x00000000   Code   RO          943    .ARM.Collect$$libinit$$00000030  c_w.l(libinit2.o)
    0x080001f6   0x00000000   Code   RO          945    .ARM.Collect$$libinit$$00000032  c_w.l(libinit2.o)
    0x080001f6   0x00000002   Code   RO          946    .ARM.Collect$$libinit$$00000033  c_w.l(libinit2.o)
    0x080001f8   0x00000002   Code   RO          972    .ARM.Collect$$libshutdown$$00000000  c_w.l(libshutdown.o)
    0x080001fa   0x00000000   Code   RO         1000    .ARM.Collect$$libshutdown$$00000003  c_w.l(libshutdown2.o)
    0x080001fa   0x00000000   Code   RO         1003    .ARM.Collect$$libshutdown$$00000006  c_w.l(libshutdown2.o)
    0x080001fa   0x00000000   Code   RO         1006    .ARM.Collect$$libshutdown$$00000009  c_w.l(libshutdown2.o)
    0x080001fa   0x00000000   Code   RO         1008    .ARM.Collect$$libshutdown$$0000000B  c_w.l(libshutdown2.o)
    0x080001fa   0x00000000   Code   RO         1011    .ARM.Collect$$libshutdown$$0000000E  c_w.l(libshutdown2.o)
    0x080001fa   0x00000002   Code   RO         1012    .ARM.Collect$$libshutdown$$0000000F  c_w.l(libshutdown2.o)
    0x080001fc   0x00000000   Code   RO          837    .ARM.Collect$$rtentry$$00000000  c_w.l(__rtentry.o)
    0x080001fc   0x00000000   Code   RO          853    .ARM.Collect$$rtentry$$00000002  c_w.l(__rtentry2.o)
    0x080001fc   0x00000006   Code   RO          865    .ARM.Collect$$rtentry$$00000004  c_w.l(__rtentry4.o)
    0x08000202   0x00000000   Code   RO          855    .ARM.Collect$$rtentry$$00000009  c_w.l(__rtentry2.o)
    0x08000202   0x00000004   Code   RO          856    .ARM.Collect$$rtentry$$0000000A  c_w.l(__rtentry2.o)
    0x08000206   0x00000000   Code   RO          858    .ARM.Collect$$rtentry$$0000000C  c_w.l(__rtentry2.o)
    0x08000206   0x00000008   Code   RO          859    .ARM.Collect$$rtentry$$0000000D  c_w.l(__rtentry2.o)
    0x0800020e   0x00000002   Code   RO          894    .ARM.Collect$$rtexit$$00000000  c_w.l(rtexit.o)
    0x08000210   0x00000000   Code   RO          948    .ARM.Collect$$rtexit$$00000002  c_w.l(rtexit2.o)
    0x08000210   0x00000004   Code   RO          949    .ARM.Collect$$rtexit$$00000003  c_w.l(rtexit2.o)
    0x08000214   0x00000006   Code   RO          950    .ARM.Collect$$rtexit$$00000004  c_w.l(rtexit2.o)
    0x0800021a   0x00000002   PAD
    0x0800021c   0x00000508   Code   RO            1    .text               main.o
    0x08000724   0x00000016   Code   RO          148    .text               stm32f10x_it.o
    0x0800073a   0x00000002   PAD
    0x0800073c   0x000001e0   Code   RO          180    .text               system_stm32f10x.o
    0x0800091c   0x0000004c   Code   RO          198    .text               led.o
    0x08000968   0x00004afe   Code   RO          210    .text               ili93xx.o
    0x08005466   0x00000002   PAD
    0x08005468   0x0000014c   Code   RO          233    .text               delay.o
    0x080055b4   0x00000150   Code   RO          274    .text               usart.o
    0x08005704   0x00000040   Code   RO          310    .text               startup_stm32f10x_hd.o
    0x08005744   0x000000dc   Code   RO          314    .text               misc.o
    0x08005820   0x0000035c   Code   RO          326    .text               stm32f10x_gpio.o
    0x08005b7c   0x00000408   Code   RO          338    .text               stm32f10x_usart.o
    0x08005f84   0x000003a4   Code   RO          350    .text               stm32f10x_rcc.o
    0x08006328   0x00000084   Code   RO          364    .text               bsp.o
    0x080063ac   0x000002a8   Code   RO          379    .text               cpu_core.o
    0x08006654   0x00000034   Code   RO          417    .text               cpu_a.o
    0x08006688   0x00000256   Code   RO          420    .text               lib_ascii.o
    0x080068de   0x00000002   PAD
    0x080068e0   0x000009c6   Code   RO          453    .text               lib_mem.o
    0x080072a6   0x00000002   PAD
    0x080072a8   0x0000092c   Code   RO          472    .text               lib_str.o
    0x08007bd4   0x00000220   Code   RO          489    .text               lib_mem_a.o
    0x08007df4   0x000000fc   Code   RO          492    .text               os_cfg_app.o
    0x08007ef0   0x00000e04   Code   RO          515    .text               os_core.o
    0x08008cf4   0x000001b0   Code   RO          527    .text               os_dbg.o
    0x08008ea4   0x00000e28   Code   RO          542    .text               os_flag.o
    0x08009ccc   0x00000444   Code   RO          554    .text               os_int.o
    0x0800a110   0x00000238   Code   RO          566    .text               os_mem.o
    0x0800a348   0x0000022c   Code   RO          578    .text               os_msg.o
    0x0800a574   0x00000ad4   Code   RO          590    .text               os_mutex.o
    0x0800b048   0x0000007c   Code   RO          608    .text               os_prio.o
    0x0800b0c4   0x000008d8   Code   RO          627    .text               os_q.o
    0x0800b99c   0x00000830   Code   RO          639    .text               os_sem.o
    0x0800c1cc   0x00000638   Code   RO          651    .text               os_stat.o
    0x0800c804   0x00001bb4   Code   RO          663    .text               os_task.o
    0x0800e3b8   0x000004fc   Code   RO          675    .text               os_tick.o
    0x0800e8b4   0x00000564   Code   RO          687    .text               os_time.o
    0x0800ee18   0x00000818   Code   RO          699    .text               os_tmr.o
    0x0800f630   0x0000026c   Code   RO          728    .text               os_cpu_c.o
    0x0800f89c   0x00000002   Code   RO          763    .text               c_w.l(use_no_semi_2.o)
    0x0800f89e   0x000000ee   Code   RO          765    .text               c_w.l(lludivv7m.o)
    0x0800f98c   0x00000018   Code   RO          769    .text               c_w.l(noretval__2printf.o)
    0x0800f9a4   0x00000068   Code   RO          771    .text               c_w.l(__printf.o)
    0x0800fa0c   0x00000078   Code   RO          773    .text               c_w.l(_printf_dec.o)
    0x0800fa84   0x00000058   Code   RO          778    .text               c_w.l(_printf_hex_int.o)
    0x0800fadc   0x00000006   Code   RO          819    .text               c_w.l(heapauxi.o)
    0x0800fae2   0x00000002   Code   RO          835    .text               c_w.l(use_no_semi.o)
    0x0800fae4   0x000000b2   Code   RO          842    .text               c_w.l(_printf_intcommon.o)
    0x0800fb96   0x00000002   PAD
    0x0800fb98   0x00000024   Code   RO          844    .text               c_w.l(_printf_char_file.o)
    0x0800fbbc   0x00000030   Code   RO          869    .text               c_w.l(_printf_char_common.o)
    0x0800fbec   0x00000008   Code   RO          871    .text               c_w.l(ferror.o)
    0x0800fbf4   0x0000004a   Code   RO          875    .text               c_w.l(sys_stackheap_outer.o)
    0x0800fc3e   0x0000000c   Code   RO          879    .text               c_w.l(exit.o)
    0x0800fc4a   0x00000002   PAD
    0x0800fc4c   0x00000008   Code   RO          891    .text               c_w.l(libspace.o)
    0x0800fc54   0x00000098   Code   RO          725    CODE                os_cpu_a.o
    0x0800fcec   0x0000005a   Code   RO          823    x$fpl$dfixu         fz_ws.l(dfixu.o)
    0x0800fd46   0x00000026   Code   RO          827    x$fpl$dfltu         fz_ws.l(dflt_clz.o)
    0x0800fd6c   0x00000154   Code   RO          833    x$fpl$dmul          fz_ws.l(dmul.o)
    0x0800fec0   0x0000009c   Code   RO          847    x$fpl$dnaninf       fz_ws.l(dnaninf.o)
    0x0800ff5c   0x0000000c   Code   RO          849    x$fpl$dretinf       fz_ws.l(dretinf.o)
    0x0800ff68   0x00000000   Code   RO          851    x$fpl$usenofp       fz_ws.l(usenofp.o)
    0x0800ff68   0x000017c0   Data   RO          212    .constdata          ili93xx.o
    0x08011728   0x00000104   Data   RO          381    .constdata          cpu_core.o
    0x0801182c   0x00000094   Data   RO          473    .constdata          lib_str.o
    0x080118c0   0x000000a4   Data   RO          494    .constdata          os_cfg_app.o
    0x08011964   0x0000016c   Data   RO          528    .constdata          os_dbg.o
    0x08011ad0   0x00000028   Data   RO          779    .constdata          c_w.l(_printf_hex_int.o)
    0x08011af8   0x00000020   Data   RO         1013    Region$$Table       anon$$obj.o


    Execution Region RW_IRAM1 (Base: 0x20000000, Size: 0x00003498, Max: 0x00010000, ABSOLUTE, COMPRESSED[0x0000003c])

    Base Addr    Size         Type   Attr      Idx    E Section Name        Object

    0x20000000   0x00000038   Data   RW            3    .data               main.o
    0x20000038   0x00000014   Data   RW          181    .data               system_stm32f10x.o
    0x2000004c   0x00000004   Data   RW          213    .data               ili93xx.o
    0x20000050   0x00000004   Data   RW          234    .data               delay.o
    0x20000054   0x00000006   Data   RW          276    .data               usart.o
    0x2000005a   0x00000014   Data   RW          351    .data               stm32f10x_rcc.o
    0x2000006e   0x00000002   PAD
    0x20000070   0x00000004   Data   RW          382    .data               cpu_core.o
    0x20000074   0x00000004   Data   RW          455    .data               lib_mem.o
    0x20000078   0x00000008   Data   RW          609    .data               os_prio.o
    0x20000080   0x000000c8   Data   RW          712    .data               os_var.o
    0x20000148   0x00000004   Data   RW          729    .data               os_cpu_c.o
    0x2000014c   0x0000084c   Zero   RW            2    .bss                main.o
    0x20000998   0x0000000e   Zero   RW          211    .bss                ili93xx.o
    0x200009a6   0x000000c8   Zero   RW          275    .bss                usart.o
    0x20000a6e   0x00000010   Zero   RW          380    .bss                cpu_core.o
    0x20000a7e   0x00000002   PAD
    0x20000a80   0x00000448   Zero   RW          454    .bss                lib_mem.o
    0x20000ec8   0x00001490   Zero   RW          493    .bss                os_cfg_app.o
    0x20002358   0x000006e0   Zero   RW          711    .bss                os_var.o
    0x20002a38   0x00000060   Zero   RW          892    .bss                c_w.l(libspace.o)
    0x20002a98   0x00000200   Zero   RW          308    HEAP                startup_stm32f10x_hd.o
    0x20002c98   0x00000800   Zero   RW          307    STACK               startup_stm32f10x_hd.o


==============================================================================

Image component sizes


      Code (inc. data)   RO Data    RW Data    ZI Data      Debug   Object Name

       132         12          0          0          0       1127   bsp.o
        52          0          0          0          0        332   cpu_a.o
       680         14        260          4         16      14223   cpu_core.o
       332         28          0          4          0       1761   delay.o
     19198        182       6080          4         14      21430   ili93xx.o
        76          8          0          0          0        483   led.o
       598          0          0          0          0       3684   lib_ascii.o
      2502         32          0          4       1096      21708   lib_mem.o
       544          0          0          0          0        480   lib_mem_a.o
      2348          6        148          0          0      13034   lib_str.o
      1288        180          0         56       2124     273605   main.o
       220         22          0          0          0       1801   misc.o
       252        166        164          0       5264      20866   os_cfg_app.o
      3588        294          0          0          0      12009   os_core.o
       152         32          0          0          0        388   os_cpu_a.o
       620         66          0          4          0       3717   os_cpu_c.o
       432        286        364          0          0       4725   os_dbg.o
      3624        110          0          0          0       7675   os_flag.o
      1092        146          0          0          0       2252   os_int.o
       568         20          0          0          0       2648   os_mem.o
       556         12          0          0          0       2707   os_msg.o
      2772        114          0          0          0       5366   os_mutex.o
       124          4          0          8          0       1720   os_prio.o
      2264         76          0          0          0       6048   os_q.o
      2096         70          0          0          0       6064   os_sem.o
      1592        180          0          0          0       2749   os_stat.o
      7092        270          0          0          0      13426   os_task.o
      1276         90          0          0          0       3209   os_tick.o
      1380         46          0          0          0       3145   os_time.o
      2072        140          0          0          0       6246   os_tmr.o
         0          0          0        200       1760      19341   os_var.o
        64         26        304          0       2560        788   startup_stm32f10x_hd.o
       860         38          0          0          0       5653   stm32f10x_gpio.o
        22          0          0          0          0        987   stm32f10x_it.o
       932         36          0         20          0       8820   stm32f10x_rcc.o
      1032         22          0          0          0       8372   stm32f10x_usart.o
         0          0          0          0          0         32   sys.o
       480         38          0         20          0       1703   system_stm32f10x.o
       336         18          0          6        200       2854   usart.o

    ----------------------------------------------------------------------
     63256       2784       7352        332      13036     507178   Object Totals
         0          0         32          0          0          0   (incl. Generated)
         8          0          0          2          2          0   (incl. Padding)

    ----------------------------------------------------------------------

      Code (inc. data)   RO Data    RW Data    ZI Data      Debug   Library Member Name

        90          0          0          0          0          0   __dczerorl2.o
         8          0          0          0          0         68   __main.o
       104          0          0          0          0         84   __printf.o
         0          0          0          0          0          0   __rtentry.o
        12          0          0          0          0          0   __rtentry2.o
         6          0          0          0          0          0   __rtentry4.o
        52          8          0          0          0          0   __scatter.o
        28          0          0          0          0          0   __scatter_zi.o
        48          6          0          0          0         96   _printf_char_common.o
        36          4          0          0          0         80   _printf_char_file.o
         6          0          0          0          0          0   _printf_d.o
       120         16          0          0          0         92   _printf_dec.o
        88          4         40          0          0         88   _printf_hex_int.o
       178          0          0          0          0         88   _printf_intcommon.o
         0          0          0          0          0          0   _printf_percent.o
         4          0          0          0          0          0   _printf_percent_end.o
         6          0          0          0          0          0   _printf_x.o
        12          0          0          0          0         72   exit.o
         8          0          0          0          0         68   ferror.o
         6          0          0          0          0        152   heapauxi.o
         2          0          0          0          0          0   libinit.o
         2          0          0          0          0          0   libinit2.o
         2          0          0          0          0          0   libshutdown.o
         2          0          0          0          0          0   libshutdown2.o
         8          4          0          0         96         68   libspace.o
       238          0          0          0          0        100   lludivv7m.o
        24          4          0          0          0         84   noretval__2printf.o
         2          0          0          0          0          0   rtexit.o
        10          0          0          0          0          0   rtexit2.o
        74          0          0          0          0         80   sys_stackheap_outer.o
         2          0          0          0          0         68   use_no_semi.o
         2          0          0          0          0         68   use_no_semi_2.o
        90          4          0          0          0         92   dfixu.o
        38          0          0          0          0         68   dflt_clz.o
       340         12          0          0          0        104   dmul.o
       156          4          0          0          0         92   dnaninf.o
        12          0          0          0          0         68   dretinf.o
         0          0          0          0          0          0   usenofp.o

    ----------------------------------------------------------------------
      1824         66         40          0         96       1780   Library Totals
         8          0          0          0          0          0   (incl. Padding)

    ----------------------------------------------------------------------

      Code (inc. data)   RO Data    RW Data    ZI Data      Debug   Library Name

      1180         46         40          0         96       1356   c_w.l
       636         20          0          0          0        424   fz_ws.l

    ----------------------------------------------------------------------
      1824         66         40          0         96       1780   Library Totals

    ----------------------------------------------------------------------

==============================================================================


      Code (inc. data)   RO Data    RW Data    ZI Data      Debug   

     65080       2850       7392        332      13132     504794   Grand Totals
     65080       2850       7392         60      13132     504794   ELF Image Totals (compressed)
     65080       2850       7392         60          0          0   ROM Totals

==============================================================================

    Total RO  Size (Code + RO Data)                72472 (  70.77kB)
    Total RW  Size (RW Data + ZI Data)             13464 (  13.15kB)
    Total ROM Size (Code + RO Data + RW Data)      72532 (  70.83kB)

==============================================================================

