<html>
<body>
<pre>
<h1>礦ision Build Log</h1>
<h2>Tool Versions:</h2>
IDE-Version: μVision V5.14.0.0
Copyright (C) 2015 ARM Ltd and ARM Germany GmbH. All rights reserved.
License Information: x w, xw, LIC=Q7GX7-EIRGT-68RFC-7IUTX-FC8LC-P8JJX
 
Tool Versions:
Toolchain:       MDK-ARM Professional  Version: 5.14.0.0
Toolchain Path:  D:\kiel-v5\ARM\ARMCC\Bin
C Compiler:      Armcc.exe V5.05 update 1 (build 106)
Assembler:       Armasm.exe V5.05 update 1 (build 106)
Linker/Locator:  ArmLink.exe V5.05 update 1 (build 106)
Library Manager: ArmAr.exe V5.05 update 1 (build 106)
Hex Converter:   FromElf.exe V5.05 update 1 (build 106)
CPU DLL:         SARMCM3.DLL V5.14.0.0
Dialog DLL:      DCM.DLL V1.13.1.0
Target DLL:      Segger\JL2CM3.dll V2.99.13.0
Dialog DLL:      TCM.DLL V1.14.4.0
 
<h2>Project:</h2>
D:\kiel-v5\work\stm32f103zet6\项目\USER\template.uvprojx
Project File Date:  08/08/2017

<h2>Output:</h2>
Build target 'TEMPLATE'
compiling main.c...
..\hardware\uart\uart.h(5): warning:  #1295-D: Deprecated declaration myuart_init - give arg types
  void myuart_init();
..\hardware\uart\uart.h(7): warning:  #1-D: last line of file ends without a newline
  #endif
..\hardware\key\key.h(12): warning:  #1295-D: Deprecated declaration key_init - give arg types
  void key_init();
..\hardware\key\key.h(14): warning:  #1-D: last line of file ends without a newline
  #endif
main.c: 4 warnings, 0 errors
linking...
Program Size: Code=2580 RO-data=336 RW-data=44 ZI-data=1636  
FromELF: creating hex file...
"..\OBJ\template.axf" - 0 Error(s), 4 Warning(s).

<h2>Collection of Component include folders:</h2>
  D:\kiel-v5\work\stm32f103zet6\项目\USER\RTE
  D:\kiel-v5\ARM\PACK\Keil\STM32F1xx_DFP\1.0.5\Device\Include

<h2>Collection of Component Files used:</h2>
</pre>
</body>
</html>
